 MonitorSchedule

 Timestamp is 463dda78 (Sun May 06 21:39:04 2007)

 Preferred load address is 00400000

 Start         Length     Name                   Class
 0001:00000000 00021568H .text                   CODE
 0001:00021570 00002b52H .text$x                 CODE
 0001:000240d0 0000022bH .text$yc                CODE
 0001:00024300 0000011aH .text$yd                CODE
 0002:00000000 000003ccH .idata$5                DATA
 0002:000003d0 00003478H .rdata                  DATA
 0002:00003848 0000005fH .rdata$debug            DATA
 0002:000038a8 00000044H .rdata$r                DATA
 0002:000038f0 000002ccH .rdata$sxdata           DATA
 0002:00003bbc 00000004H .rtc$IAA                DATA
 0002:00003bc0 00000004H .rtc$IZZ                DATA
 0002:00003bc4 00000004H .rtc$TAA                DATA
 0002:00003bc8 00000004H .rtc$TZZ                DATA
 0002:00003bcc 0000335cH .xdata$x                DATA
 0002:00006f28 000000a0H .idata$2                DATA
 0002:00006fc8 00000014H .idata$3                DATA
 0002:00006fdc 000003ccH .idata$4                DATA
 0002:000073a8 00002974H .idata$6                DATA
 0002:00009d1c 00000000H .edata                  DATA
 0003:00000000 00000004H .CRT$XCA                DATA
 0003:00000004 00000004H .CRT$XCAA               DATA
 0003:00000008 00000048H .CRT$XCU                DATA
 0003:00000050 00000004H .CRT$XCZ                DATA
 0003:00000054 00000004H .CRT$XIA                DATA
 0003:00000058 00000004H .CRT$XIZ                DATA
 0003:00000060 00000214H .data                   DATA
 0003:00000278 0000026cH .bss                    DATA

  Address         Publics by Value              Rva+Base     Lib:Object

 0000:00000000       __except_list              00000000     <absolute>
 0000:000000b3       ___safe_se_handler_count   000000b3     <absolute>
 0000:00009876       __ldused                   00009876     <absolute>
 0000:00009876       __fltused                  00009876     <absolute>
 0001:00000000       ??0Des@@QAE@XZ             00401000 f   Des.obj
 0001:00000010       ??1Des@@UAE@XZ             00401010 f   Des.obj
 0001:00000020       ?bitsel@Des@@AAEIPAIPBHH@Z 00401020 f   Des.obj
 0001:00000080       ?des_decipher@Des@@AAEXPAIIIPAUDESContext@@@Z 00401080 f   Des.obj
 0001:00000a00       ??_GDes@@UAEPAXI@Z         00401a00 f i Des.obj
 0001:00000a00       ??_EDes@@UAEPAXI@Z         00401a00 f i Des.obj
 0001:00000a20       ?des_key_setup@Des@@AAEXIIPAUDESContext@@@Z 00401a20 f   Des.obj
 0001:00000ba0       ?des_cbc_decrypt@Des@@AAEXPAEPBEIPAUDESContext@@@Z 00401ba0 f   Des.obj
 0001:00000cd0       ?Decrypt@Des@@QAE_NPBDPAD@Z 00401cd0 f   Des.obj
 0001:00000ef0       ??0Entity@@QAE@XZ          00401ef0 f   Entity.obj
 0001:00000f30       ??1Entity@@QAE@XZ          00401f30 f   Entity.obj
 0001:00000f50       ?InitActiveMonitorsArray@Entity@@QAEHH@Z 00401f50 f   Entity.obj
 0001:00000fa0       ?SetMonitorTypeCount@Entity@@QAEXH@Z 00401fa0 f   Entity.obj
 0001:00000fb0       ?AdjustActiveMonitorRef@Entity@@QAEXHH@Z 00401fb0 f   Entity.obj
 0001:00001010       ??1sentry@?$basic_istream@DU?$char_traits@D@std@@@std@@QAE@XZ 00402010 f i Entity.obj
 0001:00001010       ??1_Sentry_base@?$basic_istream@DU?$char_traits@D@std@@@std@@QAE@XZ 00402010 f i Entity.obj
 0001:00001010       ??1_Sentry_base@?$basic_ostream@DU?$char_traits@D@std@@@std@@QAE@XZ 00402010 f i Entity.obj
 0001:00001030       ??$use_facet@V?$ctype@D@std@@@std@@YAABV?$ctype@D@0@ABVlocale@0@@Z 00402030 f i Entity.obj
 0001:00001130       ??$?HDU?$char_traits@D@std@@V?$allocator@D@1@@std@@YA?AV?$basic_string@DU?$char_traits@D@std@@V?$allocator@D@2@@0@ABV10@0@Z 00402130 f i Entity.obj
 0001:000011b0       ??$?HDU?$char_traits@D@std@@V?$allocator@D@1@@std@@YA?AV?$basic_string@DU?$char_traits@D@std@@V?$allocator@D@2@@0@ABV10@PBD@Z 004021b0 f i Entity.obj
 0001:00001230       ??0sentry@?$basic_istream@DU?$char_traits@D@std@@@std@@QAE@AAV12@_N@Z 00402230 f i Entity.obj
 0001:000012a0       ??0sentry@?$basic_ostream@DU?$char_traits@D@std@@@std@@QAE@AAV12@@Z 004022a0 f i Entity.obj
 0001:00001330       ??1sentry@?$basic_ostream@DU?$char_traits@D@std@@@std@@QAE@XZ 00402330 f i Entity.obj
 0001:000013a0       ??$?5DU?$char_traits@D@std@@V?$allocator@D@1@@std@@YAAAV?$basic_istream@DU?$char_traits@D@std@@@0@AAV10@AAV?$basic_string@DU?$char_traits@D@std@@V?$allocator@D@2@@0@@Z 004023a0 f i Entity.obj
 0001:00001550       ??$?6DU?$char_traits@D@std@@V?$allocator@D@1@@std@@YAAAV?$basic_ostream@DU?$char_traits@D@std@@@0@AAV10@ABV?$basic_string@DU?$char_traits@D@std@@V?$allocator@D@2@@0@@Z 00402550 f i Entity.obj
 0001:00001750       ??1logic_error@std@@UAE@XZ 00402750 f i Groups.obj
 0001:000017b0       ?what@logic_error@std@@UBEPBDXZ 004027b0 f i Groups.obj
 0001:000017c0       ??_Glogic_error@std@@UAEPAXI@Z 004027c0 f i Groups.obj
 0001:000017c0       ??_Elogic_error@std@@UAEPAXI@Z 004027c0 f i Groups.obj
 0001:000017e0       ??_Elength_error@std@@UAEPAXI@Z 004027e0 f i Groups.obj
 0001:000017e0       ??_Glength_error@std@@UAEPAXI@Z 004027e0 f i Groups.obj
 0001:00001800       ??1length_error@std@@UAE@XZ 00402800 f i Groups.obj
 0001:00001810       ??0MSException@@QAE@PBD0@Z 00402810 f i Groups.obj
 0001:000018d0       ??_GMSException@@UAEPAXI@Z 004028d0 f i Groups.obj
 0001:000018d0       ??_EMSException@@UAEPAXI@Z 004028d0 f i Groups.obj
 0001:000018f0       ??0exception@svutil@@QAE@PBD0@Z 004028f0 f i Groups.obj
 0001:000019b0       ?GetErrorType@MSException@@UBEPBDXZ 004029b0 f i Groups.obj
 0001:000019b0       ?GetErrorType@exception@svutil@@UBEPBDXZ 004029b0 f i Groups.obj
 0001:000019c0       ?GetDescription@exception@svutil@@UBEPBDXZ 004029c0 f i Groups.obj
 0001:000019c0       ?GetDescription@MSException@@UBEPBDXZ 004029c0 f i Groups.obj
 0001:000019d0       ??_Eexception@svutil@@UAEPAXI@Z 004029d0 f i Groups.obj
 0001:000019d0       ??_Gexception@svutil@@UAEPAXI@Z 004029d0 f i Groups.obj
 0001:000019f0       ??1?$hashelement@Vword@svutil@@PAVTask@@@svutil@@QAE@XZ 004029f0 f i MonitorSchedule.obj
 0001:000019f0       ??1word@svutil@@UAE@XZ     004029f0 f i Groups.obj
 0001:00001a10       ??_Eword@svutil@@UAEPAXI@Z 00402a10 f i Groups.obj
 0001:00001a10       ??_Gword@svutil@@UAEPAXI@Z 00402a10 f i Groups.obj
 0001:00001a40       ?SetEntityID@Entity@@QAEXPBD@Z 00402a40 f i Groups.obj
 0001:00001ab0       ??1MSException@@UAE@XZ     00402ab0 f i Groups.obj
 0001:00001ac0       ?SetSystemType@Entity@@QAEXPBD@Z 00402ac0 f i Groups.obj
 0001:00001b30       ?SetDepend@Entity@@QAEXPBD@Z 00402b30 f i Groups.obj
 0001:00001ba0       ?SetIPAdress@Entity@@QAEXPBD@Z 00402ba0 f i Groups.obj
 0001:00001c10       ??0MSException@@QAE@ABV0@@Z 00402c10 f i Groups.obj
 0001:00001c60       ?SetGroupID@GroupsItem@@QAEXPBD@Z 00402c60 f i Groups.obj
 0001:00001cd0       ?SetParentID@GroupsItem@@QAEXPBD@Z 00402cd0 f i Groups.obj
 0001:00001d40       ?SetDepedSon@GroupsItem@@QAEXPBD@Z 00402d40 f i Groups.obj
 0001:00001db0       ??0?$hashelement@Vword@svutil@@V12@@svutil@@QAE@ABVword@1@@Z 00402db0 f i Groups.obj
 0001:00001e30       ??0?$hashelement@Vword@svutil@@V12@@svutil@@QAE@ABVword@1@0@Z 00402e30 f i Groups.obj
 0001:00001ec0       ??1?$hashelement@Vword@svutil@@V12@@svutil@@QAE@XZ 00402ec0 f i Groups.obj
 0001:00001f00       ??1?$treenode@V?$hashelement@Vword@svutil@@V12@@svutil@@@svutil@@UAE@XZ 00402f00 f i Groups.obj
 0001:00001f40       ??_E?$treenode@V?$hashelement@Vword@svutil@@V12@@svutil@@@svutil@@UAEPAXI@Z 00402f40 f i Groups.obj
 0001:00001f40       ??_G?$treenode@V?$hashelement@Vword@svutil@@V12@@svutil@@@svutil@@UAEPAXI@Z 00402f40 f i Groups.obj
 0001:00001f60       ?_Xlen@?$vector@PAV?$hashnode@Vword@svutil@@V12@@svutil@@V?$allocator@PAV?$hashnode@Vword@svutil@@V12@@svutil@@@std@@@std@@IBEXXZ 00402f60 f i Groups.obj
 0001:00001fe0       ??0logic_error@std@@QAE@ABV01@@Z 00402fe0 f i Groups.obj
 0001:00002040       ??M?$treenode@V?$hashelement@Vword@svutil@@V12@@svutil@@@svutil@@QAE_NV01@@Z 00403040 f i Groups.obj
 0001:000020c0       ??O?$treenode@V?$hashelement@Vword@svutil@@V12@@svutil@@@svutil@@QAE_NV01@@Z 004030c0 f i Groups.obj
 0001:00002140       ??0?$treenode@V?$hashelement@Vword@svutil@@V12@@svutil@@@svutil@@QAE@ABV?$hashelement@Vword@svutil@@V12@@1@@Z 00403140 f i Groups.obj
 0001:000021e0       ?DeleteTree@?$sorttree@V?$hashelement@Vword@svutil@@V12@@svutil@@@svutil@@QAEXPAV?$treenode@V?$hashelement@Vword@svutil@@V12@@svutil@@@2@@Z 004031e0 f i Groups.obj
 0001:00002230       ??0length_error@std@@QAE@ABV01@@Z 00403230 f i Groups.obj
 0001:00002250       ?findnode@?$sorttree@V?$hashelement@Vword@svutil@@V12@@svutil@@@svutil@@QAEPAV?$treenode@V?$hashelement@Vword@svutil@@V12@@svutil@@@2@ABV?$hashelement@Vword@svutil@@V12@@2@PAV32@@Z 00403250 f i Groups.obj
 0001:000022c0       ??0?$treenode@V?$hashelement@Vword@svutil@@V12@@svutil@@@svutil@@QAE@ABV01@@Z 004032c0 f i Groups.obj
 0001:00002360       ??$CreateNode@V?$hashelement@Vword@svutil@@V12@@svutil@@@?$sorttree@V?$hashelement@Vword@svutil@@V12@@svutil@@@svutil@@SAPAV?$treenode@V?$hashelement@Vword@svutil@@V12@@svutil@@@1@ABV?$hashelement@Vword@svutil@@V12@@1@@Z 00403360 f i Groups.obj
 0001:000023c0       ?clear@?$list@PAVMonitor@@V?$allocator@PAVMonitor@@@std@@@std@@QAEXXZ 004033c0 f i MonitorSchedule.obj
 0001:000023c0       ?clear@?$list@PAVGroupsItem@@V?$allocator@PAVGroupsItem@@@std@@@std@@QAEXXZ 004033c0 f i Groups.obj
 0001:000023c0       ?clear@?$list@PAUtmsg@@V?$allocator@PAUtmsg@@@std@@@std@@QAEXXZ 004033c0 f i MSGQueue.obj
 0001:000023c0       ?clear@?$list@PAVReturnData@@V?$allocator@PAVReturnData@@@std@@@std@@QAEXXZ 004033c0 f i Monitor.obj
 0001:000023c0       ?clear@?$list@PAVSubsequentItem@@V?$allocator@PAVSubsequentItem@@@std@@@std@@QAEXXZ 004033c0 f i Subsequent.obj
 0001:000023c0       ?clear@?$list@PAVReturnValue@@V?$allocator@PAVReturnValue@@@std@@@std@@QAEXXZ 004033c0 f i MonitorThread.obj
 0001:000023c0       ?clear@?$list@PAVThreadEx@@V?$allocator@PAVThreadEx@@@std@@@std@@QAEXXZ 004033c0 f i ScheduleThread.obj
 0001:000023c0       ?clear@?$list@PAVStateConditionItem@@V?$allocator@PAVStateConditionItem@@@std@@@std@@QAEXXZ 004033c0 f i StateCondition.obj
 0001:000023c0       ?clear@?$list@PAVEntity@@V?$allocator@PAVEntity@@@std@@@std@@QAEXXZ 004033c0 f i Groups.obj
 0001:00002400       ??_G?$sorttree@V?$hashelement@Vword@svutil@@V12@@svutil@@@svutil@@UAEPAXI@Z 00403400 f i Groups.obj
 0001:00002400       ??_E?$sorttree@V?$hashelement@Vword@svutil@@V12@@svutil@@@svutil@@UAEPAXI@Z 00403400 f i Groups.obj
 0001:00002460       ?_Incsize@?$list@PAVGroupsItem@@V?$allocator@PAVGroupsItem@@@std@@@std@@IAEXI@Z 00403460 f i Groups.obj
 0001:00002460       ?_Incsize@?$list@PAVEntity@@V?$allocator@PAVEntity@@@std@@@std@@IAEXI@Z 00403460 f i Groups.obj
 0001:00002500       ?find@?$hashnode@Vword@svutil@@V12@@svutil@@QAE_NABVword@2@PAPAV?$hashelement@Vword@svutil@@V12@@2@@Z 00403500 f i Groups.obj
 0001:00002600       ?InsertNode@?$sorttree@V?$hashelement@Vword@svutil@@V12@@svutil@@@svutil@@QAEXPAV?$treenode@V?$hashelement@Vword@svutil@@V12@@svutil@@@2@0@Z 00403600 f i Groups.obj
 0001:00002690       ??$_Ucopy@PAPAV?$hashnode@Vword@svutil@@V12@@svutil@@@?$vector@PAV?$hashnode@Vword@svutil@@V12@@svutil@@V?$allocator@PAV?$hashnode@Vword@svutil@@V12@@svutil@@@std@@@std@@IAEPAPAV?$hashnode@Vword@svutil@@V12@@svutil@@PAPAV23@00@Z 00403690 f i Groups.obj
 0001:00002690       ??$_Ucopy@PAPAV?$hashnode@Vword@svutil@@PAVTask@@@svutil@@@?$vector@PAV?$hashnode@Vword@svutil@@PAVTask@@@svutil@@V?$allocator@PAV?$hashnode@Vword@svutil@@PAVTask@@@svutil@@@std@@@std@@IAEPAPAV?$hashnode@Vword@svutil@@PAVTask@@@svutil@@PAPAV23@00@Z 00403690 f i MonitorSchedule.obj
 0001:000026c0       ?GetEntityByID@Groups@@QAEPAVEntity@@PBD@Z 004036c0 f   Groups.obj
 0001:00002720       ?GetSingleGroupByID@Groups@@QAEPAVGroupsItem@@PBD@Z 00403720 f   Groups.obj
 0001:00002780       ?InitAllEntityActiveMonitorArray@Groups@@QAEHH@Z 00403780 f   Groups.obj
 0001:000027c0       ?find@?$hashnode@Vword@svutil@@V12@@svutil@@QAE_NABVword@2@PAPAV32@@Z 004037c0 f i Groups.obj
 0001:00002820       ?InsertNodeEx@?$sorttree@V?$hashelement@Vword@svutil@@V12@@svutil@@@svutil@@QAEAAV?$hashelement@Vword@svutil@@V12@@2@ABV32@@Z 00403820 f i Groups.obj
 0001:000028b0       ??1exception@svutil@@UAE@XZ 004038b0 f i Groups.obj
 0001:000028c0       ??0exception@svutil@@QAE@ABV01@@Z 004038c0 f i Groups.obj
 0001:00002910       ??1Groups@@UAE@XZ          00403910 f   Groups.obj
 0001:00002a80       ?push_back@?$list@PAVEntity@@V?$allocator@PAVEntity@@@std@@@std@@QAEXABQAVEntity@@@Z 00403a80 f i Groups.obj
 0001:00002a80       ?push_back@?$list@PAVGroupsItem@@V?$allocator@PAVGroupsItem@@@std@@@std@@QAEXABQAVGroupsItem@@@Z 00403a80 f i Groups.obj
 0001:00002ac0       ?find@?$hashtable@Vword@svutil@@V12@@svutil@@QAEPAVword@2@ABV32@@Z 00403ac0 f i Groups.obj
 0001:00002b30       ?insert@?$hashnode@Vword@svutil@@V12@@svutil@@QAEAAV?$hashelement@Vword@svutil@@V12@@2@ABVword@2@0@Z 00403b30 f i Groups.obj
 0001:00002c30       ?_Insert_n@?$vector@PAV?$hashnode@Vword@svutil@@V12@@svutil@@V?$allocator@PAV?$hashnode@Vword@svutil@@V12@@svutil@@@std@@@std@@IAEXViterator@12@IABQAV?$hashnode@Vword@svutil@@V12@@svutil@@@Z 00403c30 f i Groups.obj
 0001:00002e20       ??0Groups@@QAE@XZ          00403e20 f   Groups.obj
 0001:00002ea0       ??_GGroups@@UAEPAXI@Z      00403ea0 f i Groups.obj
 0001:00002ea0       ??_EGroups@@UAEPAXI@Z      00403ea0 f i Groups.obj
 0001:00002ec0       ?FromTextMap@Groups@@QAE_NAAV?$hashtable@Vword@svutil@@V12@@svutil@@@Z 00403ec0 f   Groups.obj
 0001:00003700       ?resize@?$vector@PAV?$hashnode@Vword@svutil@@V12@@svutil@@V?$allocator@PAV?$hashnode@Vword@svutil@@V12@@svutil@@@std@@@std@@QAEXIPAV?$hashnode@Vword@svutil@@V12@@svutil@@@Z 00404700 f i Groups.obj
 0001:00003790       ?insert@?$hashtable@Vword@svutil@@V12@@svutil@@QAEAAVword@2@ABV32@0@Z 00404790 f i Groups.obj
 0001:00003880       ??A?$hashtable@Vword@svutil@@V12@@svutil@@QAEAAVword@1@ABV21@@Z 00404880 f i Groups.obj
 0001:00003910       ?ToTextMap@Groups@@QAE_NAAV?$hashtable@Vword@svutil@@V12@@svutil@@@Z 00404910 f   Groups.obj
 0001:00003ff0       ??0GroupsItem@@QAE@XZ      00404ff0 f   GroupsItem.obj
 0001:00004010       ??_GGroupsItem@@UAEPAXI@Z  00405010 f i GroupsItem.obj
 0001:00004010       ??_EGroupsItem@@UAEPAXI@Z  00405010 f i GroupsItem.obj
 0001:00004030       ??0TString@@QAE@PBD@Z      00405030 f i LoadConfig.obj
 0001:00004050       ??4TString@@QAEABV0@PBD@Z  00405050 f i LoadConfig.obj
 0001:00004070       ??_GTString@@UAEPAXI@Z     00405070 f i LoadConfig.obj
 0001:00004070       ??_ETString@@UAEPAXI@Z     00405070 f i LoadConfig.obj
 0001:00004090       ?SetProcess@Monitor@@QAEXPBD@Z 00405090 f i LoadConfig.obj
 0001:000040b0       ?SetEntityType@Monitor@@QAEXPBD@Z 004050b0 f i LoadConfig.obj
 0001:000040d0       ?GetParentID@Monitor@@QBE?AV?$basic_string@DU?$char_traits@D@std@@V?$allocator@D@2@@std@@XZ 004050d0 f i LoadConfig.obj
 0001:00004110       ?SetTaskName@Monitor@@QAEXV?$basic_string@DU?$char_traits@D@std@@V?$allocator@D@2@@std@@@Z 00405110 f i LoadConfig.obj
 0001:00004160       ??0LoadConfig@@QAE@XZ      00405160 f   LoadConfig.obj
 0001:00004180       ?LoadAll@LoadConfig@@QAEHXZ 00405180 f   LoadConfig.obj
 0001:00004410       ?GetMonitorPro@LoadConfig@@AAEHPAVMonitor@@V?$basic_string@DU?$char_traits@D@std@@V?$allocator@D@2@@std@@@Z 00405410 f   LoadConfig.obj
 0001:00004a70       ?LoadCommonEntity@LoadConfig@@AAEHV?$basic_string@DU?$char_traits@D@std@@V?$allocator@D@2@@std@@AAV?$list@V?$basic_string@DU?$char_traits@D@std@@V?$allocator@D@2@@std@@V?$allocator@V?$basic_string@DU?$char_traits@D@std@@V?$allocator@D@2@@std@@@2@@3@@Z 00405a70 f   LoadConfig.obj
 0001:00004bd0       ?GetReturnList@LoadConfig@@AAEHPAVMonitor@@H@Z 00405bd0 f   LoadConfig.obj
 0001:00004d50       ?LoadSingleEntity@LoadConfig@@AAEXPAVEntity@@V?$basic_string@DU?$char_traits@D@std@@V?$allocator@D@2@@std@@@Z 00405d50 f   LoadConfig.obj
 0001:00005140       ?ClearBuffer@LoadConfig@@QAE_NXZ 00406140 f   LoadConfig.obj
 0001:00005190       ?CreateSingleEntity@LoadConfig@@QAEHPAVEntity@@V?$basic_string@DU?$char_traits@D@std@@V?$allocator@D@2@@std@@@Z 00406190 f   LoadConfig.obj
 0001:00005270       ?CreateSingleGroup@LoadConfig@@QAEHPAVGroupsItem@@V?$basic_string@DU?$char_traits@D@std@@V?$allocator@D@2@@std@@@Z 00406270 f   LoadConfig.obj
 0001:00005510       ?LoadTaskPlan@LoadConfig@@QAE_NAAV?$hashtable@Vword@svutil@@PAVTask@@@svutil@@@Z 00406510 f   LoadConfig.obj
 0001:00005520       ??1_Node@?$_List_nod@V?$basic_string@DU?$char_traits@D@std@@V?$allocator@D@2@@std@@V?$allocator@V?$basic_string@DU?$char_traits@D@std@@V?$allocator@D@2@@std@@@2@@std@@QAE@XZ 00406520 f i LoadConfig.obj
 0001:00005530       ??1LoadConfig@@UAE@XZ      00406530 f   LoadConfig.obj
 0001:000055f0       ?GetStateCondition@LoadConfig@@AAEHPAVMonitor@@V?$basic_string@DU?$char_traits@D@std@@V?$allocator@D@2@@std@@@Z 004065f0 f   LoadConfig.obj
 0001:00005b60       ?CreateSubsequent@LoadConfig@@QAEHPAVSubsequent@@@Z 00406b60 f   LoadConfig.obj
 0001:00005bb0       ??_GLoadConfig@@UAEPAXI@Z  00406bb0 f i LoadConfig.obj
 0001:00005bb0       ??_ELoadConfig@@UAEPAXI@Z  00406bb0 f i LoadConfig.obj
 0001:00005bd0       ?_Buynode@?$list@V?$basic_string@DU?$char_traits@D@std@@V?$allocator@D@2@@std@@V?$allocator@V?$basic_string@DU?$char_traits@D@std@@V?$allocator@D@2@@std@@@2@@std@@IAEPAU_Node@?$_List_nod@V?$basic_string@DU?$char_traits@D@std@@V?$allocator@D@2@@std@@V?$allocator@V?$basic_string@DU?$char_traits@D@std@@V?$allocator@D@2@@std@@@2@@2@XZ 00406bd0 f i LoadConfig.obj
 0001:00005bf0       ?_Buynode@?$list@V?$basic_string@DU?$char_traits@D@std@@V?$allocator@D@2@@std@@V?$allocator@V?$basic_string@DU?$char_traits@D@std@@V?$allocator@D@2@@std@@@2@@std@@IAEPAU_Node@?$_List_nod@V?$basic_string@DU?$char_traits@D@std@@V?$allocator@D@2@@std@@V?$allocator@V?$basic_string@DU?$char_traits@D@std@@V?$allocator@D@2@@std@@@2@@2@PAU342@0ABV?$basic_string@DU?$char_traits@D@std@@V?$allocator@D@2@@2@@Z 00406bf0 f i LoadConfig.obj
 0001:00005c80       ?_Incsize@?$list@V?$basic_string@DU?$char_traits@D@std@@V?$allocator@D@2@@std@@V?$allocator@V?$basic_string@DU?$char_traits@D@std@@V?$allocator@D@2@@std@@@2@@std@@IAEXI@Z 00406c80 f i LoadConfig.obj
 0001:00005d20       ?_Buynode@?$list@PAVThreadEx@@V?$allocator@PAVThreadEx@@@std@@@std@@IAEPAU_Node@?$_List_nod@PAVThreadEx@@V?$allocator@PAVThreadEx@@@std@@@2@PAU342@0ABQAVThreadEx@@@Z 00406d20 f i ThreadContrl.obj
 0001:00005d20       ?_Buynode@?$list@PAVMonitor@@V?$allocator@PAVMonitor@@@std@@@std@@IAEPAU_Node@?$_List_nod@PAVMonitor@@V?$allocator@PAVMonitor@@@std@@@2@PAU342@0ABQAVMonitor@@@Z 00406d20 f i LoadConfig.obj
 0001:00005d20       ?_Buynode@?$list@PAVReturnValue@@V?$allocator@PAVReturnValue@@@std@@@std@@IAEPAU_Node@?$_List_nod@PAVReturnValue@@V?$allocator@PAVReturnValue@@@std@@@2@PAU342@0ABQAVReturnValue@@@Z 00406d20 f i MonitorThread.obj
 0001:00005d20       ?_Buynode@?$list@PAVReturnData@@V?$allocator@PAVReturnData@@@std@@@std@@IAEPAU_Node@?$_List_nod@PAVReturnData@@V?$allocator@PAVReturnData@@@std@@@2@PAU342@0ABQAVReturnData@@@Z 00406d20 f i Monitor.obj
 0001:00005d20       ?_Buynode@?$list@PAVGroupsItem@@V?$allocator@PAVGroupsItem@@@std@@@std@@IAEPAU_Node@?$_List_nod@PAVGroupsItem@@V?$allocator@PAVGroupsItem@@@std@@@2@PAU342@0ABQAVGroupsItem@@@Z 00406d20 f i Groups.obj
 0001:00005d20       ?_Buynode@?$list@PAVSubsequentItem@@V?$allocator@PAVSubsequentItem@@@std@@@std@@IAEPAU_Node@?$_List_nod@PAVSubsequentItem@@V?$allocator@PAVSubsequentItem@@@std@@@2@PAU342@0ABQAVSubsequentItem@@@Z 00406d20 f i readSVDB.obj
 0001:00005d20       ?_Buynode@?$list@PAVEntity@@V?$allocator@PAVEntity@@@std@@@std@@IAEPAU_Node@?$_List_nod@PAVEntity@@V?$allocator@PAVEntity@@@std@@@2@PAU342@0ABQAVEntity@@@Z 00406d20 f i Groups.obj
 0001:00005d20       ?_Buynode@?$list@PAVStateConditionItem@@V?$allocator@PAVStateConditionItem@@@std@@@std@@IAEPAU_Node@?$_List_nod@PAVStateConditionItem@@V?$allocator@PAVStateConditionItem@@@std@@@2@PAU342@0ABQAVStateConditionItem@@@Z 00406d20 f i Monitor.obj
 0001:00005d50       ?_Incsize@?$list@PAVMonitor@@V?$allocator@PAVMonitor@@@std@@@std@@IAEXI@Z 00406d50 f i LoadConfig.obj
 0001:00005df0       ??0?$list@V?$basic_string@DU?$char_traits@D@std@@V?$allocator@D@2@@std@@V?$allocator@V?$basic_string@DU?$char_traits@D@std@@V?$allocator@D@2@@std@@@2@@std@@QAE@XZ 00406df0 f i LoadConfig.obj
 0001:00005e10       ?push_back@?$list@V?$basic_string@DU?$char_traits@D@std@@V?$allocator@D@2@@std@@V?$allocator@V?$basic_string@DU?$char_traits@D@std@@V?$allocator@D@2@@std@@@2@@std@@QAEXABV?$basic_string@DU?$char_traits@D@std@@V?$allocator@D@2@@2@@Z 00406e10 f i LoadConfig.obj
 0001:00005e50       ?clear@?$list@V?$basic_string@DU?$char_traits@D@std@@V?$allocator@D@2@@std@@V?$allocator@V?$basic_string@DU?$char_traits@D@std@@V?$allocator@D@2@@std@@@2@@std@@QAEXXZ 00406e50 f i LoadConfig.obj
 0001:00005e90       ?GetParamList@LoadConfig@@AAEHPAVMonitor@@V?$basic_string@DU?$char_traits@D@std@@V?$allocator@D@2@@std@@1@Z 00406e90 f   LoadConfig.obj
 0001:00006a30       ?CreateSingleMonitor@LoadConfig@@QAEHPAVMonitor@@V?$basic_string@DU?$char_traits@D@std@@V?$allocator@D@2@@std@@@Z 00407a30 f   LoadConfig.obj
 0001:00006b70       ??1?$list@V?$basic_string@DU?$char_traits@D@std@@V?$allocator@D@2@@std@@V?$allocator@V?$basic_string@DU?$char_traits@D@std@@V?$allocator@D@2@@std@@@2@@std@@QAE@XZ 00407b70 f i LoadConfig.obj
 0001:00006b90       ?CreateMonitors@LoadConfig@@QAEHAAV?$list@PAVMonitor@@V?$allocator@PAVMonitor@@@std@@@std@@@Z 00407b90 f   LoadConfig.obj
 0001:00006e50       ?LoadEntitys@LoadConfig@@AAEXAAV?$list@PAVEntity@@V?$allocator@PAVEntity@@@std@@@std@@@Z 00407e50 f   LoadConfig.obj
 0001:000070a0       ?LoadGroups@LoadConfig@@AAEXAAV?$list@PAVGroupsItem@@V?$allocator@PAVGroupsItem@@@std@@@std@@@Z 004080a0 f   LoadConfig.obj
 0001:000074e0       ?CreateGroups@LoadConfig@@QAEHPAVGroups@@@Z 004084e0 f   LoadConfig.obj
 0001:00007540       ?GetCurrentTimeEx@TTime@svutil@@SA?AV12@XZ 00408540 f i MakeRecord.obj
 0001:00007570       ??3@YAXPAX0@Z              00408570 f   Groups.obj
 0001:00007570       ??1MakeRecord@@QAE@XZ      00408570 f   MakeRecord.obj
 0001:00007570       ?ReleaseAll@LoadConfig@@QAEXXZ 00408570 f   LoadConfig.obj
 0001:00007580       ?buildbuffer@MakeRecord@@AAEPADMPADH@Z 00408580 f   MakeRecord.obj
 0001:000075b0       ?buildbuffer@MakeRecord@@AAEPADV?$basic_string@DU?$char_traits@D@std@@V?$allocator@D@2@@std@@PADH@Z 004085b0 f   MakeRecord.obj
 0001:00007650       ??0MakeRecord@@QAE@PADHH@Z 00408650 f   MakeRecord.obj
 0001:00007690       ?MakeBuf@MakeRecord@@QAE_NPAVReturnValue@@@Z 00408690 f   MakeRecord.obj
 0001:000077e0       ?MakeError@MakeRecord@@QAE_NHV?$basic_string@DU?$char_traits@D@std@@V?$allocator@D@2@@std@@@Z 004087e0 f   MakeRecord.obj
 0001:000078a0       ??0TTime@svutil@@QAE@HHHHHHH@Z 004088a0 f i Monitor.obj
 0001:00007970       ??GTTime@svutil@@QBE?AVTTimeSpan@1@V01@@Z 00408970 f i Monitor.obj
 0001:00007990       ?CalculateNextRunTime@Monitor@@QAEXVTTime@svutil@@@Z 00408990 f   Monitor.obj
 0001:000079b0       ?CalculateNextRunTime@Monitor@@QAEXXZ 004089b0 f   Monitor.obj
 0001:00007a70       ?CalculateErrorFrequency@Monitor@@QAEX_N@Z 00408a70 f   Monitor.obj
 0001:00007ac0       ?_Incsize@?$list@PAVReturnData@@V?$allocator@PAVReturnData@@@std@@@std@@IAEXI@Z 00408ac0 f i Monitor.obj
 0001:00007ac0       ?_Incsize@?$list@PAVStateConditionItem@@V?$allocator@PAVStateConditionItem@@@std@@@std@@IAEXI@Z 00408ac0 f i Monitor.obj
 0001:00007b60       ?push_back@?$list@PAVReturnData@@V?$allocator@PAVReturnData@@@std@@@std@@QAEXABQAVReturnData@@@Z 00408b60 f i Monitor.obj
 0001:00007b60       ?push_back@?$list@PAVStateConditionItem@@V?$allocator@PAVStateConditionItem@@@std@@@std@@QAEXABQAVStateConditionItem@@@Z 00408b60 f i Monitor.obj
 0001:00007ba0       ?FromTextMap@Monitor@@QAEHAAV?$hashtable@Vword@svutil@@V12@@svutil@@@Z 00408ba0 f   Monitor.obj
 0001:00009510       ??0Monitor@@QAE@XZ         0040a510 f   Monitor.obj
 0001:00009670       ??1Monitor@@UAE@XZ         0040a670 f   Monitor.obj
 0001:00009840       ??_EMonitor@@UAEPAXI@Z     0040a840 f i Monitor.obj
 0001:00009840       ??_GMonitor@@UAEPAXI@Z     0040a840 f i Monitor.obj
 0001:00009860       ?ToTextMap@Monitor@@QAEHAAV?$hashtable@Vword@svutil@@V12@@svutil@@@Z 0040a860 f   Monitor.obj
 0001:0000ad20       ??0TString@@QAE@ABV0@@Z    0040bd20 f i MonitorSchedule.obj
 0001:0000ad80       ?Replace@TString@@QAEHPBD0@Z 0040bd80 f i MonitorSchedule.obj
 0001:0000ae20       ?GetMonitorClass@Monitor@@QAE?AVTString@@XZ 0040be20 f i MonitorSchedule.obj
 0001:0000ae50       ?GetSEID@Monitor@@QBE?AV?$basic_string@DU?$char_traits@D@std@@V?$allocator@D@2@@std@@XZ 0040be50 f i MonitorSchedule.obj
 0001:0000ae90       ?Run@@YAXXZ                0040be90 f   MonitorSchedule.obj
 0001:0000b000       ?CheckReturnLen@@YAHPBD@Z  0040c000 f   MonitorSchedule.obj
 0001:0000b030       ?Run_ProcessMonitor@@YAXV?$basic_string@DU?$char_traits@D@std@@V?$allocator@D@2@@std@@@Z 0040c030 f   MonitorSchedule.obj
 0001:0000b4d0       ?_Xlen@?$vector@PAV?$hashnode@Vword@svutil@@PAVTask@@@svutil@@V?$allocator@PAV?$hashnode@Vword@svutil@@PAVTask@@@svutil@@@std@@@std@@IBEXXZ 0040c4d0 f i MonitorSchedule.obj
 0001:0000b550       ?CountNodes@?$sorttree@V?$hashelement@Vword@svutil@@PAVTask@@@svutil@@@svutil@@AAEXPAV?$treenode@V?$hashelement@Vword@svutil@@PAVTask@@@svutil@@@2@AAK@Z 0040c550 f i MonitorSchedule.obj
 0001:0000b580       ??$fill@PAPAV?$hashnode@Vword@svutil@@PAVTask@@@svutil@@PAV12@@std@@YAXPAPAV?$hashnode@Vword@svutil@@PAVTask@@@svutil@@0ABQAV12@@Z 0040c580 f i MonitorSchedule.obj
 0001:0000b580       ??$fill@PAPAV?$hashnode@Vword@svutil@@V12@@svutil@@PAV12@@std@@YAXPAPAV?$hashnode@Vword@svutil@@V12@@svutil@@0ABQAV12@@Z 0040c580 f i Groups.obj
 0001:0000b5a0       ?DeleteTree@?$sorttree@V?$hashelement@Vword@svutil@@PAVTask@@@svutil@@@svutil@@QAEXPAV?$treenode@V?$hashelement@Vword@svutil@@PAVTask@@@svutil@@@2@@Z 0040c5a0 f i MonitorSchedule.obj
 0001:0000b5f0       ?findnextnode@?$sorttree@V?$hashelement@Vword@svutil@@PAVTask@@@svutil@@@svutil@@ABEPAV?$treenode@V?$hashelement@Vword@svutil@@PAVTask@@@svutil@@@2@AAV?$hashelement@Vword@svutil@@PAVTask@@@2@AA_NPAV32@@Z 0040c5f0 f i MonitorSchedule.obj
 0001:0000b660       ??$copy_backward@PAPAV?$hashnode@Vword@svutil@@V12@@svutil@@PAPAV12@@std@@YAPAPAV?$hashnode@Vword@svutil@@V12@@svutil@@PAPAV12@00@Z 0040c660 f i Groups.obj
 0001:0000b660       ??$copy_backward@PAPAV?$hashnode@Vword@svutil@@PAVTask@@@svutil@@PAPAV12@@std@@YAPAPAV?$hashnode@Vword@svutil@@PAVTask@@@svutil@@PAPAV12@00@Z 0040c660 f i MonitorSchedule.obj
 0001:0000b690       ??_E?$sorttree@V?$hashelement@Vword@svutil@@PAVTask@@@svutil@@@svutil@@UAEPAXI@Z 0040c690 f i MonitorSchedule.obj
 0001:0000b690       ??_G?$sorttree@V?$hashelement@Vword@svutil@@PAVTask@@@svutil@@@svutil@@UAEPAXI@Z 0040c690 f i MonitorSchedule.obj
 0001:0000b6f0       ??1?$hashnode@Vword@svutil@@PAVTask@@@svutil@@QAE@XZ 0040c6f0 f i MonitorSchedule.obj
 0001:0000b780       ?_Ufill@?$vector@PAV?$hashnode@Vword@svutil@@PAVTask@@@svutil@@V?$allocator@PAV?$hashnode@Vword@svutil@@PAVTask@@@svutil@@@std@@@std@@IAEPAPAV?$hashnode@Vword@svutil@@PAVTask@@@svutil@@PAPAV34@IABQAV34@@Z 0040c780 f i MonitorSchedule.obj
 0001:0000b780       ?_Ufill@?$vector@PAV?$hashnode@Vword@svutil@@V12@@svutil@@V?$allocator@PAV?$hashnode@Vword@svutil@@V12@@svutil@@@std@@@std@@IAEPAPAV?$hashnode@Vword@svutil@@V12@@svutil@@PAPAV34@IABQAV34@@Z 0040c780 f i Groups.obj
 0001:0000b7b0       ??0?$list@PAVMonitor@@V?$allocator@PAVMonitor@@@std@@@std@@QAE@XZ 0040c7b0 f i MonitorSchedule.obj
 0001:0000b7d0       ?push_back@?$list@PAVMonitor@@V?$allocator@PAVMonitor@@@std@@@std@@QAEXABQAVMonitor@@@Z 0040c7d0 f i MonitorSchedule.obj
 0001:0000b810       ?clearnodes@?$hashtable@Vword@svutil@@PAVTask@@@svutil@@IAEXXZ 0040c810 f i MonitorSchedule.obj
 0001:0000b880       ?findnext@?$hashnode@Vword@svutil@@PAVTask@@@svutil@@QAE_NAAV?$hashelement@Vword@svutil@@PAVTask@@@2@PAPAV32@@Z 0040c880 f i MonitorSchedule.obj
 0001:0000b930       ?_Insert_n@?$vector@PAV?$hashnode@Vword@svutil@@PAVTask@@@svutil@@V?$allocator@PAV?$hashnode@Vword@svutil@@PAVTask@@@svutil@@@std@@@std@@IAEXViterator@12@IABQAV?$hashnode@Vword@svutil@@PAVTask@@@svutil@@@Z 0040c930 f i MonitorSchedule.obj
 0001:0000bb20       ?GetMonitorListByFile@@YAHAAV?$list@PAVMonitor@@V?$allocator@PAVMonitor@@@std@@@std@@PBD@Z 0040cb20 f   MonitorSchedule.obj
 0001:0000be10       ?MakeMonitorListByBuf@@YA_NAAV?$list@PAVMonitor@@V?$allocator@PAVMonitor@@@std@@@std@@PBD@Z 0040ce10 f   MonitorSchedule.obj
 0001:0000bfd0       ?GetMonitorListByPipe@@YA_NAAV?$list@PAVMonitor@@V?$allocator@PAVMonitor@@@std@@@std@@V?$basic_string@DU?$char_traits@D@std@@V?$allocator@D@2@@2@11@Z 0040cfd0 f   MonitorSchedule.obj
 0001:0000c210       _main                      0040d210 f   MonitorSchedule.obj
 0001:0000c940       ??1?$hashtable@Vword@svutil@@PAVTask@@@svutil@@QAE@XZ 0040d940 f i MonitorSchedule.obj
 0001:0000c9a0       ?findnext@?$hashtable@Vword@svutil@@PAVTask@@@svutil@@QAE_NAAViterator@12@@Z 0040d9a0 f i MonitorSchedule.obj
 0001:0000ca40       ?resize@?$vector@PAV?$hashnode@Vword@svutil@@PAVTask@@@svutil@@V?$allocator@PAV?$hashnode@Vword@svutil@@PAVTask@@@svutil@@@std@@@std@@QAEXIPAV?$hashnode@Vword@svutil@@PAVTask@@@svutil@@@Z 0040da40 f i MonitorSchedule.obj
 0001:0000cad0       ??0?$hashtable@Vword@svutil@@PAVTask@@@svutil@@QAE@XZ 0040dad0 f i MonitorSchedule.obj
 0001:0000cb20       ??_Gout_of_range@std@@UAEPAXI@Z 0040db20 f i MonitorSchMain.obj
 0001:0000cb20       ??_Eout_of_range@std@@UAEPAXI@Z 0040db20 f i MonitorSchMain.obj
 0001:0000cb40       ??1out_of_range@std@@UAE@XZ 0040db40 f i MonitorSchMain.obj
 0001:0000cb50       ??1sv_dyn@@QAE@XZ          0040db50 f i MonitorSchMain.obj
 0001:0000cb60       ?GetLastState@Monitor@@QAEHXZ 0040db60 f i MonitorSchMain.obj
 0001:0000cc30       ?GetNextRunTime@Monitor@@QAE?AVTTime@svutil@@XZ 0040dc30 f i MonitorSchMain.obj
 0001:0000cc40       ?GetTaskName@Monitor@@QAE?AV?$basic_string@DU?$char_traits@D@std@@V?$allocator@D@2@@std@@XZ 0040dc40 f i MonitorSchMain.obj
 0001:0000cc70       ?GetParentID@Entity@@QBE?AV?$basic_string@DU?$char_traits@D@std@@V?$allocator@D@2@@std@@XZ 0040dc70 f i MonitorSchMain.obj
 0001:0000ccb0       ?CopyTempData@Entity@@QAE_NPBV1@@Z 0040dcb0 f i MonitorSchMain.obj
 0001:0000cd90       ??_GCommunicationThread@@UAEPAXI@Z 0040dd90 f i MonitorSchMain.obj
 0001:0000cd90       ??_ECommunicationThread@@UAEPAXI@Z 0040dd90 f i MonitorSchMain.obj
 0001:0000cdb0       ??_EScheduleThread@@UAEPAXI@Z 0040ddb0 f i MonitorSchMain.obj
 0001:0000cdb0       ??_GScheduleThread@@UAEPAXI@Z 0040ddb0 f i MonitorSchMain.obj
 0001:0000cdd0       ??0SerialData@@QAE@V?$basic_string@DU?$char_traits@D@std@@V?$allocator@D@2@@std@@@Z 0040ddd0 f i MonitorSchMain.obj
 0001:0000ce40       ?Run@MonitorSchMain@@QAEXXZ 0040de40 f   MonitorSchMain.obj
 0001:0000ce50       ?GetMonitorList@MonitorSchMain@@QAEAAV?$list@PAVMonitor@@V?$allocator@PAVMonitor@@@std@@@std@@XZ 0040de50 f   MonitorSchMain.obj
 0001:0000ce60       ?ParseOpt@MonitorSchMain@@KA_NV?$basic_string@DU?$char_traits@D@std@@V?$allocator@D@2@@std@@AAV23@1@Z 0040de60 f   MonitorSchMain.obj
 0001:0000cf70       ?LoadPreLibrary@MonitorSchMain@@QAE_NXZ 0040df70 f   MonitorSchMain.obj
 0001:0000d110       ??0?$hashelement@Vword@svutil@@PAVTask@@@svutil@@QAE@ABVword@1@@Z 0040e110 f i MonitorSchMain.obj
 0001:0000d170       ?_Max@?$_Tree@V?$_Tmap_traits@V?$basic_string@DU?$char_traits@D@std@@V?$allocator@D@2@@std@@V?$map@V?$basic_string@DU?$char_traits@D@std@@V?$allocator@D@2@@std@@V12@UStlIniCompareStringNoCase@@V?$allocator@U?$pair@$$CBV?$basic_string@DU?$char_traits@D@std@@V?$allocator@D@2@@std@@V12@@std@@@2@@2@UStlIniCompareStringNoCase@@V?$allocator@U?$pair@$$CBV?$basic_string@DU?$char_traits@D@std@@V?$allocator@D@2@@std@@V?$map@V?$basic_string@DU?$char_traits@D@std@@V?$allocator@D@2@@std@@V12@UStlIniCompareStringNoCase@@V?$allocator@U?$pair@$$CBV?$basic_string@DU?$char_traits@D@std@@V?$allocator@D@2@@std@@V12@@std@@@2@@2@@std@@@2@$0A@@std@@@std@@KAPAU_Node@?$_Tree_nod@V?$_Tmap_traits@V?$basic_string@DU?$char_traits@D@std@@V?$allocator@D@2@@std@@V?$map@V?$basic_string@DU?$char_traits@D@std@@V?$allocator@D@2@@std@@V12@UStlIniCompareStringNoCase@@V?$allocator@U?$pair@$$CBV?$basic_string@DU?$char_traits@D@std@@V?$allocator@D@2@@std@@V12@@std@@@2@@2@UStlIniCompareStringNoCase@@V?$allocator@U?$pair@$$CBV?$basic_string@DU?$char_traits@D@std@@V?$allocator@D@2@@std@@V?$map@V?$basic_string@DU?$char_traits@D@std@@V?$allocator@D@2@@std@@V12@UStlIniCompareStringNoCase@@V?$allocator@U?$pair@$$CBV?$basic_string@DU?$char_traits@D@std@@V?$allocator@D@2@@std@@V12@@std@@@2@@2@@std@@@2@$0A@@std@@@2@PAU342@@Z 0040e170 f i MonitorSchMain.obj
 0001:0000d190       ?_Min@?$_Tree@V?$_Tmap_traits@V?$basic_string@DU?$char_traits@D@std@@V?$allocator@D@2@@std@@V?$map@V?$basic_string@DU?$char_traits@D@std@@V?$allocator@D@2@@std@@V12@UStlIniCompareStringNoCase@@V?$allocator@U?$pair@$$CBV?$basic_string@DU?$char_traits@D@std@@V?$allocator@D@2@@std@@V12@@std@@@2@@2@UStlIniCompareStringNoCase@@V?$allocator@U?$pair@$$CBV?$basic_string@DU?$char_traits@D@std@@V?$allocator@D@2@@std@@V?$map@V?$basic_string@DU?$char_traits@D@std@@V?$allocator@D@2@@std@@V12@UStlIniCompareStringNoCase@@V?$allocator@U?$pair@$$CBV?$basic_string@DU?$char_traits@D@std@@V?$allocator@D@2@@std@@V12@@std@@@2@@2@@std@@@2@$0A@@std@@@std@@KAPAU_Node@?$_Tree_nod@V?$_Tmap_traits@V?$basic_string@DU?$char_traits@D@std@@V?$allocator@D@2@@std@@V?$map@V?$basic_string@DU?$char_traits@D@std@@V?$allocator@D@2@@std@@V12@UStlIniCompareStringNoCase@@V?$allocator@U?$pair@$$CBV?$basic_string@DU?$char_traits@D@std@@V?$allocator@D@2@@std@@V12@@std@@@2@@2@UStlIniCompareStringNoCase@@V?$allocator@U?$pair@$$CBV?$basic_string@DU?$char_traits@D@std@@V?$allocator@D@2@@std@@V?$map@V?$basic_string@DU?$char_traits@D@std@@V?$allocator@D@2@@std@@V12@UStlIniCompareStringNoCase@@V?$allocator@U?$pair@$$CBV?$basic_string@DU?$char_traits@D@std@@V?$allocator@D@2@@std@@V12@@std@@@2@@2@@std@@@2@$0A@@std@@@2@PAU342@@Z 0040e190 f i MonitorSchMain.obj
 0001:0000d1b0       ?_Rrotate@?$_Tree@V?$_Tmap_traits@V?$basic_string@DU?$char_traits@D@std@@V?$allocator@D@2@@std@@V?$map@V?$basic_string@DU?$char_traits@D@std@@V?$allocator@D@2@@std@@V12@UStlIniCompareStringNoCase@@V?$allocator@U?$pair@$$CBV?$basic_string@DU?$char_traits@D@std@@V?$allocator@D@2@@std@@V12@@std@@@2@@2@UStlIniCompareStringNoCase@@V?$allocator@U?$pair@$$CBV?$basic_string@DU?$char_traits@D@std@@V?$allocator@D@2@@std@@V?$map@V?$basic_string@DU?$char_traits@D@std@@V?$allocator@D@2@@std@@V12@UStlIniCompareStringNoCase@@V?$allocator@U?$pair@$$CBV?$basic_string@DU?$char_traits@D@std@@V?$allocator@D@2@@std@@V12@@std@@@2@@2@@std@@@2@$0A@@std@@@std@@IAEXPAU_Node@?$_Tree_nod@V?$_Tmap_traits@V?$basic_string@DU?$char_traits@D@std@@V?$allocator@D@2@@std@@V?$map@V?$basic_string@DU?$char_traits@D@std@@V?$allocator@D@2@@std@@V12@UStlIniCompareStringNoCase@@V?$allocator@U?$pair@$$CBV?$basic_string@DU?$char_traits@D@std@@V?$allocator@D@2@@std@@V12@@std@@@2@@2@UStlIniCompareStringNoCase@@V?$allocator@U?$pair@$$CBV?$basic_string@DU?$char_traits@D@std@@V?$allocator@D@2@@std@@V?$map@V?$basic_string@DU?$char_traits@D@std@@V?$allocator@D@2@@std@@V12@UStlIniCompareStringNoCase@@V?$allocator@U?$pair@$$CBV?$basic_string@DU?$char_traits@D@std@@V?$allocator@D@2@@std@@V12@@std@@@2@@2@@std@@@2@$0A@@std@@@2@@Z 0040e1b0 f i MonitorSchMain.obj
 0001:0000d210       ?_Inc@const_iterator@?$_Tree@V?$_Tmap_traits@V?$basic_string@DU?$char_traits@D@std@@V?$allocator@D@2@@std@@V?$map@V?$basic_string@DU?$char_traits@D@std@@V?$allocator@D@2@@std@@V12@UStlIniCompareStringNoCase@@V?$allocator@U?$pair@$$CBV?$basic_string@DU?$char_traits@D@std@@V?$allocator@D@2@@std@@V12@@std@@@2@@2@UStlIniCompareStringNoCase@@V?$allocator@U?$pair@$$CBV?$basic_string@DU?$char_traits@D@std@@V?$allocator@D@2@@std@@V?$map@V?$basic_string@DU?$char_traits@D@std@@V?$allocator@D@2@@std@@V12@UStlIniCompareStringNoCase@@V?$allocator@U?$pair@$$CBV?$basic_string@DU?$char_traits@D@std@@V?$allocator@D@2@@std@@V12@@std@@@2@@2@@std@@@2@$0A@@std@@@std@@QAEXXZ 0040e210 f i MonitorSchMain.obj
 0001:0000d270       ?_Max@?$_Tree@V?$_Tmap_traits@V?$basic_string@DU?$char_traits@D@std@@V?$allocator@D@2@@std@@V12@UStlIniCompareStringNoCase@@V?$allocator@U?$pair@$$CBV?$basic_string@DU?$char_traits@D@std@@V?$allocator@D@2@@std@@V12@@std@@@2@$0A@@std@@@std@@KAPAU_Node@?$_Tree_nod@V?$_Tmap_traits@V?$basic_string@DU?$char_traits@D@std@@V?$allocator@D@2@@std@@V12@UStlIniCompareStringNoCase@@V?$allocator@U?$pair@$$CBV?$basic_string@DU?$char_traits@D@std@@V?$allocator@D@2@@std@@V12@@std@@@2@$0A@@std@@@2@PAU342@@Z 0040e270 f i MonitorSchMain.obj
 0001:0000d290       ?_Min@?$_Tree@V?$_Tmap_traits@V?$basic_string@DU?$char_traits@D@std@@V?$allocator@D@2@@std@@V12@UStlIniCompareStringNoCase@@V?$allocator@U?$pair@$$CBV?$basic_string@DU?$char_traits@D@std@@V?$allocator@D@2@@std@@V12@@std@@@2@$0A@@std@@@std@@KAPAU_Node@?$_Tree_nod@V?$_Tmap_traits@V?$basic_string@DU?$char_traits@D@std@@V?$allocator@D@2@@std@@V12@UStlIniCompareStringNoCase@@V?$allocator@U?$pair@$$CBV?$basic_string@DU?$char_traits@D@std@@V?$allocator@D@2@@std@@V12@@std@@@2@$0A@@std@@@2@PAU342@@Z 0040e290 f i MonitorSchMain.obj
 0001:0000d2b0       ?_Rrotate@?$_Tree@V?$_Tmap_traits@V?$basic_string@DU?$char_traits@D@std@@V?$allocator@D@2@@std@@V12@UStlIniCompareStringNoCase@@V?$allocator@U?$pair@$$CBV?$basic_string@DU?$char_traits@D@std@@V?$allocator@D@2@@std@@V12@@std@@@2@$0A@@std@@@std@@IAEXPAU_Node@?$_Tree_nod@V?$_Tmap_traits@V?$basic_string@DU?$char_traits@D@std@@V?$allocator@D@2@@std@@V12@UStlIniCompareStringNoCase@@V?$allocator@U?$pair@$$CBV?$basic_string@DU?$char_traits@D@std@@V?$allocator@D@2@@std@@V12@@std@@@2@$0A@@std@@@2@@Z 0040e2b0 f i MonitorSchMain.obj
 0001:0000d310       ?_Inc@const_iterator@?$_Tree@V?$_Tmap_traits@V?$basic_string@DU?$char_traits@D@std@@V?$allocator@D@2@@std@@V12@UStlIniCompareStringNoCase@@V?$allocator@U?$pair@$$CBV?$basic_string@DU?$char_traits@D@std@@V?$allocator@D@2@@std@@V12@@std@@@2@$0A@@std@@@std@@QAEXXZ 0040e310 f i MonitorSchMain.obj
 0001:0000d370       ??1?$pair@$$CBV?$basic_string@DU?$char_traits@D@std@@V?$allocator@D@2@@std@@V12@@std@@QAE@XZ 0040e370 f i MonitorSchMain.obj
 0001:0000d3c0       ?SerialMonitorData@MonitorSchMain@@QAE_N_N@Z 0040e3c0 f   MonitorSchMain.obj
 0001:0000d4e0       ?findnode@?$sorttree@V?$hashelement@Vword@svutil@@PAVTask@@@svutil@@@svutil@@QAEPAV?$treenode@V?$hashelement@Vword@svutil@@PAVTask@@@svutil@@@2@ABV?$hashelement@Vword@svutil@@PAVTask@@@2@PAV32@@Z 0040e4e0 f i MonitorSchMain.obj
 0001:0000d550       ?_Lrotate@?$_Tree@V?$_Tmap_traits@V?$basic_string@DU?$char_traits@D@std@@V?$allocator@D@2@@std@@V?$map@V?$basic_string@DU?$char_traits@D@std@@V?$allocator@D@2@@std@@V12@UStlIniCompareStringNoCase@@V?$allocator@U?$pair@$$CBV?$basic_string@DU?$char_traits@D@std@@V?$allocator@D@2@@std@@V12@@std@@@2@@2@UStlIniCompareStringNoCase@@V?$allocator@U?$pair@$$CBV?$basic_string@DU?$char_traits@D@std@@V?$allocator@D@2@@std@@V?$map@V?$basic_string@DU?$char_traits@D@std@@V?$allocator@D@2@@std@@V12@UStlIniCompareStringNoCase@@V?$allocator@U?$pair@$$CBV?$basic_string@DU?$char_traits@D@std@@V?$allocator@D@2@@std@@V12@@std@@@2@@2@@std@@@2@$0A@@std@@@std@@IAEXPAU_Node@?$_Tree_nod@V?$_Tmap_traits@V?$basic_string@DU?$char_traits@D@std@@V?$allocator@D@2@@std@@V?$map@V?$basic_string@DU?$char_traits@D@std@@V?$allocator@D@2@@std@@V12@UStlIniCompareStringNoCase@@V?$allocator@U?$pair@$$CBV?$basic_string@DU?$char_traits@D@std@@V?$allocator@D@2@@std@@V12@@std@@@2@@2@UStlIniCompareStringNoCase@@V?$allocator@U?$pair@$$CBV?$basic_string@DU?$char_traits@D@std@@V?$allocator@D@2@@std@@V?$map@V?$basic_string@DU?$char_traits@D@std@@V?$allocator@D@2@@std@@V12@UStlIniCompareStringNoCase@@V?$allocator@U?$pair@$$CBV?$basic_string@DU?$char_traits@D@std@@V?$allocator@D@2@@std@@V12@@std@@@2@@2@@std@@@2@$0A@@std@@@2@@Z 0040e550 f i MonitorSchMain.obj
 0001:0000d5b0       ?_Lrotate@?$_Tree@V?$_Tmap_traits@V?$basic_string@DU?$char_traits@D@std@@V?$allocator@D@2@@std@@V12@UStlIniCompareStringNoCase@@V?$allocator@U?$pair@$$CBV?$basic_string@DU?$char_traits@D@std@@V?$allocator@D@2@@std@@V12@@std@@@2@$0A@@std@@@std@@IAEXPAU_Node@?$_Tree_nod@V?$_Tmap_traits@V?$basic_string@DU?$char_traits@D@std@@V?$allocator@D@2@@std@@V12@UStlIniCompareStringNoCase@@V?$allocator@U?$pair@$$CBV?$basic_string@DU?$char_traits@D@std@@V?$allocator@D@2@@std@@V12@@std@@@2@$0A@@std@@@2@@Z 0040e5b0 f i MonitorSchMain.obj
 0001:0000d610       ??1_Node@?$_Tree_nod@V?$_Tmap_traits@V?$basic_string@DU?$char_traits@D@std@@V?$allocator@D@2@@std@@V12@UStlIniCompareStringNoCase@@V?$allocator@U?$pair@$$CBV?$basic_string@DU?$char_traits@D@std@@V?$allocator@D@2@@std@@V12@@std@@@2@$0A@@std@@@std@@QAE@XZ 0040e610 f i MonitorSchMain.obj
 0001:0000d620       ?Init@MonitorSchMain@@QAEHXZ 0040e620 f   MonitorSchMain.obj
 0001:0000da90       ?find@?$hashnode@Vword@svutil@@PAVTask@@@svutil@@QAE_NABVword@2@PAPAV?$hashelement@Vword@svutil@@PAVTask@@@2@@Z 0040ea90 f i MonitorSchMain.obj
 0001:0000db60       ?GetMonitorByID@MonitorSchMain@@QAEPAVMonitor@@PBD@Z 0040eb60 f   MonitorSchMain.obj
 0001:0000dbe0       ?InitGroupDependByMonitorChangeV70@MonitorSchMain@@IAE_NPAVMonitor@@0_N@Z 0040ebe0 f   MonitorSchMain.obj
 0001:0000dc50       ?EntityChangeV70@MonitorSchMain@@IAE_NPAVEntity@@0_N@Z 0040ec50 f   MonitorSchMain.obj
 0001:0000dca0       ?erase@?$list@PAVGroupsItem@@V?$allocator@PAVGroupsItem@@@std@@@std@@QAE?AViterator@12@V312@@Z 0040eca0 f i MonitorSchMain.obj
 0001:0000dca0       ?erase@?$list@PAVEntity@@V?$allocator@PAVEntity@@@std@@@std@@QAE?AViterator@12@V312@@Z 0040eca0 f i MonitorSchMain.obj
 0001:0000dce0       ?find@?$hashnode@Vword@svutil@@PAVTask@@@svutil@@QAE_NABVword@2@PAPAPAVTask@@@Z 0040ece0 f i MonitorSchMain.obj
 0001:0000dd40       ?CheckGroupDependState@MonitorSchMain@@QAEHPAVMonitor@@AAVTString@@@Z 0040ed40 f   MonitorSchMain.obj
 0001:0000e0a0       ?DeleteMonitorV70@MonitorSchMain@@IAE_NV?$basic_string@DU?$char_traits@D@std@@V?$allocator@D@2@@std@@@Z 0040f0a0 f   MonitorSchMain.obj
 0001:0000e1a0       ?find@?$hashtable@Vword@svutil@@PAVTask@@@svutil@@QAEPAPAVTask@@ABVword@2@@Z 0040f1a0 f i MonitorSchMain.obj
 0001:0000e210       ?CheckTask@MonitorSchMain@@QAE_NPAVMonitor@@VTTime@svutil@@AA_N@Z 0040f210 f   MonitorSchMain.obj
 0001:0000e5b0       ?AddMonitorV70@MonitorSchMain@@IAE_NV?$basic_string@DU?$char_traits@D@std@@V?$allocator@D@2@@std@@_N@Z 0040f5b0 f   MonitorSchMain.obj
 0001:0000e910       ?erase@?$_Tree@V?$_Tmap_traits@V?$basic_string@DU?$char_traits@D@std@@V?$allocator@D@2@@std@@V12@UStlIniCompareStringNoCase@@V?$allocator@U?$pair@$$CBV?$basic_string@DU?$char_traits@D@std@@V?$allocator@D@2@@std@@V12@@std@@@2@$0A@@std@@@std@@QAE?AViterator@12@V312@@Z 0040f910 f i MonitorSchMain.obj
 0001:0000ec10       ??0out_of_range@std@@QAE@ABV01@@Z 0040fc10 f i MonitorSchMain.obj
 0001:0000ec30       ?_Erase@?$_Tree@V?$_Tmap_traits@V?$basic_string@DU?$char_traits@D@std@@V?$allocator@D@2@@std@@V12@UStlIniCompareStringNoCase@@V?$allocator@U?$pair@$$CBV?$basic_string@DU?$char_traits@D@std@@V?$allocator@D@2@@std@@V12@@std@@@2@$0A@@std@@@std@@IAEXPAU_Node@?$_Tree_nod@V?$_Tmap_traits@V?$basic_string@DU?$char_traits@D@std@@V?$allocator@D@2@@std@@V12@UStlIniCompareStringNoCase@@V?$allocator@U?$pair@$$CBV?$basic_string@DU?$char_traits@D@std@@V?$allocator@D@2@@std@@V12@@std@@@2@$0A@@std@@@2@@Z 0040fc30 f i MonitorSchMain.obj
 0001:0000ec70       ??1MonitorSchMain@@UAE@XZ  0040fc70 f   MonitorSchMain.obj
 0001:0000ed90       ?ReLoadTaskV70@MonitorSchMain@@IAE_NXZ 0040fd90 f   MonitorSchMain.obj
 0001:0000ee50       ??0MonitorSchMain@@QAE@XZ  0040fe50 f   MonitorSchMain.obj
 0001:0000eef0       ??_GMonitorSchMain@@UAEPAXI@Z 0040fef0 f i MonitorSchMain.obj
 0001:0000eef0       ??_EMonitorSchMain@@UAEPAXI@Z 0040fef0 f i MonitorSchMain.obj
 0001:0000ef10       ?ReLoadMonitorsV70@MonitorSchMain@@IAE_NV?$basic_string@DU?$char_traits@D@std@@V?$allocator@D@2@@std@@@Z 0040ff10 f   MonitorSchMain.obj
 0001:0000f0b0       ?InitMonitorsGroupDependV70@MonitorSchMain@@IAE_NV?$basic_string@DU?$char_traits@D@std@@V?$allocator@D@2@@std@@@Z 004100b0 f   MonitorSchMain.obj
 0001:0000f1a0       ?AddGroupV70@MonitorSchMain@@IAE_NV?$basic_string@DU?$char_traits@D@std@@V?$allocator@D@2@@std@@_N@Z 004101a0 f   MonitorSchMain.obj
 0001:0000f420       ?erase@?$_Tree@V?$_Tmap_traits@V?$basic_string@DU?$char_traits@D@std@@V?$allocator@D@2@@std@@V12@UStlIniCompareStringNoCase@@V?$allocator@U?$pair@$$CBV?$basic_string@DU?$char_traits@D@std@@V?$allocator@D@2@@std@@V12@@std@@@2@$0A@@std@@@std@@QAE?AViterator@12@V312@0@Z 00410420 f i MonitorSchMain.obj
 0001:0000f4e0       ?AddEntityV70@MonitorSchMain@@IAE_NV?$basic_string@DU?$char_traits@D@std@@V?$allocator@D@2@@std@@_N@Z 004104e0 f   MonitorSchMain.obj
 0001:0000f790       ?ProcessConfigChange@MonitorSchMain@@QAE_NV?$basic_string@DU?$char_traits@D@std@@V?$allocator@D@2@@std@@0@Z 00410790 f   MonitorSchMain.obj
 0001:0000fb20       ??1?$map@V?$basic_string@DU?$char_traits@D@std@@V?$allocator@D@2@@std@@V12@UStlIniCompareStringNoCase@@V?$allocator@U?$pair@$$CBV?$basic_string@DU?$char_traits@D@std@@V?$allocator@D@2@@std@@V12@@std@@@2@@std@@QAE@XZ 00410b20 f i MonitorSchMain.obj
 0001:0000fb20       ?_Tidy@?$_Tree@V?$_Tmap_traits@V?$basic_string@DU?$char_traits@D@std@@V?$allocator@D@2@@std@@V12@UStlIniCompareStringNoCase@@V?$allocator@U?$pair@$$CBV?$basic_string@DU?$char_traits@D@std@@V?$allocator@D@2@@std@@V12@@std@@@2@$0A@@std@@@std@@IAEXXZ 00410b20 f i MonitorSchMain.obj
 0001:0000fb50       ??1?$pair@$$CBV?$basic_string@DU?$char_traits@D@std@@V?$allocator@D@2@@std@@V?$map@V?$basic_string@DU?$char_traits@D@std@@V?$allocator@D@2@@std@@V12@UStlIniCompareStringNoCase@@V?$allocator@U?$pair@$$CBV?$basic_string@DU?$char_traits@D@std@@V?$allocator@D@2@@std@@V12@@std@@@2@@2@@std@@QAE@XZ 00410b50 f i MonitorSchMain.obj
 0001:0000fbd0       ??1_Node@?$_Tree_nod@V?$_Tmap_traits@V?$basic_string@DU?$char_traits@D@std@@V?$allocator@D@2@@std@@V?$map@V?$basic_string@DU?$char_traits@D@std@@V?$allocator@D@2@@std@@V12@UStlIniCompareStringNoCase@@V?$allocator@U?$pair@$$CBV?$basic_string@DU?$char_traits@D@std@@V?$allocator@D@2@@std@@V12@@std@@@2@@2@UStlIniCompareStringNoCase@@V?$allocator@U?$pair@$$CBV?$basic_string@DU?$char_traits@D@std@@V?$allocator@D@2@@std@@V?$map@V?$basic_string@DU?$char_traits@D@std@@V?$allocator@D@2@@std@@V12@UStlIniCompareStringNoCase@@V?$allocator@U?$pair@$$CBV?$basic_string@DU?$char_traits@D@std@@V?$allocator@D@2@@std@@V12@@std@@@2@@2@@std@@@2@$0A@@std@@@std@@QAE@XZ 00410bd0 f i MonitorSchMain.obj
 0001:0000fbe0       ?erase@?$_Tree@V?$_Tmap_traits@V?$basic_string@DU?$char_traits@D@std@@V?$allocator@D@2@@std@@V?$map@V?$basic_string@DU?$char_traits@D@std@@V?$allocator@D@2@@std@@V12@UStlIniCompareStringNoCase@@V?$allocator@U?$pair@$$CBV?$basic_string@DU?$char_traits@D@std@@V?$allocator@D@2@@std@@V12@@std@@@2@@2@UStlIniCompareStringNoCase@@V?$allocator@U?$pair@$$CBV?$basic_string@DU?$char_traits@D@std@@V?$allocator@D@2@@std@@V?$map@V?$basic_string@DU?$char_traits@D@std@@V?$allocator@D@2@@std@@V12@UStlIniCompareStringNoCase@@V?$allocator@U?$pair@$$CBV?$basic_string@DU?$char_traits@D@std@@V?$allocator@D@2@@std@@V12@@std@@@2@@2@@std@@@2@$0A@@std@@@std@@QAE?AViterator@12@V312@@Z 00410be0 f i MonitorSchMain.obj
 0001:0000fec0       ?_Erase@?$_Tree@V?$_Tmap_traits@V?$basic_string@DU?$char_traits@D@std@@V?$allocator@D@2@@std@@V?$map@V?$basic_string@DU?$char_traits@D@std@@V?$allocator@D@2@@std@@V12@UStlIniCompareStringNoCase@@V?$allocator@U?$pair@$$CBV?$basic_string@DU?$char_traits@D@std@@V?$allocator@D@2@@std@@V12@@std@@@2@@2@UStlIniCompareStringNoCase@@V?$allocator@U?$pair@$$CBV?$basic_string@DU?$char_traits@D@std@@V?$allocator@D@2@@std@@V?$map@V?$basic_string@DU?$char_traits@D@std@@V?$allocator@D@2@@std@@V12@UStlIniCompareStringNoCase@@V?$allocator@U?$pair@$$CBV?$basic_string@DU?$char_traits@D@std@@V?$allocator@D@2@@std@@V12@@std@@@2@@2@@std@@@2@$0A@@std@@@std@@IAEXPAU_Node@?$_Tree_nod@V?$_Tmap_traits@V?$basic_string@DU?$char_traits@D@std@@V?$allocator@D@2@@std@@V?$map@V?$basic_string@DU?$char_traits@D@std@@V?$allocator@D@2@@std@@V12@UStlIniCompareStringNoCase@@V?$allocator@U?$pair@$$CBV?$basic_string@DU?$char_traits@D@std@@V?$allocator@D@2@@std@@V12@@std@@@2@@2@UStlIniCompareStringNoCase@@V?$allocator@U?$pair@$$CBV?$basic_string@DU?$char_traits@D@std@@V?$allocator@D@2@@std@@V?$map@V?$basic_string@DU?$char_traits@D@std@@V?$allocator@D@2@@std@@V12@UStlIniCompareStringNoCase@@V?$allocator@U?$pair@$$CBV?$basic_string@DU?$char_traits@D@std@@V?$allocator@D@2@@std@@V12@@std@@@2@@2@@std@@@2@$0A@@std@@@2@@Z 00410ec0 f i MonitorSchMain.obj
 0001:0000ff00       ?erase@?$_Tree@V?$_Tmap_traits@V?$basic_string@DU?$char_traits@D@std@@V?$allocator@D@2@@std@@V?$map@V?$basic_string@DU?$char_traits@D@std@@V?$allocator@D@2@@std@@V12@UStlIniCompareStringNoCase@@V?$allocator@U?$pair@$$CBV?$basic_string@DU?$char_traits@D@std@@V?$allocator@D@2@@std@@V12@@std@@@2@@2@UStlIniCompareStringNoCase@@V?$allocator@U?$pair@$$CBV?$basic_string@DU?$char_traits@D@std@@V?$allocator@D@2@@std@@V?$map@V?$basic_string@DU?$char_traits@D@std@@V?$allocator@D@2@@std@@V12@UStlIniCompareStringNoCase@@V?$allocator@U?$pair@$$CBV?$basic_string@DU?$char_traits@D@std@@V?$allocator@D@2@@std@@V12@@std@@@2@@2@@std@@@2@$0A@@std@@@std@@QAE?AViterator@12@V312@0@Z 00410f00 f i MonitorSchMain.obj
 0001:0000ffc0       ?_Tidy@?$_Tree@V?$_Tmap_traits@V?$basic_string@DU?$char_traits@D@std@@V?$allocator@D@2@@std@@V?$map@V?$basic_string@DU?$char_traits@D@std@@V?$allocator@D@2@@std@@V12@UStlIniCompareStringNoCase@@V?$allocator@U?$pair@$$CBV?$basic_string@DU?$char_traits@D@std@@V?$allocator@D@2@@std@@V12@@std@@@2@@2@UStlIniCompareStringNoCase@@V?$allocator@U?$pair@$$CBV?$basic_string@DU?$char_traits@D@std@@V?$allocator@D@2@@std@@V?$map@V?$basic_string@DU?$char_traits@D@std@@V?$allocator@D@2@@std@@V12@UStlIniCompareStringNoCase@@V?$allocator@U?$pair@$$CBV?$basic_string@DU?$char_traits@D@std@@V?$allocator@D@2@@std@@V12@@std@@@2@@2@@std@@@2@$0A@@std@@@std@@IAEXXZ 00410fc0 f i MonitorSchMain.obj
 0001:0000ffc0       ??1?$map@V?$basic_string@DU?$char_traits@D@std@@V?$allocator@D@2@@std@@V?$map@V?$basic_string@DU?$char_traits@D@std@@V?$allocator@D@2@@std@@V12@UStlIniCompareStringNoCase@@V?$allocator@U?$pair@$$CBV?$basic_string@DU?$char_traits@D@std@@V?$allocator@D@2@@std@@V12@@std@@@2@@2@UStlIniCompareStringNoCase@@V?$allocator@U?$pair@$$CBV?$basic_string@DU?$char_traits@D@std@@V?$allocator@D@2@@std@@V?$map@V?$basic_string@DU?$char_traits@D@std@@V?$allocator@D@2@@std@@V12@UStlIniCompareStringNoCase@@V?$allocator@U?$pair@$$CBV?$basic_string@DU?$char_traits@D@std@@V?$allocator@D@2@@std@@V12@@std@@@2@@2@@std@@@2@@std@@QAE@XZ 00410fc0 f i MonitorSchMain.obj
 0001:0000fff0       ??0TString@@QAE@VString@ost@@@Z 00410ff0 f i MonitorThread.obj
 0001:00010050       ?Mid@TString@@QAE?AV1@HH@Z 00411050 f i MonitorThread.obj
 0001:00010090       ??4TString@@QAEAAV0@AAV?$basic_string@DU?$char_traits@D@std@@V?$allocator@D@2@@std@@@Z 00411090 f i MonitorThread.obj
 0001:000100d0       ?Format@TTime@svutil@@QBE?AV?$basic_string@DU?$char_traits@D@std@@V?$allocator@D@2@@std@@XZ 004110d0 f i MonitorThread.obj
 0001:00010160       ?GetLibrary@Monitor@@QAE?AVTString@@XZ 00411160 f i MonitorThread.obj
 0001:00010180       ?GetProcess@Monitor@@QAE?AVTString@@XZ 00411180 f i MonitorThread.obj
 0001:000101a0       ?Judge@MonitorThread@@AAEHPBD00@Z 004111a0 f   MonitorThread.obj
 0001:000103c0       ?ExecuteMonitor@MonitorThread@@QAEXPAVMonitor@@@Z 004113c0 f   MonitorThread.obj
 0001:00010400       ?InitSocket@MonitorThread@@IAEHXZ 00411400 f   MonitorThread.obj
 0001:00010460       ?RunInProcess@MonitorThread@@IAE_NHV?$basic_string@DU?$char_traits@D@std@@V?$allocator@D@2@@std@@0@Z 00411460 f   MonitorThread.obj
 0001:00010e00       ?CountNodes@?$sorttree@V?$hashelement@Vword@svutil@@V12@@svutil@@@svutil@@AAEXPAV?$treenode@V?$hashelement@Vword@svutil@@V12@@svutil@@@2@AAK@Z 00411e00 f i MonitorThread.obj
 0001:00010e30       ?findnextnode@?$sorttree@V?$hashelement@Vword@svutil@@V12@@svutil@@@svutil@@ABEPAV?$treenode@V?$hashelement@Vword@svutil@@V12@@svutil@@@2@AAV?$hashelement@Vword@svutil@@V12@@2@AA_NPAV32@@Z 00411e30 f i MonitorThread.obj
 0001:00010ea0       ?_Incsize@?$list@PAVReturnValue@@V?$allocator@PAVReturnValue@@@std@@@std@@IAEXI@Z 00411ea0 f i MonitorThread.obj
 0001:00010f40       ??1?$hashnode@Vword@svutil@@V12@@svutil@@QAE@XZ 00411f40 f i MonitorThread.obj
 0001:00010ff0       ?MakeInBuf@MonitorThread@@AAEHXZ 00411ff0 f   MonitorThread.obj
 0001:000110a0       ?InitData@MonitorThread@@AAEXXZ 004120a0 f   MonitorThread.obj
 0001:00011170       ?CheckSingleItemState@MonitorThread@@AAEHPAVStateCondition@@H@Z 00412170 f   MonitorThread.obj
 0001:00011380       ?ClearResult@MonitorThread@@AAEXXZ 00412380 f   MonitorThread.obj
 0001:00011420       ?ProcessResultV70@MonitorThread@@AAEXXZ 00412420 f   MonitorThread.obj
 0001:00011850       ??1?$list@PAVSubsequentItem@@V?$allocator@PAVSubsequentItem@@@std@@@std@@QAE@XZ 00412850 f i Subsequent.obj
 0001:00011850       ??1?$list@PAUtmsg@@V?$allocator@PAUtmsg@@@std@@@std@@QAE@XZ 00412850 f i MSGQueue.obj
 0001:00011850       ??1?$list@PAVStateConditionItem@@V?$allocator@PAVStateConditionItem@@@std@@@std@@QAE@XZ 00412850 f i StateCondition.obj
 0001:00011850       ??1?$list@PAVMonitor@@V?$allocator@PAVMonitor@@@std@@@std@@QAE@XZ 00412850 f i MonitorSchedule.obj
 0001:00011850       ??1?$list@PAVEntity@@V?$allocator@PAVEntity@@@std@@@std@@QAE@XZ 00412850 f i Groups.obj
 0001:00011850       ??1?$list@PAVGroupsItem@@V?$allocator@PAVGroupsItem@@@std@@@std@@QAE@XZ 00412850 f i Groups.obj
 0001:00011850       ??1?$list@PAVThreadEx@@V?$allocator@PAVThreadEx@@@std@@@std@@QAE@XZ 00412850 f i ScheduleThread.obj
 0001:00011850       ??1?$list@PAVReturnData@@V?$allocator@PAVReturnData@@@std@@@std@@QAE@XZ 00412850 f i Monitor.obj
 0001:00011850       ??1?$list@PAVReturnValue@@V?$allocator@PAVReturnValue@@@std@@@std@@QAE@XZ 00412850 f i MonitorThread.obj
 0001:00011870       ?push_back@?$list@PAVReturnValue@@V?$allocator@PAVReturnValue@@@std@@@std@@QAEXABQAVReturnValue@@@Z 00412870 f i MonitorThread.obj
 0001:000118b0       ?size@?$hashtable@Vword@svutil@@V12@@svutil@@QAEIXZ 004128b0 f i MonitorThread.obj
 0001:00011950       ?clearnodes@?$hashtable@Vword@svutil@@V12@@svutil@@IAEXXZ 00412950 f i MonitorThread.obj
 0001:000119c0       ?findnext@?$hashnode@Vword@svutil@@V12@@svutil@@QAE_NAAV?$hashelement@Vword@svutil@@V12@@2@PAPAV32@@Z 004129c0 f i MonitorThread.obj
 0001:00011a70       ?ParserExpression@MonitorThread@@AAEHVTString@@AAV?$list@V?$basic_string@DU?$char_traits@D@std@@V?$allocator@D@2@@std@@V?$allocator@V?$basic_string@DU?$char_traits@D@std@@V?$allocator@D@2@@std@@@2@@std@@1@Z 00412a70 f   MonitorThread.obj
 0001:00011e90       ??1?$hashtable@Vword@svutil@@V12@@svutil@@QAE@XZ 00412e90 f i MonitorThread.obj
 0001:00011ef0       ?findnext@?$hashtable@Vword@svutil@@V12@@svutil@@QAE_NAAViterator@12@@Z 00412ef0 f i MonitorThread.obj
 0001:00011f90       ??1MonitorThread@@UAE@XZ   00412f90 f   MonitorThread.obj
 0001:00012050       ??0?$hashtable@Vword@svutil@@V12@@svutil@@QAE@XZ 00413050 f i MonitorThread.obj
 0001:000120a0       ??_GMonitorThread@@UAEPAXI@Z 004130a0 f i MonitorThread.obj
 0001:000120a0       ??_EMonitorThread@@UAEPAXI@Z 004130a0 f i MonitorThread.obj
 0001:000120c0       ??0MonitorThread@@QAE@XZ   004130c0 f   MonitorThread.obj
 0001:000121b0       ?CheckStateByType@MonitorThread@@AAEHH@Z 004131b0 f   MonitorThread.obj
 0001:00012710       ?ParserMonitorState@MonitorThread@@AAEXXZ 00413710 f   MonitorThread.obj
 0001:000127b0       ?BulidStringMap@MonitorThread@@AAE_NAAV?$hashtable@Vword@svutil@@V12@@svutil@@PBD@Z 004137b0 f   MonitorThread.obj
 0001:00012a20       ?PaserResultV70@MonitorThread@@AAEHXZ 00413a20 f   MonitorThread.obj
 0001:00012ef0       ?RunMonitor@MonitorThread@@IAEXXZ 00413ef0 f   MonitorThread.obj
 0001:000133b0       ?run@MonitorThread@@UAEXXZ 004143b0 f   MonitorThread.obj
 0001:00013700       ?_Buynode@?$list@PAVEntity@@V?$allocator@PAVEntity@@@std@@@std@@IAEPAU_Node@?$_List_nod@PAVEntity@@V?$allocator@PAVEntity@@@std@@@2@XZ 00414700 f i Groups.obj
 0001:00013700       ?_Buynode@?$list@PAVReturnData@@V?$allocator@PAVReturnData@@@std@@@std@@IAEPAU_Node@?$_List_nod@PAVReturnData@@V?$allocator@PAVReturnData@@@std@@@2@XZ 00414700 f i Monitor.obj
 0001:00013700       ?_Buynode@?$list@PAVSubsequentItem@@V?$allocator@PAVSubsequentItem@@@std@@@std@@IAEPAU_Node@?$_List_nod@PAVSubsequentItem@@V?$allocator@PAVSubsequentItem@@@std@@@2@XZ 00414700 f i Subsequent.obj
 0001:00013700       ?_Buynode@?$list@PAVGroupsItem@@V?$allocator@PAVGroupsItem@@@std@@@std@@IAEPAU_Node@?$_List_nod@PAVGroupsItem@@V?$allocator@PAVGroupsItem@@@std@@@2@XZ 00414700 f i Groups.obj
 0001:00013700       ?_Buynode@?$list@PAVReturnValue@@V?$allocator@PAVReturnValue@@@std@@@std@@IAEPAU_Node@?$_List_nod@PAVReturnValue@@V?$allocator@PAVReturnValue@@@std@@@2@XZ 00414700 f i MonitorThread.obj
 0001:00013700       ?_Buynode@?$list@PAUtmsg@@V?$allocator@PAUtmsg@@@std@@@std@@IAEPAU_Node@?$_List_nod@PAUtmsg@@V?$allocator@PAUtmsg@@@std@@@2@XZ 00414700 f i MSGQueue.obj
 0001:00013700       ?_Buynode@?$list@PAVMonitor@@V?$allocator@PAVMonitor@@@std@@@std@@IAEPAU_Node@?$_List_nod@PAVMonitor@@V?$allocator@PAVMonitor@@@std@@@2@XZ 00414700 f i MonitorSchedule.obj
 0001:00013700       ?_Buynode@?$list@PAVStateConditionItem@@V?$allocator@PAVStateConditionItem@@@std@@@std@@IAEPAU_Node@?$_List_nod@PAVStateConditionItem@@V?$allocator@PAVStateConditionItem@@@std@@@2@XZ 00414700 f i StateCondition.obj
 0001:00013700       ?_Buynode@?$list@PAVThreadEx@@V?$allocator@PAVThreadEx@@@std@@@std@@IAEPAU_Node@?$_List_nod@PAVThreadEx@@V?$allocator@PAVThreadEx@@@std@@@2@XZ 00414700 f i ScheduleThread.obj
 0001:00013720       ??0MSGQueue@@QAE@XZ        00414720 f   MSGQueue.obj
 0001:000137b0       ??1MSGQueue@@QAE@XZ        004147b0 f   MSGQueue.obj
 0001:00013830       ??1CommunicationThread@@UAE@XZ 00414830 f   ommunicationThread.obj
 0001:00013840       ?run@CommunicationThread@@UAEXXZ 00414840 f   ommunicationThread.obj
 0001:00013be0       ??0Option@@QAE@XZ          00414be0 f   Option.obj
 0001:00013ca0       ?LoadOption@Option@@QAE_NXZ 00414ca0 f   Option.obj
 0001:00014130       ??0ProcessMonitorData@@QAE@XZ 00415130 f   ProcessMonitorData.obj
 0001:000141c0       ??1ProcessMonitorData@@QAE@XZ 004151c0 f   ProcessMonitorData.obj
 0001:00014210       ?GetRawDataSize@ProcessMonitorData@@QAEHXZ 00415210 f   ProcessMonitorData.obj
 0001:00014220       ?GetRawData@ProcessMonitorData@@QAE_NPADH@Z 00415220 f   ProcessMonitorData.obj
 0001:000142e0       ?CreateObjectByRawData@ProcessMonitorData@@QAE_NPBDH@Z 004152e0 f   ProcessMonitorData.obj
 0001:00014410       ?Clear@ProcessMonitorData@@QAEXXZ 00415410 f   ProcessMonitorData.obj
 0001:00014420       ??1QueueItem@@UAE@XZ       00415420 f   QueueItem.obj
 0001:000144a0       ?Push@QueueItem@@QAEXPAVMonitor@@H@Z 004154a0 f   QueueItem.obj
 0001:000145d0       ?Pop@QueueItem@@QAEPAVMonitor@@XZ 004155d0 f   QueueItem.obj
 0001:00014680       ??_EQueueItem@@UAEPAXI@Z   00415680 f i QueueItem.obj
 0001:00014680       ??_GQueueItem@@UAEPAXI@Z   00415680 f i QueueItem.obj
 0001:000146a0       ?Pop@QueuesManager@@QAEPAVMonitor@@H@Z 004156a0 f   QueuesManager.obj
 0001:000146c0       ??_EQueuesManager@@UAEPAXI@Z 004156c0 f i QueuesManager.obj
 0001:000146c0       ??_GQueuesManager@@UAEPAXI@Z 004156c0 f i QueuesManager.obj
 0001:000146e0       ?ListAllQueueInfo@QueuesManager@@QAEXXZ 004156e0 f   QueuesManager.obj
 0001:00014730       ?GetQueueIndexByClass@QueuesManager@@QAEHPBD@Z 00415730 f   QueuesManager.obj
 0001:000147a0       ?Pop@QueuesManager@@QAEPAVMonitor@@PBD@Z 004157a0 f   QueuesManager.obj
 0001:000147d0       ?Push@QueuesManager@@QAEHPAVMonitor@@PBDH@Z 004157d0 f   QueuesManager.obj
 0001:00014830       ?Push@QueuesManager@@QAEHPAVMonitor@@H@Z 00415830 f   QueuesManager.obj
 0001:000148f0       ??0QueueItem@@QAE@PBD@Z    004158f0 f i QueuesManager.obj
 0001:00014960       ?CreateQueueBySubsequent@QueuesManager@@AAEHXZ 00415960 f   QueuesManager.obj
 0001:00014a30       ?CreateMainQueue@QueuesManager@@AAEHXZ 00415a30 f   QueuesManager.obj
 0001:00014ad0       ?Init@QueuesManager@@QAEHXZ 00415ad0 f   QueuesManager.obj
 0001:00014b30       ??1sv_pair@@QAE@XZ         00415b30 f i readSVDB.obj
 0001:00014b80       ??0readSVDB@@QAE@XZ        00415b80 f   readSVDB.obj
 0001:00014bf0       ??1readSVDB@@QAE@XZ        00415bf0 f   readSVDB.obj
 0001:00014c60       ??1?$pair@V?$basic_string@DU?$char_traits@D@std@@V?$allocator@D@2@@std@@PAX@std@@QAE@XZ 00415c60 f i readSVDB.obj
 0001:00014c60       ??1SerialData@@QAE@XZ      00415c60 f i SerialData.obj
 0001:00014c60       ??1?$pair@$$CBV?$basic_string@DU?$char_traits@D@std@@V?$allocator@D@2@@std@@PAX@std@@QAE@XZ 00415c60 f i readSVDB.obj
 0001:00014c70       ?GetSGProValue@readSVDB@@QAE_NV?$basic_string@DU?$char_traits@D@std@@V?$allocator@D@2@@std@@0AAV23@@Z 00415c70 f   readSVDB.obj
 0001:00014df0       ?_Xlen@?$vector@U?$pair@HH@std@@V?$allocator@U?$pair@HH@std@@@2@@std@@IBEXXZ 00415df0 f i readSVDB.obj
 0001:00014df0       ?_Xlen@?$vector@UPairTime@@V?$allocator@UPairTime@@@std@@@std@@IBEXXZ 00415df0 f i readSVDB.obj
 0001:00014e70       ??0?$hashelement@Vword@svutil@@PAVTask@@@svutil@@QAE@ABVword@1@ABQAVTask@@@Z 00415e70 f i readSVDB.obj
 0001:00014ee0       ?_Min@?$_Tree@V?$_Tmap_traits@HPAXU?$less@H@std@@V?$allocator@U?$pair@$$CBHPAX@std@@@2@$0A@@std@@@std@@KAPAU_Node@?$_Tree_nod@V?$_Tmap_traits@HPAXU?$less@H@std@@V?$allocator@U?$pair@$$CBHPAX@std@@@2@$0A@@std@@@2@PAU342@@Z 00415ee0 f i readSVDB.obj
 0001:00014f00       ?_Min@?$_Tree@V?$_Tmap_traits@V?$basic_string@DU?$char_traits@D@std@@V?$allocator@D@2@@std@@PAXU?$less@V?$basic_string@DU?$char_traits@D@std@@V?$allocator@D@2@@std@@@2@V?$allocator@U?$pair@$$CBV?$basic_string@DU?$char_traits@D@std@@V?$allocator@D@2@@std@@PAX@std@@@2@$0A@@std@@@std@@KAPAU_Node@?$_Tree_nod@V?$_Tmap_traits@V?$basic_string@DU?$char_traits@D@std@@V?$allocator@D@2@@std@@PAXU?$less@V?$basic_string@DU?$char_traits@D@std@@V?$allocator@D@2@@std@@@2@V?$allocator@U?$pair@$$CBV?$basic_string@DU?$char_traits@D@std@@V?$allocator@D@2@@std@@PAX@std@@@2@$0A@@std@@@2@PAU342@@Z 00415f00 f i readSVDB.obj
 0001:00014f20       ??1?$treenode@V?$hashelement@Vword@svutil@@PAVTask@@@svutil@@@svutil@@UAE@XZ 00415f20 f i readSVDB.obj
 0001:00014f40       ??_G?$treenode@V?$hashelement@Vword@svutil@@PAVTask@@@svutil@@@svutil@@UAEPAXI@Z 00415f40 f i readSVDB.obj
 0001:00014f40       ??_E?$treenode@V?$hashelement@Vword@svutil@@PAVTask@@@svutil@@@svutil@@UAEPAXI@Z 00415f40 f i readSVDB.obj
 0001:00014f60       ?_Max@?$_Tree@V?$_Tmap_traits@HPAXU?$less@H@std@@V?$allocator@U?$pair@$$CBHPAX@std@@@2@$0A@@std@@@std@@KAPAU_Node@?$_Tree_nod@V?$_Tmap_traits@HPAXU?$less@H@std@@V?$allocator@U?$pair@$$CBHPAX@std@@@2@$0A@@std@@@2@PAU342@@Z 00415f60 f i readSVDB.obj
 0001:00014f80       ?_Max@?$_Tree@V?$_Tmap_traits@V?$basic_string@DU?$char_traits@D@std@@V?$allocator@D@2@@std@@PAXU?$less@V?$basic_string@DU?$char_traits@D@std@@V?$allocator@D@2@@std@@@2@V?$allocator@U?$pair@$$CBV?$basic_string@DU?$char_traits@D@std@@V?$allocator@D@2@@std@@PAX@std@@@2@$0A@@std@@@std@@KAPAU_Node@?$_Tree_nod@V?$_Tmap_traits@V?$basic_string@DU?$char_traits@D@std@@V?$allocator@D@2@@std@@PAXU?$less@V?$basic_string@DU?$char_traits@D@std@@V?$allocator@D@2@@std@@@2@V?$allocator@U?$pair@$$CBV?$basic_string@DU?$char_traits@D@std@@V?$allocator@D@2@@std@@PAX@std@@@2@$0A@@std@@@2@PAU342@@Z 00415f80 f i readSVDB.obj
 0001:00014fa0       ??M?$treenode@V?$hashelement@Vword@svutil@@PAVTask@@@svutil@@@svutil@@QAE_NV01@@Z 00415fa0 f i readSVDB.obj
 0001:00015010       ??O?$treenode@V?$hashelement@Vword@svutil@@PAVTask@@@svutil@@@svutil@@QAE_NV01@@Z 00416010 f i readSVDB.obj
 0001:00015080       ??$fill@PAUPairTime@@U1@@std@@YAXPAUPairTime@@0ABU1@@Z 00416080 f i readSVDB.obj
 0001:000150c0       ??$fill@PAU?$pair@HH@std@@U12@@std@@YAXPAU?$pair@HH@0@0ABU10@@Z 004160c0 f i readSVDB.obj
 0001:000150f0       ??1_Node@?$_Tree_nod@V?$_Tmap_traits@V?$basic_string@DU?$char_traits@D@std@@V?$allocator@D@2@@std@@PAXU?$less@V?$basic_string@DU?$char_traits@D@std@@V?$allocator@D@2@@std@@@2@V?$allocator@U?$pair@$$CBV?$basic_string@DU?$char_traits@D@std@@V?$allocator@D@2@@std@@PAX@std@@@2@$0A@@std@@@std@@QAE@XZ 004160f0 f i readSVDB.obj
 0001:00015100       ??1_Node@?$_List_nod@Usv_pair@@V?$allocator@Usv_pair@@@std@@@std@@QAE@XZ 00416100 f i readSVDB.obj
 0001:00015110       ??0?$treenode@V?$hashelement@Vword@svutil@@PAVTask@@@svutil@@@svutil@@QAE@ABV?$hashelement@Vword@svutil@@PAVTask@@@1@@Z 00416110 f i readSVDB.obj
 0001:00015190       ??$_Copy_backward_opt@PAUPairTime@@PAU1@@std@@YAPAUPairTime@@PAU1@00U_Nonscalar_ptr_iterator_tag@0@@Z 00416190 f i readSVDB.obj
 0001:000151d0       ?_Lrotate@?$_Tree@V?$_Tmap_traits@HPAXU?$less@H@std@@V?$allocator@U?$pair@$$CBHPAX@std@@@2@$0A@@std@@@std@@IAEXPAU_Node@?$_Tree_nod@V?$_Tmap_traits@HPAXU?$less@H@std@@V?$allocator@U?$pair@$$CBHPAX@std@@@2@$0A@@std@@@2@@Z 004161d0 f i readSVDB.obj
 0001:00015230       ?_Rrotate@?$_Tree@V?$_Tmap_traits@HPAXU?$less@H@std@@V?$allocator@U?$pair@$$CBHPAX@std@@@2@$0A@@std@@@std@@IAEXPAU_Node@?$_Tree_nod@V?$_Tmap_traits@HPAXU?$less@H@std@@V?$allocator@U?$pair@$$CBHPAX@std@@@2@$0A@@std@@@2@@Z 00416230 f i readSVDB.obj
 0001:00015290       ?_Lbound@?$_Tree@V?$_Tmap_traits@V?$basic_string@DU?$char_traits@D@std@@V?$allocator@D@2@@std@@PAXU?$less@V?$basic_string@DU?$char_traits@D@std@@V?$allocator@D@2@@std@@@2@V?$allocator@U?$pair@$$CBV?$basic_string@DU?$char_traits@D@std@@V?$allocator@D@2@@std@@PAX@std@@@2@$0A@@std@@@std@@IBEPAU_Node@?$_Tree_nod@V?$_Tmap_traits@V?$basic_string@DU?$char_traits@D@std@@V?$allocator@D@2@@std@@PAXU?$less@V?$basic_string@DU?$char_traits@D@std@@V?$allocator@D@2@@std@@@2@V?$allocator@U?$pair@$$CBV?$basic_string@DU?$char_traits@D@std@@V?$allocator@D@2@@std@@PAX@std@@@2@$0A@@std@@@2@ABV?$basic_string@DU?$char_traits@D@std@@V?$allocator@D@2@@2@@Z 00416290 f i readSVDB.obj
 0001:000152e0       ?_Lrotate@?$_Tree@V?$_Tmap_traits@V?$basic_string@DU?$char_traits@D@std@@V?$allocator@D@2@@std@@PAXU?$less@V?$basic_string@DU?$char_traits@D@std@@V?$allocator@D@2@@std@@@2@V?$allocator@U?$pair@$$CBV?$basic_string@DU?$char_traits@D@std@@V?$allocator@D@2@@std@@PAX@std@@@2@$0A@@std@@@std@@IAEXPAU_Node@?$_Tree_nod@V?$_Tmap_traits@V?$basic_string@DU?$char_traits@D@std@@V?$allocator@D@2@@std@@PAXU?$less@V?$basic_string@DU?$char_traits@D@std@@V?$allocator@D@2@@std@@@2@V?$allocator@U?$pair@$$CBV?$basic_string@DU?$char_traits@D@std@@V?$allocator@D@2@@std@@PAX@std@@@2@$0A@@std@@@2@@Z 004162e0 f i readSVDB.obj
 0001:00015340       ?_Rrotate@?$_Tree@V?$_Tmap_traits@V?$basic_string@DU?$char_traits@D@std@@V?$allocator@D@2@@std@@PAXU?$less@V?$basic_string@DU?$char_traits@D@std@@V?$allocator@D@2@@std@@@2@V?$allocator@U?$pair@$$CBV?$basic_string@DU?$char_traits@D@std@@V?$allocator@D@2@@std@@PAX@std@@@2@$0A@@std@@@std@@IAEXPAU_Node@?$_Tree_nod@V?$_Tmap_traits@V?$basic_string@DU?$char_traits@D@std@@V?$allocator@D@2@@std@@PAXU?$less@V?$basic_string@DU?$char_traits@D@std@@V?$allocator@D@2@@std@@@2@V?$allocator@U?$pair@$$CBV?$basic_string@DU?$char_traits@D@std@@V?$allocator@D@2@@std@@PAX@std@@@2@$0A@@std@@@2@@Z 00416340 f i readSVDB.obj
 0001:000153a0       ?_Inc@const_iterator@?$_Tree@V?$_Tmap_traits@HPAXU?$less@H@std@@V?$allocator@U?$pair@$$CBHPAX@std@@@2@$0A@@std@@@std@@QAEXXZ 004163a0 f i readSVDB.obj
 0001:00015400       ?_Inc@const_iterator@?$_Tree@V?$_Tmap_traits@V?$basic_string@DU?$char_traits@D@std@@V?$allocator@D@2@@std@@PAXU?$less@V?$basic_string@DU?$char_traits@D@std@@V?$allocator@D@2@@std@@@2@V?$allocator@U?$pair@$$CBV?$basic_string@DU?$char_traits@D@std@@V?$allocator@D@2@@std@@PAX@std@@@2@$0A@@std@@@std@@QAEXXZ 00416400 f i readSVDB.obj
 0001:00015460       ?_Dec@const_iterator@?$_Tree@V?$_Tmap_traits@HPAXU?$less@H@std@@V?$allocator@U?$pair@$$CBHPAX@std@@@2@$0A@@std@@@std@@QAEXXZ 00416460 f i readSVDB.obj
 0001:000154c0       ?_Dec@const_iterator@?$_Tree@V?$_Tmap_traits@V?$basic_string@DU?$char_traits@D@std@@V?$allocator@D@2@@std@@PAXU?$less@V?$basic_string@DU?$char_traits@D@std@@V?$allocator@D@2@@std@@@2@V?$allocator@U?$pair@$$CBV?$basic_string@DU?$char_traits@D@std@@V?$allocator@D@2@@std@@PAX@std@@@2@$0A@@std@@@std@@QAEXXZ 004164c0 f i readSVDB.obj
 0001:00015520       ??0?$treenode@V?$hashelement@Vword@svutil@@PAVTask@@@svutil@@@svutil@@QAE@ABV01@@Z 00416520 f i readSVDB.obj
 0001:000155a0       ??$make_pair@V?$basic_string@DU?$char_traits@D@std@@V?$allocator@D@2@@std@@PAX@std@@YA?AU?$pair@V?$basic_string@DU?$char_traits@D@std@@V?$allocator@D@2@@std@@PAX@0@V?$basic_string@DU?$char_traits@D@std@@V?$allocator@D@2@@0@PAX@Z 004165a0 f i readSVDB.obj
 0001:00015610       ??$copy_backward@PAU?$pair@HH@std@@PAU12@@std@@YAPAU?$pair@HH@0@PAU10@00@Z 00416610 f i readSVDB.obj
 0001:00015640       ??$CreateNode@V?$hashelement@Vword@svutil@@PAVTask@@@svutil@@@?$sorttree@V?$hashelement@Vword@svutil@@PAVTask@@@svutil@@@svutil@@SAPAV?$treenode@V?$hashelement@Vword@svutil@@PAVTask@@@svutil@@@1@ABV?$hashelement@Vword@svutil@@PAVTask@@@1@@Z 00416640 f i readSVDB.obj
 0001:000156a0       ??$_Uninit_copy@PAUPairTime@@PAU1@V?$allocator@UPairTime@@@std@@@std@@YAPAUPairTime@@PAU1@00AAV?$allocator@UPairTime@@@0@U_Nonscalar_ptr_iterator_tag@0@@Z 004166a0 f i readSVDB.obj
 0001:000156e0       ??$_Uninit_copy@PAU?$pair@HH@std@@PAU12@V?$allocator@U?$pair@HH@std@@@2@@std@@YAPAU?$pair@HH@0@PAU10@00AAV?$allocator@U?$pair@HH@std@@@0@U_Nonscalar_ptr_iterator_tag@0@@Z 004166e0 f i readSVDB.obj
 0001:00015710       ?_Erase@?$_Tree@V?$_Tmap_traits@HPAXU?$less@H@std@@V?$allocator@U?$pair@$$CBHPAX@std@@@2@$0A@@std@@@std@@IAEXPAU_Node@?$_Tree_nod@V?$_Tmap_traits@HPAXU?$less@H@std@@V?$allocator@U?$pair@$$CBHPAX@std@@@2@$0A@@std@@@2@@Z 00416710 f i readSVDB.obj
 0001:00015750       ?_Buynode@?$list@Usv_pair@@V?$allocator@Usv_pair@@@std@@@std@@IAEPAU_Node@?$_List_nod@Usv_pair@@V?$allocator@Usv_pair@@@std@@@2@XZ 00416750 f i readSVDB.obj
 0001:00015770       ?_Incsize@?$list@PAVSubsequentItem@@V?$allocator@PAVSubsequentItem@@@std@@@std@@IAEXI@Z 00416770 f i readSVDB.obj
 0001:00015810       ?_Buynode@?$_Tree@V?$_Tmap_traits@HPAXU?$less@H@std@@V?$allocator@U?$pair@$$CBHPAX@std@@@2@$0A@@std@@@std@@IAEPAU_Node@?$_Tree_nod@V?$_Tmap_traits@HPAXU?$less@H@std@@V?$allocator@U?$pair@$$CBHPAX@std@@@2@$0A@@std@@@2@PAU342@00ABU?$pair@$$CBHPAX@2@D@Z 00416810 f i readSVDB.obj
 0001:00015850       ?_Buynode@?$_Tree@V?$_Tmap_traits@V?$basic_string@DU?$char_traits@D@std@@V?$allocator@D@2@@std@@PAXU?$less@V?$basic_string@DU?$char_traits@D@std@@V?$allocator@D@2@@std@@@2@V?$allocator@U?$pair@$$CBV?$basic_string@DU?$char_traits@D@std@@V?$allocator@D@2@@std@@PAX@std@@@2@$0A@@std@@@std@@IAEPAU_Node@?$_Tree_nod@V?$_Tmap_traits@V?$basic_string@DU?$char_traits@D@std@@V?$allocator@D@2@@std@@PAXU?$less@V?$basic_string@DU?$char_traits@D@std@@V?$allocator@D@2@@std@@@2@V?$allocator@U?$pair@$$CBV?$basic_string@DU?$char_traits@D@std@@V?$allocator@D@2@@std@@PAX@std@@@2@$0A@@std@@@2@PAU342@00ABU?$pair@$$CBV?$basic_string@DU?$char_traits@D@std@@V?$allocator@D@2@@std@@PAX@2@D@Z 00416850 f i readSVDB.obj
 0001:000158f0       ?_Buynode@?$_Tree@V?$_Tmap_traits@HPAXU?$less@H@std@@V?$allocator@U?$pair@$$CBHPAX@std@@@2@$0A@@std@@@std@@IAEPAU_Node@?$_Tree_nod@V?$_Tmap_traits@HPAXU?$less@H@std@@V?$allocator@U?$pair@$$CBHPAX@std@@@2@$0A@@std@@@2@XZ 004168f0 f i readSVDB.obj
 0001:00015930       ?_Buynode@?$_Tree@V?$_Tmap_traits@V?$basic_string@DU?$char_traits@D@std@@V?$allocator@D@2@@std@@PAXU?$less@V?$basic_string@DU?$char_traits@D@std@@V?$allocator@D@2@@std@@@2@V?$allocator@U?$pair@$$CBV?$basic_string@DU?$char_traits@D@std@@V?$allocator@D@2@@std@@PAX@std@@@2@$0A@@std@@@std@@IAEPAU_Node@?$_Tree_nod@V?$_Tmap_traits@V?$basic_string@DU?$char_traits@D@std@@V?$allocator@D@2@@std@@PAXU?$less@V?$basic_string@DU?$char_traits@D@std@@V?$allocator@D@2@@std@@@2@V?$allocator@U?$pair@$$CBV?$basic_string@DU?$char_traits@D@std@@V?$allocator@D@2@@std@@PAX@std@@@2@$0A@@std@@@2@XZ 00416930 f i readSVDB.obj
 0001:00015970       ?InsertNode@?$sorttree@V?$hashelement@Vword@svutil@@PAVTask@@@svutil@@@svutil@@QAEXPAV?$treenode@V?$hashelement@Vword@svutil@@PAVTask@@@svutil@@@2@0@Z 00416970 f i readSVDB.obj
 0001:00015a00       ??$_Uninit_fill_n@PAUPairTime@@IU1@V?$allocator@UPairTime@@@std@@@std@@YAXPAUPairTime@@IABU1@AAV?$allocator@UPairTime@@@0@U_Nonscalar_ptr_iterator_tag@0@@Z 00416a00 f i readSVDB.obj
 0001:00015a40       ??$_Uninit_fill_n@PAU?$pair@HH@std@@IU12@V?$allocator@U?$pair@HH@std@@@2@@std@@YAXPAU?$pair@HH@0@IABU10@AAV?$allocator@U?$pair@HH@std@@@0@U_Nonscalar_ptr_iterator_tag@0@@Z 00416a40 f i readSVDB.obj
 0001:00015a70       ?find@?$_Tree@V?$_Tmap_traits@HPAXU?$less@H@std@@V?$allocator@U?$pair@$$CBHPAX@std@@@2@$0A@@std@@@std@@QAE?AViterator@12@ABH@Z 00416a70 f i readSVDB.obj
 0001:00015ae0       ?_Insert@?$_Tree@V?$_Tmap_traits@HPAXU?$less@H@std@@V?$allocator@U?$pair@$$CBHPAX@std@@@2@$0A@@std@@@std@@IAE?AViterator@12@_NPAU_Node@?$_Tree_nod@V?$_Tmap_traits@HPAXU?$less@H@std@@V?$allocator@U?$pair@$$CBHPAX@std@@@2@$0A@@std@@@2@ABU?$pair@$$CBHPAX@2@@Z 00416ae0 f i readSVDB.obj
 0001:00015ca0       ?_Insert@?$_Tree@V?$_Tmap_traits@V?$basic_string@DU?$char_traits@D@std@@V?$allocator@D@2@@std@@PAXU?$less@V?$basic_string@DU?$char_traits@D@std@@V?$allocator@D@2@@std@@@2@V?$allocator@U?$pair@$$CBV?$basic_string@DU?$char_traits@D@std@@V?$allocator@D@2@@std@@PAX@std@@@2@$0A@@std@@@std@@IAE?AViterator@12@_NPAU_Node@?$_Tree_nod@V?$_Tmap_traits@V?$basic_string@DU?$char_traits@D@std@@V?$allocator@D@2@@std@@PAXU?$less@V?$basic_string@DU?$char_traits@D@std@@V?$allocator@D@2@@std@@@2@V?$allocator@U?$pair@$$CBV?$basic_string@DU?$char_traits@D@std@@V?$allocator@D@2@@std@@PAX@std@@@2@$0A@@std@@@2@ABU?$pair@$$CBV?$basic_string@DU?$char_traits@D@std@@V?$allocator@D@2@@std@@PAX@2@@Z 00416ca0 f i readSVDB.obj
 0001:00015e60       ?InsertNodeEx@?$sorttree@V?$hashelement@Vword@svutil@@PAVTask@@@svutil@@@svutil@@QAEAAV?$hashelement@Vword@svutil@@PAVTask@@@2@ABV32@@Z 00416e60 f i readSVDB.obj
 0001:00015ef0       ?erase@?$_Tree@V?$_Tmap_traits@HPAXU?$less@H@std@@V?$allocator@U?$pair@$$CBHPAX@std@@@2@$0A@@std@@@std@@QAE?AViterator@12@V312@@Z 00416ef0 f i readSVDB.obj
 0001:000161c0       ?erase@?$_Tree@V?$_Tmap_traits@V?$basic_string@DU?$char_traits@D@std@@V?$allocator@D@2@@std@@PAXU?$less@V?$basic_string@DU?$char_traits@D@std@@V?$allocator@D@2@@std@@@2@V?$allocator@U?$pair@$$CBV?$basic_string@DU?$char_traits@D@std@@V?$allocator@D@2@@std@@PAX@std@@@2@$0A@@std@@@std@@QAE?AViterator@12@V312@@Z 004171c0 f i readSVDB.obj
 0001:000164a0       ?insert@?$_Tree@V?$_Tmap_traits@HPAXU?$less@H@std@@V?$allocator@U?$pair@$$CBHPAX@std@@@2@$0A@@std@@@std@@QAE?AU?$pair@Viterator@?$_Tree@V?$_Tmap_traits@HPAXU?$less@H@std@@V?$allocator@U?$pair@$$CBHPAX@std@@@2@$0A@@std@@@std@@_N@2@ABU?$pair@$$CBHPAX@2@@Z 004174a0 f i readSVDB.obj
 0001:00016560       ?insert@?$_Tree@V?$_Tmap_traits@V?$basic_string@DU?$char_traits@D@std@@V?$allocator@D@2@@std@@PAXU?$less@V?$basic_string@DU?$char_traits@D@std@@V?$allocator@D@2@@std@@@2@V?$allocator@U?$pair@$$CBV?$basic_string@DU?$char_traits@D@std@@V?$allocator@D@2@@std@@PAX@std@@@2@$0A@@std@@@std@@QAE?AU?$pair@Viterator@?$_Tree@V?$_Tmap_traits@V?$basic_string@DU?$char_traits@D@std@@V?$allocator@D@2@@std@@PAXU?$less@V?$basic_string@DU?$char_traits@D@std@@V?$allocator@D@2@@std@@@2@V?$allocator@U?$pair@$$CBV?$basic_string@DU?$char_traits@D@std@@V?$allocator@D@2@@std@@PAX@std@@@2@$0A@@std@@@std@@_N@2@ABU?$pair@$$CBV?$basic_string@DU?$char_traits@D@std@@V?$allocator@D@2@@std@@PAX@2@@Z 00417560 f i readSVDB.obj
 0001:00016640       ??0?$list@Usv_pair@@V?$allocator@Usv_pair@@@std@@@std@@QAE@XZ 00417640 f i readSVDB.obj
 0001:00016660       ?_Ufill@?$vector@UPairTime@@V?$allocator@UPairTime@@@std@@@std@@IAEPAUPairTime@@PAU3@IABU3@@Z 00417660 f i readSVDB.obj
 0001:00016690       ?_Erase@?$_Tree@V?$_Tmap_traits@V?$basic_string@DU?$char_traits@D@std@@V?$allocator@D@2@@std@@PAXU?$less@V?$basic_string@DU?$char_traits@D@std@@V?$allocator@D@2@@std@@@2@V?$allocator@U?$pair@$$CBV?$basic_string@DU?$char_traits@D@std@@V?$allocator@D@2@@std@@PAX@std@@@2@$0A@@std@@@std@@IAEXPAU_Node@?$_Tree_nod@V?$_Tmap_traits@V?$basic_string@DU?$char_traits@D@std@@V?$allocator@D@2@@std@@PAXU?$less@V?$basic_string@DU?$char_traits@D@std@@V?$allocator@D@2@@std@@@2@V?$allocator@U?$pair@$$CBV?$basic_string@DU?$char_traits@D@std@@V?$allocator@D@2@@std@@PAX@std@@@2@$0A@@std@@@2@@Z 00417690 f i readSVDB.obj
 0001:000166d0       ?_Ufill@?$vector@U?$pair@HH@std@@V?$allocator@U?$pair@HH@std@@@2@@std@@IAEPAU?$pair@HH@2@PAU32@IABU32@@Z 004176d0 f i readSVDB.obj
 0001:00016700       ?insert@?$hashnode@Vword@svutil@@PAVTask@@@svutil@@QAEAAV?$hashelement@Vword@svutil@@PAVTask@@@2@ABVword@2@ABQAVTask@@@Z 00417700 f i readSVDB.obj
 0001:000167e0       ?erase@?$_Tree@V?$_Tmap_traits@HPAXU?$less@H@std@@V?$allocator@U?$pair@$$CBHPAX@std@@@2@$0A@@std@@@std@@QAE?AViterator@12@V312@0@Z 004177e0 f i readSVDB.obj
 0001:000168a0       ?clear@?$list@Usv_pair@@V?$allocator@Usv_pair@@@std@@@std@@QAEXXZ 004178a0 f i readSVDB.obj
 0001:000168e0       ?_Insert_n@?$vector@U?$pair@HH@std@@V?$allocator@U?$pair@HH@std@@@2@@std@@IAEXViterator@12@IABU?$pair@HH@2@@Z 004178e0 f i readSVDB.obj
 0001:00016b30       ?FastGetMonitorTPL@readSVDB@@AAEPAXH@Z 00417b30 f   readSVDB.obj
 0001:00016c10       ?FastGetEntityTPL@readSVDB@@AAEPAXV?$basic_string@DU?$char_traits@D@std@@V?$allocator@D@2@@std@@@Z 00417c10 f   readSVDB.obj
 0001:00016db0       ?FastGetMonitor@readSVDB@@AAEPAXV?$basic_string@DU?$char_traits@D@std@@V?$allocator@D@2@@std@@@Z 00417db0 f   readSVDB.obj
 0001:00016f50       ?FastGetEntity@readSVDB@@AAEPAXV?$basic_string@DU?$char_traits@D@std@@V?$allocator@D@2@@std@@@Z 00417f50 f   readSVDB.obj
 0001:000170f0       ?GetMonitorParaValueByName@readSVDB@@QAE_NV?$basic_string@DU?$char_traits@D@std@@V?$allocator@D@2@@std@@0AAV23@@Z 004180f0 f   readSVDB.obj
 0001:00017650       ?GetSMCommon@readSVDB@@QAE_NPAVMonitor@@V?$basic_string@DU?$char_traits@D@std@@V?$allocator@D@2@@std@@@Z 00418650 f   readSVDB.obj
 0001:00017970       ?GetConditionString@readSVDB@@QAE_NV?$basic_string@DU?$char_traits@D@std@@V?$allocator@D@2@@std@@IAAV23@@Z 00418970 f   readSVDB.obj
 0001:00017aa0       ?GetSMStateConditionItemList@readSVDB@@QAE_NV?$basic_string@DU?$char_traits@D@std@@V?$allocator@D@2@@std@@AAV?$list@PAVStateConditionItem@@V?$allocator@PAVStateConditionItem@@@std@@@3@I@Z 00418aa0 f   readSVDB.obj
 0001:00017dc0       ?GetEntityConfigValue@readSVDB@@QAE_NV?$basic_string@DU?$char_traits@D@std@@V?$allocator@D@2@@std@@0AAV23@@Z 00418dc0 f   readSVDB.obj
 0001:00017ef0       ?GetMLValue@readSVDB@@QAE_NV?$basic_string@DU?$char_traits@D@std@@V?$allocator@D@2@@std@@0AAV23@@Z 00418ef0 f   readSVDB.obj
 0001:00018020       ?GetMLRunParaNames@readSVDB@@QAE_NV?$basic_string@DU?$char_traits@D@std@@V?$allocator@D@2@@std@@AAV?$list@V?$basic_string@DU?$char_traits@D@std@@V?$allocator@D@2@@std@@V?$allocator@V?$basic_string@DU?$char_traits@D@std@@V?$allocator@D@2@@std@@@2@@3@@Z 00419020 f   readSVDB.obj
 0001:000182c0       ?GetMLReturnDataList@readSVDB@@QAE_NAAV?$list@PAVReturnData@@V?$allocator@PAVReturnData@@@std@@@std@@H@Z 004192c0 f   readSVDB.obj
 0001:00018610       ?_Insert_n@?$vector@UPairTime@@V?$allocator@UPairTime@@@std@@@std@@IAEXViterator@12@IABUPairTime@@@Z 00419610 f i readSVDB.obj
[...]
 0001:00023b40       $L22974                    00424b40 f   stlini.obj
 0001:00023b40       $L26869                    00424b40 f   stlini.obj
 0001:00023b49       $L26889                    00424b49 f   stlini.obj
 0001:00023b49       $L22994                    00424b49 f   stlini.obj
 0001:00023b52       __ehhandler$?_Insert@?$_Tree@V?$_Tmap_traits@V?$basic_string@DU?$char_traits@D@std@@V?$allocator@D@2@@std@@V?$map@V?$basic_string@DU?$char_traits@D@std@@V?$allocator@D@2@@std@@V12@UStlIniCompareStringNoCase@@V?$allocator@U?$pair@$$CBV?$basic_string@DU?$char_traits@D@std@@V?$allocator@D@2@@std@@V12@@std@@@2@@2@UStlIniCompareStringNoCase@@V?$allocator@U?$pair@$$CBV?$basic_string@DU?$char_traits@D@std@@V?$allocator@D@2@@std@@V?$map@V?$basic_string@DU?$char_traits@D@std@@V?$allocator@D@2@@std@@V12@UStlIniCompareStringNoCase@@V?$allocator@U?$pair@$$CBV?$basic_string@DU?$char_traits@D@std@@V?$allocator@D@2@@std@@V12@@std@@@2@@2@@std@@@2@$0A@@std@@@std@@IAE?AViterator@12@_NPAU_Node@?$_Tree_nod@V?$_Tmap_traits@V?$basic_string@DU?$char_traits@D@std@@V?$allocator@D@2@@std@@V?$map@V?$basic_string@DU?$char_traits@D@std@@V?$allocator@D@2@@std@@V12@UStlIniCompareStringNoCase@@V?$allocator@U?$pair@$$CBV?$basic_string@DU?$char_traits@D@std@@V?$allocator@D@2@@std@@V12@@std@@@2@@2@UStlIniCompareStringNoCase@@V?$allocator@U?$pair@$$CBV?$basic_string@DU?$char_traits@D@std@@V?$allocator@D@2@@std@@V?$map@V?$basic_string@DU?$char_traits@D@std@@V?$allocator@D@2@@std@@V12@UStlIniCompareStringNoCase@@V?$allocator@U?$pair@$$CBV?$basic_string@DU?$char_traits@D@std@@V?$allocator@D@2@@std@@V12@@std@@@2@@2@@std@@@2@$0A@@std@@@2@ABU?$pair@$$CBV?$basic_string@DU?$char_traits@D@std@@V?$allocator@D@2@@std@@V?$map@V?$basic_string@DU?$char_traits@D@std@@V?$allocator@D@2@@std@@V12@UStlIniCompareStringNoCase@@V?$allocator@U?$pair@$$CBV?$basic_string@DU?$char_traits@D@std@@V?$allocator@D@2@@std@@V12@@std@@@2@@2@@2@@Z 00424b52 f   stlini.obj
 0001:00023b52       __ehhandler$?_Insert@?$_Tree@V?$_Tmap_traits@V?$basic_string@DU?$char_traits@D@std@@V?$allocator@D@2@@std@@V12@UStlIniCompareStringNoCase@@V?$allocator@U?$pair@$$CBV?$basic_string@DU?$char_traits@D@std@@V?$allocator@D@2@@std@@V12@@std@@@2@$0A@@std@@@std@@IAE?AViterator@12@_NPAU_Node@?$_Tree_nod@V?$_Tmap_traits@V?$basic_string@DU?$char_traits@D@std@@V?$allocator@D@2@@std@@V12@UStlIniCompareStringNoCase@@V?$allocator@U?$pair@$$CBV?$basic_string@DU?$char_traits@D@std@@V?$allocator@D@2@@std@@V12@@std@@@2@$0A@@std@@@2@ABU?$pair@$$CBV?$basic_string@DU?$char_traits@D@std@@V?$allocator@D@2@@std@@V12@@2@@Z 00424b52 f   stlini.obj
 0001:00023b60       $L27820                    00424b60 f   stlini.obj
 0001:00023b6b       $L27821                    00424b6b f   stlini.obj
 0001:00023b77       $L27822                    00424b77 f   stlini.obj
 0001:00023b83       $L27823                    00424b83 f   stlini.obj
 0001:00023b8e       $L27824                    00424b8e f   stlini.obj
 0001:00023b99       $L27825                    00424b99 f   stlini.obj
 0001:00023ba5       $L27826                    00424ba5 f   stlini.obj
 0001:00023bb0       $L27827                    00424bb0 f   stlini.obj
 0001:00023bbb       $L27829                    00424bbb f   stlini.obj
 0001:00023bc4       $L27830                    00424bc4 f   stlini.obj
 0001:00023bcd       $L27831                    00424bcd f   stlini.obj
 0001:00023bd5       $L27832                    00424bd5 f   stlini.obj
 0001:00023be0       __ehhandler$?PutIniSetting@@YAXAAV?$map@V?$basic_string@DU?$char_traits@D@std@@V?$allocator@D@2@@std@@V?$map@V?$basic_string@DU?$char_traits@D@std@@V?$allocator@D@2@@std@@V12@UStlIniCompareStringNoCase@@V?$allocator@U?$pair@$$CBV?$basic_string@DU?$char_traits@D@std@@V?$allocator@D@2@@std@@V12@@std@@@2@@2@UStlIniCompareStringNoCase@@V?$allocator@U?$pair@$$CBV?$basic_string@DU?$char_traits@D@std@@V?$allocator@D@2@@std@@V?$map@V?$basic_string@DU?$char_traits@D@std@@V?$allocator@D@2@@std@@V12@UStlIniCompareStringNoCase@@V?$allocator@U?$pair@$$CBV?$basic_string@DU?$char_traits@D@std@@V?$allocator@D@2@@std@@V12@@std@@@2@@2@@std@@@2@@std@@PBD11@Z 00424be0 f   stlini.obj
 0001:00023bf0       __ehhandler$?_Copy@?$_Tree@V?$_Tmap_traits@V?$basic_string@DU?$char_traits@D@std@@V?$allocator@D@2@@std@@V?$map@V?$basic_string@DU?$char_traits@D@std@@V?$allocator@D@2@@std@@V12@UStlIniCompareStringNoCase@@V?$allocator@U?$pair@$$CBV?$basic_string@DU?$char_traits@D@std@@V?$allocator@D@2@@std@@V12@@std@@@2@@2@UStlIniCompareStringNoCase@@V?$allocator@U?$pair@$$CBV?$basic_string@DU?$char_traits@D@std@@V?$allocator@D@2@@std@@V?$map@V?$basic_string@DU?$char_traits@D@std@@V?$allocator@D@2@@std@@V12@UStlIniCompareStringNoCase@@V?$allocator@U?$pair@$$CBV?$basic_string@DU?$char_traits@D@std@@V?$allocator@D@2@@std@@V12@@std@@@2@@2@@std@@@2@$0A@@std@@@std@@IAEPAU_Node@?$_Tree_nod@V?$_Tmap_traits@V?$basic_string@DU?$char_traits@D@std@@V?$allocator@D@2@@std@@V?$map@V?$basic_string@DU?$char_traits@D@std@@V?$allocator@D@2@@std@@V12@UStlIniCompareStringNoCase@@V?$allocator@U?$pair@$$CBV?$basic_string@DU?$char_traits@D@std@@V?$allocator@D@2@@std@@V12@@std@@@2@@2@UStlIniCompareStringNoCase@@V?$allocator@U?$pair@$$CBV?$basic_string@DU?$char_traits@D@std@@V?$allocator@D@2@@std@@V?$map@V?$basic_string@DU?$char_traits@D@std@@V?$allocator@D@2@@std@@V12@UStlIniCompareStringNoCase@@V?$allocator@U?$pair@$$CBV?$basic_string@DU?$char_traits@D@std@@V?$allocator@D@2@@std@@V12@@std@@@2@@2@@std@@@2@$0A@@std@@@2@PAU342@0@Z 00424bf0 f   stlini.obj
 0001:00023c00       __ehhandler$??0?$_Tree@V?$_Tmap_traits@V?$basic_string@DU?$char_traits@D@std@@V?$allocator@D@2@@std@@V?$map@V?$basic_string@DU?$char_traits@D@std@@V?$allocator@D@2@@std@@V12@UStlIniCompareStringNoCase@@V?$allocator@U?$pair@$$CBV?$basic_string@DU?$char_traits@D@std@@V?$allocator@D@2@@std@@V12@@std@@@2@@2@UStlIniCompareStringNoCase@@V?$allocator@U?$pair@$$CBV?$basic_string@DU?$char_traits@D@std@@V?$allocator@D@2@@std@@V?$map@V?$basic_string@DU?$char_traits@D@std@@V?$allocator@D@2@@std@@V12@UStlIniCompareStringNoCase@@V?$allocator@U?$pair@$$CBV?$basic_string@DU?$char_traits@D@std@@V?$allocator@D@2@@std@@V12@@std@@@2@@2@@std@@@2@$0A@@std@@@std@@QAE@ABV01@@Z 00424c00 f   stlini.obj
 0001:00023c10       $L29620                    00424c10 f   stlini.obj
 0001:00023c1b       $L29621                    00424c1b f   stlini.obj
 0001:00023c27       $L29622                    00424c27 f   stlini.obj
 0001:00023c33       $L29623                    00424c33 f   stlini.obj
 0001:00023c52       __ehhandler$?LoadIni@@YA?AV?$map@V?$basic_string@DU?$char_traits@D@std@@V?$allocator@D@2@@std@@V?$map@V?$basic_string@DU?$char_traits@D@std@@V?$allocator@D@2@@std@@V12@UStlIniCompareStringNoCase@@V?$allocator@U?$pair@$$CBV?$basic_string@DU?$char_traits@D@std@@V?$allocator@D@2@@std@@V12@@std@@@2@@2@UStlIniCompareStringNoCase@@V?$allocator@U?$pair@$$CBV?$basic_string@DU?$char_traits@D@std@@V?$allocator@D@2@@std@@V?$map@V?$basic_string@DU?$char_traits@D@std@@V?$allocator@D@2@@std@@V12@UStlIniCompareStringNoCase@@V?$allocator@U?$pair@$$CBV?$basic_string@DU?$char_traits@D@std@@V?$allocator@D@2@@std@@V12@@std@@@2@@2@@std@@@2@@std@@PBD@Z 00424c52 f   stlini.obj
 0001:00023c60       $L49680                    00424c60 f   Subsequent.obj
 0001:00023c68       __ehhandler$?GetValueByMonitor@Subsequent@@QAEHPAVMonitor@@AAH1@Z 00424c68 f   Subsequent.obj
 0001:00023c80       $L50076                    00424c80 f   Subsequent.obj
 0001:00023c8b       __ehhandler$??1Subsequent@@UAE@XZ 00424c8b f   Subsequent.obj
 0001:00023ca0       $L50843                    00424ca0 f   Subsequent.obj
 0001:00023cab       $L50844                    00424cab f   Subsequent.obj
 0001:00023cb9       $L50845                    00424cb9 f   Subsequent.obj
 0001:00023cc4       $L50846                    00424cc4 f   Subsequent.obj
 0001:00023ccf       $L50847                    00424ccf f   Subsequent.obj
 0001:00023cda       __ehhandler$?FromTextMap@Subsequent@@QAE_NAAV?$hashtable@Vword@svutil@@V12@@svutil@@@Z 00424cda f   Subsequent.obj
 0001:00023cf0       $L51366                    00424cf0 f   Subsequent.obj
 0001:00023cfb       $L51367                    00424cfb f   Subsequent.obj
 0001:00023d06       $L51368                    00424d06 f   Subsequent.obj
 0001:00023d11       $L51369                    00424d11 f   Subsequent.obj
 0001:00023d1c       __ehhandler$?ToTextMap@Subsequent@@QAE_NAAV?$hashtable@Vword@svutil@@V12@@svutil@@@Z 00424d1c f   Subsequent.obj
 0001:00023d30       $L41379                    00424d30 f   SubsequentItem.obj
 0001:00023d30       $L41362                    00424d30 f   SubsequentItem.obj
 0001:00023d38       __ehhandler$??1SubsequentItem@@QAE@XZ 00424d38 f   SubsequentItem.obj
 0001:00023d38       __ehhandler$??0SubsequentItem@@QAE@XZ 00424d38 f   SubsequentItem.obj
 0001:00023d50       $L48063                    00424d50 f   Task.obj
 0001:00023d50       $L48027                    00424d50 f   Task.obj
 0001:00023d66       __ehhandler$??0Task@@QAE@XZ 00424d66 f   Task.obj
 0001:00023d66       __ehhandler$??1Task@@QAE@XZ 00424d66 f   Task.obj
 0001:00023d70       $L48086                    00424d70 f   Task.obj
 0001:00023d7b       $L48087                    00424d7b f   Task.obj
 0001:00023d86       $L48088                    00424d86 f   Task.obj
 0001:00023d91       $L48089                    00424d91 f   Task.obj
 0001:00023d9c       $L48090                    00424d9c f   Task.obj
 0001:00023da7       $L48091                    00424da7 f   Task.obj
 0001:00023db2       $L48092                    00424db2 f   Task.obj
 0001:00023dbd       $L48093                    00424dbd f   Task.obj
 0001:00023dc8       $L48094                    00424dc8 f   Task.obj
 0001:00023dd3       __ehhandler$?ToTextMap@Task@@QAE_NAAV?$hashtable@Vword@svutil@@V12@@svutil@@@Z 00424dd3 f   Task.obj
 0001:00023de0       $L48393                    00424de0 f   Task.obj
 0001:00023deb       $L48394                    00424deb f   Task.obj
 0001:00023df6       $L48395                    00424df6 f   Task.obj
 0001:00023e01       $L48396                    00424e01 f   Task.obj
 0001:00023e0c       $L48397                    00424e0c f   Task.obj
 0001:00023e17       $L48398                    00424e17 f   Task.obj
 0001:00023e22       $L48399                    00424e22 f   Task.obj
 0001:00023e2d       $L48400                    00424e2d f   Task.obj
 0001:00023e38       __ehhandler$?FromTextMap@Task@@QAE_NAAV?$hashtable@Vword@svutil@@V12@@svutil@@@Z 00424e38 f   Task.obj
 0001:00023e50       $L52387                    00424e50 f   ThreadContrl.obj
 0001:00023e50       $L52301                    00424e50 f   ThreadContrl.obj
 0001:00023e59       $L52388                    00424e59 f   ThreadContrl.obj
 0001:00023e59       $L52302                    00424e59 f   ThreadContrl.obj
 0001:00023e61       __ehhandler$?CheckSubsequent@ThreadContrl@@IAE_NPAVMonitor@@AA_N1@Z 00424e61 f   ThreadContrl.obj
 0001:00023e61       __ehhandler$?CheckSubsequent@ThreadContrl@@IAEHPAVMonitor@@@Z 00424e61 f   ThreadContrl.obj
 0001:00023e70       $L52519                    00424e70 f   ThreadContrl.obj
 0001:00023e78       __ehhandler$?AdjustRetByMonitor@ThreadContrl@@QAEXPAVMonitor@@H@Z 00424e78 f   ThreadContrl.obj
 0001:00023e90       $L54732                    00424e90 f   ThreadContrl.obj
 0001:00023e99       $L54752                    00424e99 f   ThreadContrl.obj
 0001:00023ea2       __ehhandler$?_Incsize@?$list@PAVThreadEx@@V?$allocator@PAVThreadEx@@@std@@@std@@IAEXI@Z 00424ea2 f   ThreadContrl.obj
 0001:00023eb0       $L55397                    00424eb0 f   ThreadContrl.obj
 0001:00023eb0       $L55497                    00424eb0 f   ThreadContrl.obj
 0001:00023eb8       $L55398                    00424eb8 f   ThreadContrl.obj
 0001:00023eb8       $L55498                    00424eb8 f   ThreadContrl.obj
 0001:00023ec4       $L55399                    00424ec4 f   ThreadContrl.obj
 0001:00023ec4       $L55499                    00424ec4 f   ThreadContrl.obj
 0001:00023ed2       __ehhandler$??0ThreadContrl@@QAE@XZ 00424ed2 f   ThreadContrl.obj
 0001:00023ed2       __ehhandler$??1ThreadContrl@@UAE@XZ 00424ed2 f   ThreadContrl.obj
 0001:00023ee0       $L55553                    00424ee0 f   ThreadContrl.obj
 0001:00023ee8       $L55554                    00424ee8 f   ThreadContrl.obj
 0001:00023ef3       __ehhandler$?AddNewThreads@ThreadContrl@@AAEHH@Z 00424ef3 f   ThreadContrl.obj
 0001:00023f00       $L55659                    00424f00 f   ThreadContrl.obj
 0001:00023f00       $L55917                    00424f00 f   ThreadContrl.obj
 0001:00023f09       __ehhandler$?AddToIdleThread@ThreadContrl@@QAEXPAVThreadEx@@@Z 00424f09 f   ThreadContrl.obj
 0001:00023f09       __ehhandler$?GetIdleThread@ThreadContrl@@AAEPAVThreadEx@@XZ 00424f09 f   ThreadContrl.obj
 0001:00023f20       $L56496                    00424f20 f   ThreadContrl.obj
 0001:00023f28       __ehhandler$?AddTask@ThreadContrl@@QAEHPAVMonitor@@@Z 00424f28 f   ThreadContrl.obj
 0001:00023f40       $L56554                    00424f40 f   ThreadContrl.obj
 0001:00023f48       $L56555                    00424f48 f   ThreadContrl.obj
 0001:00023f50       __ehhandler$?ProcessSingleTaskEx@ThreadContrl@@IAEHPAVMonitor@@@Z 00424f50 f   ThreadContrl.obj
 0001:00023f60       $L56753                    00424f60 f   ThreadContrl.obj
 0001:00023f68       $L56755                    00424f68 f   ThreadContrl.obj
 0001:00023f70       __ehhandler$?run@ThreadContrl@@UAEXXZ 00424f70 f   ThreadContrl.obj
 0001:00023f80       $L44988                    00424f80 f   Util.obj
 0001:00023f89       $L44989                    00424f89 f   Util.obj
 0001:00023f92       $L44990                    00424f92 f   Util.obj
 0001:00023f9b       $L44991                    00424f9b f   Util.obj
 0001:00023fa4       $L44992                    00424fa4 f   Util.obj
 0001:00023fad       __ehhandler$?InsertSvdb@Util@@SA_NV?$basic_string@DU?$char_traits@D@std@@V?$allocator@D@2@@std@@PBDH0@Z 00424fad f   Util.obj
 0001:00023fc0       $L45022                    00424fc0 f   Util.obj
 0001:00023fc9       $L45023                    00424fc9 f   Util.obj
 0001:00023fd2       $L45024                    00424fd2 f   Util.obj
 0001:00023fdb       $L45025                    00424fdb f   Util.obj
 0001:00023fe4       __ehhandler$?InsertSvdb@Util@@SA_NV?$basic_string@DU?$char_traits@D@std@@V?$allocator@D@2@@std@@PBDH@Z 00424fe4 f   Util.obj
 0001:00023ff0       $L50009                    00424ff0 f   Util.obj
 0001:00023ff9       __ehhandler$?GetRootPath@Util@@SA?AVTString@@XZ 00424ff9 f   Util.obj
 0001:00024010       $L50115                    00425010 f   Util.obj
 0001:00024018       $L50116                    00425018 f   Util.obj
 0001:00024024       $L50117                    00425024 f   Util.obj
 0001:0002402c       $L50118                    0042502c f   Util.obj
 0001:00024037       $L50119                    00425037 f   Util.obj
 0001:00024040       $L50120                    00425040 f   Util.obj
 0001:00024048       $L50121                    00425048 f   Util.obj
 0001:00024054       __ehhandler$?ErrorLog@Util@@SAXVTString@@@Z 00425054 f   Util.obj
 0001:00024060       $L50175                    00425060 f   Util.obj
 0001:0002406b       $L50176                    0042506b f   Util.obj
 0001:00024076       $L50177                    00425076 f   Util.obj
 0001:00024082       $L50178                    00425082 f   Util.obj
 0001:000240a1       __ehhandler$?GetSVMQAddress@Util@@SA?AVTString@@XZ 004250a1 f   Util.obj
 0001:000240b0       $L50537                    004250b0 f   Util.obj
 0001:000240b8       __ehhandler$??0Util@@QAE@XZ 004250b8 f   Util.obj
 0001:000240d0       _$E1                       004250d0 f   MonitorSchedule.obj
 0001:000240f0       _$E4                       004250f0 f   MonitorSchedule.obj
 0001:00024110       _$E7                       00425110 f   MonitorSchedule.obj
 0001:00024130       _$E10                      00425130 f   MonitorSchedule.obj
 0001:00024150       _$E13                      00425150 f   MonitorSchedule.obj
 0001:00024170       _$E16                      00425170 f   MonitorSchedule.obj
 0001:00024180       _$E1                       00425180 f   readSVDB.obj
 0001:000241a0       _$E4                       004251a0 f   readSVDB.obj
 0001:000241c0       _$E7                       004251c0 f   readSVDB.obj
 0001:000241e0       _$E10                      004251e0 f   readSVDB.obj
 0001:00024200       _$E1                       00425200 f   ScheduleThread.obj
 0001:00024220       _$E4                       00425220 f   ScheduleThread.obj
 0001:00024240       _$E7                       00425240 f   ScheduleThread.obj
 0001:00024260       _$E10                      00425260 f   ScheduleThread.obj
 0001:00024280       _$E1                       00425280 f   Util.obj
 0001:000242a0       _$E4                       004252a0 f   Util.obj
 0001:000242c0       _$E7                       004252c0 f   Util.obj
 0001:000242e0       _$E10                      004252e0 f   Util.obj
 0001:00024300       _$E2                       00425300 f   MonitorSchedule.obj
 0001:00024310       _$E5                       00425310 f   MonitorSchedule.obj
 0001:00024320       _$E8                       00425320 f   MonitorSchedule.obj
 0001:00024330       _$E11                      00425330 f   MonitorSchedule.obj
 0001:00024340       _$E14                      00425340 f   MonitorSchedule.obj
 0001:00024350       _$E17                      00425350 f   MonitorSchedule.obj
 0001:00024360       _$E2                       00425360 f   readSVDB.obj
 0001:00024370       _$E8                       00425370 f   readSVDB.obj
 0001:00024380       _$E11                      00425380 f   readSVDB.obj
 0001:00024390       _$E5                       00425390 f   readSVDB.obj
 0001:000243a0       _$E2                       004253a0 f   ScheduleThread.obj
 0001:000243b0       _$E5                       004253b0 f   ScheduleThread.obj
 0001:000243c0       _$E8                       004253c0 f   ScheduleThread.obj
 0001:000243d0       _$E11                      004253d0 f   ScheduleThread.obj
 0001:000243e0       _$E2                       004253e0 f   Util.obj
 0001:000243f0       _$E5                       004253f0 f   Util.obj
 0001:00024400       _$E8                       00425400 f   Util.obj
 0001:00024410       _$E11                      00425410 f   Util.obj
