 svdb1

 Timestamp is 4637f8a1 (Wed May 02 10:34:09 2007)

 Preferred load address is 00400000

 Start         Length     Name                   Class
 0001:00000000 0002e2b0H .text                   CODE
 0001:0002e2b0 000032f7H .text$x                 CODE
 0001:000315b0 0000001cH .text$yc                CODE
 0001:000315d0 0000000bH .text$yd                CODE
 0002:00000000 00000288H .idata$5                DATA
 0002:00000290 00001ad8H .rdata                  DATA
 0002:00001d68 00000049H .rdata$debug            DATA
 0002:00001db4 00000044H .rdata$r                DATA
 0002:00001e00 0000049cH .rdata$sxdata           DATA
 0002:0000229c 00000004H .rtc$IAA                DATA
 0002:000022a0 00000004H .rtc$IZZ                DATA
 0002:000022a4 00000004H .rtc$TAA                DATA
 0002:000022a8 00000004H .rtc$TZZ                DATA
 0002:000022ac 00004240H .xdata$x                DATA
 0002:000064ec 0000008cH .idata$2                DATA
 0002:00006578 00000014H .idata$3                DATA
 0002:0000658c 00000288H .idata$4                DATA
 0002:00006814 000011b4H .idata$6                DATA
 0002:000079c8 00000000H .edata                  DATA
 0003:00000000 00000004H .CRT$XCA                DATA
 0003:00000004 00000004H .CRT$XCAA               DATA
 0003:00000008 00000004H .CRT$XCU                DATA
 0003:0000000c 00000004H .CRT$XCZ                DATA
 0003:00000010 00000004H .CRT$XIA                DATA
 0003:00000014 00000004H .CRT$XIZ                DATA
 0003:00000020 000000e4H .data                   DATA
 0003:00000104 00000078H .bss                    DATA

  Address         Publics by Value              Rva+Base     Lib:Object

 0000:00000000       __except_list              00000000     <absolute>
 0000:00000127       ___safe_se_handler_count   00000127     <absolute>
 0000:00009876       __ldused                   00009876     <absolute>
 0000:00009876       __fltused                  00009876     <absolute>
 0001:00000000       ??3@YAXPAX0@Z              00401000 f i DB.obj
 0001:00000000       ??1TTime@chen@@QAE@XZ      00401000 f i DB.obj
 0001:00000010       ??1logic_error@std@@UAE@XZ 00401010 f i DB.obj
 0001:00000070       ?what@logic_error@std@@UBEPBDXZ 00401070 f i DB.obj
 0001:00000080       ??_Elogic_error@std@@UAEPAXI@Z 00401080 f i DB.obj
 0001:00000080       ??_Glogic_error@std@@UAEPAXI@Z 00401080 f i DB.obj
 0001:000000a0       ??_Elength_error@std@@UAEPAXI@Z 004010a0 f i DB.obj
 0001:000000a0       ??_Glength_error@std@@UAEPAXI@Z 004010a0 f i DB.obj
 0001:000000c0       ??1length_error@std@@UAE@XZ 004010c0 f i DB.obj
 0001:000000d0       ??0word@chen@@QAE@XZ       004010d0 f i DB.obj
 0001:000000f0       ??1?$hashelement@Vword@chen@@PAVGroup@@@chen@@QAE@XZ 004010f0 f i GroupPool.obj
 0001:000000f0       ??1?$hashelement@Vword@chen@@PAVEntity@@@chen@@QAE@XZ 004010f0 f i EntityPool.obj
 0001:000000f0       ??1?$hashelement@Vword@chen@@PAVResource@@@chen@@QAE@XZ 004010f0 f i ResourcePool.obj
 0001:000000f0       ??1?$hashelement@Vword@chen@@PAVGeneralPool@@@chen@@QAE@XZ 004010f0 f i SvdbMain.obj
 0001:000000f0       ??1?$hashelement@Vword@chen@@PAVSection@@@chen@@QAE@XZ 004010f0 f i GeneralPool.obj
 0001:000000f0       ??1word@chen@@UAE@XZ       004010f0 f i DB.obj
 0001:000000f0       ??1?$hashelement@Vword@chen@@PAVCommonData@@@chen@@QAE@XZ 004010f0 f i GeneralPool.obj
 0001:000000f0       ??1?$hashelement@Vword@chen@@PAVEntityTemplet@@@chen@@QAE@XZ 004010f0 f i EntityTempletPool.obj
 0001:000000f0       ??1?$hashelement@Vword@chen@@PAVMonitor@@@chen@@QAE@XZ 004010f0 f i MonitorPool.obj
 0001:000000f0       ??1?$hashelement@Vword@chen@@PAVTable@@@chen@@QAE@XZ 004010f0 f i DB.obj
 0001:000000f0       ??1?$hashelement@Vword@chen@@PAVQueue@@@chen@@QAE@XZ 004010f0 f i DB.obj
 0001:000000f0       ??1?$hashelement@Vword@chen@@PAVEntityGroup@@@chen@@QAE@XZ 004010f0 f i EntityGroupPool.obj
 0001:00000110       ??_Eword@chen@@UAEPAXI@Z   00401110 f i DB.obj
 0001:00000110       ??_Gword@chen@@UAEPAXI@Z   00401110 f i DB.obj
 0001:00000140       ?GetCurrentTimeEx@TTime@chen@@SA?AV12@XZ 00401140 f i DB.obj
 0001:00000170       ??0exception@chen@@QAE@PBD0@Z 00401170 f i DB.obj
 0001:00000230       ?GetErrorType@exception@chen@@UBEPBDXZ 00401230 f i DB.obj
 0001:00000240       ?GetDescription@exception@chen@@UBEPBDXZ 00401240 f i DB.obj
 0001:00000250       ??_Gexception@chen@@UAEPAXI@Z 00401250 f i DB.obj
 0001:00000250       ??_Eexception@chen@@UAEPAXI@Z 00401250 f i DB.obj
 0001:00000270       ??0?$hashelement@Vword@chen@@PAVTable@@@chen@@QAE@ABVword@1@@Z 00401270 f i DB.obj
 0001:00000270       ??0?$hashelement@Vword@chen@@PAVQueue@@@chen@@QAE@ABVword@1@@Z 00401270 f i DB.obj
 0001:000002d0       ??0?$hashelement@Vword@chen@@PAVTable@@@chen@@QAE@ABVword@1@ABQAVTable@@@Z 004012d0 f i DB.obj
 0001:000002d0       ??0?$hashelement@Vword@chen@@PAVQueue@@@chen@@QAE@ABVword@1@ABQAVQueue@@@Z 004012d0 f i DB.obj
 0001:00000340       ??1?$treenode@V?$hashelement@Vword@chen@@PAVTable@@@chen@@@chen@@UAE@XZ 00401340 f i DB.obj
 0001:00000360       ??1?$treenode@V?$hashelement@Vword@chen@@PAVQueue@@@chen@@@chen@@UAE@XZ 00401360 f i DB.obj
 0001:00000380       ??0logic_error@std@@QAE@ABV01@@Z 00401380 f i DB.obj
 0001:000003e0       ??_E?$treenode@V?$hashelement@Vword@chen@@PAVTable@@@chen@@@chen@@UAEPAXI@Z 004013e0 f i DB.obj
 0001:000003e0       ??_G?$treenode@V?$hashelement@Vword@chen@@PAVTable@@@chen@@@chen@@UAEPAXI@Z 004013e0 f i DB.obj
 0001:00000400       ??_E?$treenode@V?$hashelement@Vword@chen@@PAVQueue@@@chen@@@chen@@UAEPAXI@Z 00401400 f i DB.obj
 0001:00000400       ??_G?$treenode@V?$hashelement@Vword@chen@@PAVQueue@@@chen@@@chen@@UAEPAXI@Z 00401400 f i DB.obj
 0001:00000420       ??0?$hashelement@Vword@chen@@V12@@chen@@QAE@ABVword@1@@Z 00401420 f i DB.obj
 0001:000004a0       ??1?$hashelement@Vword@chen@@V12@@chen@@QAE@XZ 004014a0 f i DB.obj
 0001:000004e0       ?_Xlen@?$vector@PAV?$hashnode@Vword@chen@@PAVTable@@@chen@@V?$allocator@PAV?$hashnode@Vword@chen@@PAVTable@@@chen@@@std@@@std@@IBEXXZ 004014e0 f i DB.obj
 0001:000004e0       ?_Xlen@?$vector@PAVDataType@@V?$allocator@PAVDataType@@@std@@@std@@IBEXXZ 004014e0 f i DB.obj
 0001:000004e0       ?_Xlen@?$vector@PAV?$hashnode@Vword@chen@@PAVQueue@@@chen@@V?$allocator@PAV?$hashnode@Vword@chen@@PAVQueue@@@chen@@@std@@@std@@IBEXXZ 004014e0 f i DB.obj
 0001:00000560       ??M?$treenode@V?$hashelement@Vword@chen@@PAVTable@@@chen@@@chen@@QAE_NV01@@Z 00401560 f i DB.obj
 0001:000005d0       ??O?$treenode@V?$hashelement@Vword@chen@@PAVTable@@@chen@@@chen@@QAE_NV01@@Z 004015d0 f i DB.obj
 0001:00000640       ??0?$treenode@V?$hashelement@Vword@chen@@PAVTable@@@chen@@@chen@@QAE@ABV01@@Z 00401640 f i DB.obj
 0001:000006c0       ??M?$treenode@V?$hashelement@Vword@chen@@PAVQueue@@@chen@@@chen@@QAE_NV01@@Z 004016c0 f i DB.obj
 0001:00000730       ??O?$treenode@V?$hashelement@Vword@chen@@PAVQueue@@@chen@@@chen@@QAE_NV01@@Z 00401730 f i DB.obj
 0001:000007a0       ??0?$treenode@V?$hashelement@Vword@chen@@PAVQueue@@@chen@@@chen@@QAE@ABV01@@Z 004017a0 f i DB.obj
 0001:00000820       ?CountNodes@?$sorttree@V?$hashelement@Vword@chen@@PAVTable@@@chen@@@chen@@AAEXPAV?$treenode@V?$hashelement@Vword@chen@@PAVTable@@@chen@@@2@AAK@Z 00401820 f i DB.obj
 0001:00000850       ?CountNodes@?$sorttree@V?$hashelement@Vword@chen@@PAVQueue@@@chen@@@chen@@AAEXPAV?$treenode@V?$hashelement@Vword@chen@@PAVQueue@@@chen@@@2@AAK@Z 00401850 f i DB.obj
 0001:00000880       ??0?$treenode@V?$hashelement@Vword@chen@@PAVTable@@@chen@@@chen@@QAE@ABV?$hashelement@Vword@chen@@PAVTable@@@1@@Z 00401880 f i DB.obj
 0001:00000900       ??0?$treenode@V?$hashelement@Vword@chen@@PAVQueue@@@chen@@@chen@@QAE@ABV?$hashelement@Vword@chen@@PAVQueue@@@1@@Z 00401900 f i DB.obj
 0001:00000980       ?CreatePagePool@PagePool@@QAE_NHV?$basic_string@DU?$char_traits@D@std@@V?$allocator@D@2@@std@@HH@Z 00401980 f i DB.obj
 0001:00000ac0       ?CreateNewEx@DB@@QAE_NV?$basic_string@DU?$char_traits@D@std@@V?$allocator@D@2@@std@@0HHH@Z 00401ac0 f   DB.obj
 0001:00000cc0       ?DeleteTree@?$sorttree@V?$hashelement@Vword@chen@@PAVTable@@@chen@@@chen@@QAEXPAV?$treenode@V?$hashelement@Vword@chen@@PAVTable@@@chen@@@2@@Z 00401cc0 f i DB.obj
 0001:00000d10       ?DeleteTree@?$sorttree@V?$hashelement@Vword@chen@@PAVQueue@@@chen@@@chen@@QAEXPAV?$treenode@V?$hashelement@Vword@chen@@PAVQueue@@@chen@@@2@@Z 00401d10 f i DB.obj
 0001:00000d60       ?RomoveNode@?$sorttree@V?$hashelement@Vword@chen@@PAVQueue@@@chen@@@chen@@QAEXABV?$hashelement@Vword@chen@@PAVQueue@@@2@@Z 00401d60 f i DB.obj
 0001:00000d60       ?RomoveNode@?$sorttree@V?$hashelement@Vword@chen@@PAVTable@@@chen@@@chen@@QAEXABV?$hashelement@Vword@chen@@PAVTable@@@2@@Z 00401d60 f i DB.obj
 0001:00000f00       ??0length_error@std@@QAE@ABV01@@Z 00401f00 f i DB.obj
 0001:00000f20       ?findnode@?$sorttree@V?$hashelement@Vword@chen@@V12@@chen@@@chen@@QAEPAV?$treenode@V?$hashelement@Vword@chen@@V12@@chen@@@2@ABV?$hashelement@Vword@chen@@V12@@2@PAV32@@Z 00401f20 f i DB.obj
 0001:00000f90       ?InsertNode@?$sorttree@V?$hashelement@Vword@chen@@PAVTable@@@chen@@@chen@@QAEXPAV?$treenode@V?$hashelement@Vword@chen@@PAVTable@@@chen@@@2@0@Z 00401f90 f i DB.obj
 0001:00001020       ?findnextnode@?$sorttree@V?$hashelement@Vword@chen@@PAVTable@@@chen@@@chen@@ABEPAV?$treenode@V?$hashelement@Vword@chen@@PAVTable@@@chen@@@2@AAV?$hashelement@Vword@chen@@PAVTable@@@2@AA_NPAV32@@Z 00402020 f i DB.obj
 0001:00001090       ?InsertNode@?$sorttree@V?$hashelement@Vword@chen@@PAVQueue@@@chen@@@chen@@QAEXPAV?$treenode@V?$hashelement@Vword@chen@@PAVQueue@@@chen@@@2@0@Z 00402090 f i DB.obj
 0001:00001120       ?findnextnode@?$sorttree@V?$hashelement@Vword@chen@@PAVQueue@@@chen@@@chen@@ABEPAV?$treenode@V?$hashelement@Vword@chen@@PAVQueue@@@chen@@@2@AAV?$hashelement@Vword@chen@@PAVQueue@@@2@AA_NPAV32@@Z 00402120 f i DB.obj
 0001:00001190       ??$CreateNode@V?$hashelement@Vword@chen@@PAVTable@@@chen@@@?$sorttree@V?$hashelement@Vword@chen@@PAVTable@@@chen@@@chen@@SAPAV?$treenode@V?$hashelement@Vword@chen@@PAVTable@@@chen@@@1@ABV?$hashelement@Vword@chen@@PAVTable@@@1@@Z 00402190 f i DB.obj
 0001:000011f0       ??$CreateNode@V?$hashelement@Vword@chen@@PAVQueue@@@chen@@@?$sorttree@V?$hashelement@Vword@chen@@PAVQueue@@@chen@@@chen@@SAPAV?$treenode@V?$hashelement@Vword@chen@@PAVQueue@@@chen@@@1@ABV?$hashelement@Vword@chen@@PAVQueue@@@1@@Z 004021f0 f i DB.obj
 0001:00001250       ??_G?$sorttree@V?$hashelement@Vword@chen@@PAVTable@@@chen@@@chen@@UAEPAXI@Z 00402250 f i DB.obj
 0001:00001250       ??_E?$sorttree@V?$hashelement@Vword@chen@@PAVTable@@@chen@@@chen@@UAEPAXI@Z 00402250 f i DB.obj
 0001:000012b0       ??_G?$sorttree@V?$hashelement@Vword@chen@@PAVQueue@@@chen@@@chen@@UAEPAXI@Z 004022b0 f i DB.obj
 0001:000012b0       ??_E?$sorttree@V?$hashelement@Vword@chen@@PAVQueue@@@chen@@@chen@@UAEPAXI@Z 004022b0 f i DB.obj
 0001:00001310       ?_Buynode@?$list@V?$basic_string@DU?$char_traits@D@std@@V?$allocator@D@2@@std@@V?$allocator@V?$basic_string@DU?$char_traits@D@std@@V?$allocator@D@2@@std@@@2@@std@@IAEPAU_Node@?$_List_nod@V?$basic_string@DU?$char_traits@D@std@@V?$allocator@D@2@@std@@V?$allocator@V?$basic_string@DU?$char_traits@D@std@@V?$allocator@D@2@@std@@@2@@2@PAU342@0ABV?$basic_string@DU?$char_traits@D@std@@V?$allocator@D@2@@2@@Z 00402310 f i DB.obj
 0001:000013a0       ?_Incsize@?$list@V?$basic_string@DU?$char_traits@D@std@@V?$allocator@D@2@@std@@V?$allocator@V?$basic_string@DU?$char_traits@D@std@@V?$allocator@D@2@@std@@@2@@std@@IAEXI@Z 004023a0 f i DB.obj
 0001:00001440       ?find@?$hashnode@Vword@chen@@V12@@chen@@QAE_NABVword@2@PAPAV?$hashelement@Vword@chen@@V12@@2@@Z 00402440 f i DB.obj
 0001:00001540       ?find@?$hashnode@Vword@chen@@PAVTable@@@chen@@QAE_NABVword@2@PAPAV?$hashelement@Vword@chen@@PAVTable@@@2@@Z 00402540 f i DB.obj
 0001:00001540       ?find@?$hashnode@Vword@chen@@PAVQueue@@@chen@@QAE_NABVword@2@PAPAV?$hashelement@Vword@chen@@PAVQueue@@@2@@Z 00402540 f i DB.obj
 0001:00001610       ?InsertNodeEx@?$sorttree@V?$hashelement@Vword@chen@@PAVTable@@@chen@@@chen@@QAEAAV?$hashelement@Vword@chen@@PAVTable@@@2@ABV32@@Z 00402610 f i DB.obj
 0001:000016a0       ??1exception@chen@@UAE@XZ  004026a0 f i DB.obj
 0001:000016b0       ??0exception@chen@@QAE@ABV01@@Z 004026b0 f i DB.obj
 0001:00001700       ?InsertNodeEx@?$sorttree@V?$hashelement@Vword@chen@@PAVQueue@@@chen@@@chen@@QAEAAV?$hashelement@Vword@chen@@PAVQueue@@@2@ABV32@@Z 00402700 f i DB.obj
 0001:00001790       ?erase@?$list@PAVStringMap@@V?$allocator@PAVStringMap@@@std@@@std@@QAE?AViterator@12@V312@@Z 00402790 f i DB.obj
 0001:000017d0       ?_Incsize@?$list@PAVStringMap@@V?$allocator@PAVStringMap@@@std@@@std@@IAEXI@Z 004027d0 f i DB.obj
 0001:00001870       ??1?$list@HV?$allocator@H@std@@@std@@QAE@XZ 00402870 f i EntityTemplet.obj
 0001:00001870       ??1?$list@PAVThreadEx@@V?$allocator@PAVThreadEx@@@std@@@std@@QAE@XZ 00402870 f i ThreadContrl.obj
 0001:00001870       ??1?$list@PAVPage@@V?$allocator@PAVPage@@@std@@@std@@QAE@XZ 00402870 f i PagePool.obj
 0001:00001870       ??1?$list@PAVStringMap@@V?$allocator@PAVStringMap@@@std@@@std@@QAE@XZ 00402870 f i DB.obj
 0001:00001870       ?_Tidy@?$list@PAVStringMap@@V?$allocator@PAVStringMap@@@std@@@std@@IAEXXZ 00402870 f i DB.obj
 0001:00001890       ?find@?$hashnode@Vword@chen@@V12@@chen@@QAE_NABVword@2@PAPAV32@@Z 00402890 f i DB.obj
 0001:000018f0       ??1?$hashnode@Vword@chen@@PAVTable@@@chen@@QAE@XZ 004028f0 f i DB.obj
 0001:00001980       ?insert@?$hashnode@Vword@chen@@PAVTable@@@chen@@QAEAAV?$hashelement@Vword@chen@@PAVTable@@@2@ABVword@2@ABQAVTable@@@Z 00402980 f i DB.obj
 0001:00001a60       ?find@?$hashnode@Vword@chen@@PAVQueue@@@chen@@QAE_NABVword@2@PAPAPAVQueue@@@Z 00402a60 f i DB.obj
 0001:00001a60       ?find@?$hashnode@Vword@chen@@PAVTable@@@chen@@QAE_NABVword@2@PAPAPAVTable@@@Z 00402a60 f i DB.obj
 0001:00001ac0       ??1?$hashnode@Vword@chen@@PAVQueue@@@chen@@QAE@XZ 00402ac0 f i DB.obj
 0001:00001b50       ?insert@?$hashnode@Vword@chen@@PAVQueue@@@chen@@QAEAAV?$hashelement@Vword@chen@@PAVQueue@@@2@ABVword@2@ABQAVQueue@@@Z 00402b50 f i DB.obj
 0001:00001c30       ?_Insert_n@?$vector@PAVDataType@@V?$allocator@PAVDataType@@@std@@@std@@IAEXViterator@12@IABQAVDataType@@@Z 00402c30 f i DB.obj
 0001:00001c30       ?_Insert_n@?$vector@PAV?$hashnode@Vword@chen@@PAVQueue@@@chen@@V?$allocator@PAV?$hashnode@Vword@chen@@PAVQueue@@@chen@@@std@@@std@@IAEXViterator@12@IABQAV?$hashnode@Vword@chen@@PAVQueue@@@chen@@@Z 00402c30 f i DB.obj
 0001:00001c30       ?_Insert_n@?$vector@PAV?$hashnode@Vword@chen@@PAVTable@@@chen@@V?$allocator@PAV?$hashnode@Vword@chen@@PAVTable@@@chen@@@std@@@std@@IAEXViterator@12@IABQAV?$hashnode@Vword@chen@@PAVTable@@@chen@@@Z 00402c30 f i DB.obj
 0001:00001e20       ?Find@MonitorTempletPool@@QAE_NH@Z 00402e20 f i DB.obj
 0001:00001e50       ?find@?$hashtable@Vword@chen@@V12@@chen@@QAEPAVword@2@ABV32@@Z 00402e50 f i DB.obj
 0001:00001ec0       ?find@?$hashtable@Vword@chen@@PAVTable@@@chen@@QAEPAPAVTable@@ABVword@2@@Z 00402ec0 f i DB.obj
 0001:00001ec0       ?find@?$hashtable@Vword@chen@@PAVQueue@@@chen@@QAEPAPAVQueue@@ABVword@2@@Z 00402ec0 f i DB.obj
 0001:00001f30       ?clearnodes@?$hashtable@Vword@chen@@PAVTable@@@chen@@IAEXXZ 00402f30 f i DB.obj
 0001:00001fa0       ?clearnodes@?$hashtable@Vword@chen@@PAVQueue@@@chen@@IAEXXZ 00402fa0 f i DB.obj
 0001:00002010       ?findnext@?$hashnode@Vword@chen@@PAVTable@@@chen@@QAE_NAAV?$hashelement@Vword@chen@@PAVTable@@@2@PAPAV32@@Z 00403010 f i DB.obj
 0001:000020c0       ?erase@?$hashnode@Vword@chen@@PAVTable@@@chen@@QAE_NABVword@2@@Z 004030c0 f i DB.obj
 0001:000021d0       ?findnext@?$hashnode@Vword@chen@@PAVQueue@@@chen@@QAE_NAAV?$hashelement@Vword@chen@@PAVQueue@@@2@PAPAV32@@Z 004031d0 f i DB.obj
 0001:00002280       ?erase@?$hashnode@Vword@chen@@PAVQueue@@@chen@@QAE_NABVword@2@@Z 00403280 f i DB.obj
 0001:00002390       ??$_Insert@Vconst_iterator@?$list@PAVStringMap@@V?$allocator@PAVStringMap@@@std@@@std@@@?$list@PAVStringMap@@V?$allocator@PAVStringMap@@@std@@@std@@QAEXViterator@01@Vconst_iterator@01@1Uforward_iterator_tag@1@@Z 00403390 f i DB.obj
 0001:00002440       ?QueryRecordByCount@DB@@QAEHV?$basic_string@DU?$char_traits@D@std@@V?$allocator@D@2@@std@@IAAVbuffer@chen@@AAH@Z 00403440 f   DB.obj
 0001:000025e0       ?QueryRecordByTimeEx@DB@@QAEHV?$basic_string@DU?$char_traits@D@std@@V?$allocator@D@2@@std@@VTTime@chen@@1AAVbuffer@5@AAH@Z 004035e0 f   DB.obj
 0001:000027a0       ?QueryDyn@DB@@QAEHV?$basic_string@DU?$char_traits@D@std@@V?$allocator@D@2@@std@@PADAAI@Z 004037a0 f   DB.obj
 0001:000028b0       ?QueryDynNOStr@DB@@QAEHV?$basic_string@DU?$char_traits@D@std@@V?$allocator@D@2@@std@@PADAAI@Z 004038b0 f   DB.obj
 0001:000029c0       ?DeleteRecordsByTime@DB@@QAE_NV?$basic_string@DU?$char_traits@D@std@@V?$allocator@D@2@@std@@VTTime@chen@@@Z 004039c0 f   DB.obj
 0001:00002ad0       ?AppendQueueMessage@DB@@QAE_NV?$basic_string@DU?$char_traits@D@std@@V?$allocator@D@2@@std@@PBDI@Z 00403ad0 f   DB.obj
 0001:00002bf0       ?PeekQueueMessage@DB@@QAEHV?$basic_string@DU?$char_traits@D@std@@V?$allocator@D@2@@std@@AAVbuffer@chen@@AAI_NI@Z 00403bf0 f   DB.obj
 0001:00002d00       ?PopQueueMessage@DB@@QAEHV?$basic_string@DU?$char_traits@D@std@@V?$allocator@D@2@@std@@AAVbuffer@chen@@AAI_NI@Z 00403d00 f   DB.obj
 0001:00002e10       ?GetQueueRecordCount@DB@@QAEHV?$basic_string@DU?$char_traits@D@std@@V?$allocator@D@2@@std@@AAI@Z 00403e10 f   DB.obj
 0001:00002f20       ?ClearQueueRecords@DB@@QAEHV?$basic_string@DU?$char_traits@D@std@@V?$allocator@D@2@@std@@@Z 00403f20 f   DB.obj
 0001:00003040       ?push_back@?$vector@PAVDataType@@V?$allocator@PAVDataType@@@std@@@std@@QAEXABQAVDataType@@@Z 00404040 f i DB.obj
 0001:00003090       ??1?$hashtable@Vword@chen@@PAVTable@@@chen@@QAE@XZ 00404090 f i DB.obj
 0001:000030f0       ?erase@?$hashtable@Vword@chen@@PAVTable@@@chen@@QAE_NABVword@2@@Z 004040f0 f i DB.obj
 0001:00003190       ?findnext@?$hashtable@Vword@chen@@PAVTable@@@chen@@QAE_NAAViterator@12@@Z 00404190 f i DB.obj
 0001:00003230       ??1?$hashtable@Vword@chen@@PAVQueue@@@chen@@QAE@XZ 00404230 f i DB.obj
 0001:00003290       ?erase@?$hashtable@Vword@chen@@PAVQueue@@@chen@@QAE_NABVword@2@@Z 00404290 f i DB.obj
 0001:00003330       ?findnext@?$hashtable@Vword@chen@@PAVQueue@@@chen@@QAE_NAAViterator@12@@Z 00404330 f i DB.obj
 0001:000033d0       ?resize@?$vector@PAV?$hashnode@Vword@chen@@PAVQueue@@@chen@@V?$allocator@PAV?$hashnode@Vword@chen@@PAVQueue@@@chen@@@std@@@std@@QAEXIPAV?$hashnode@Vword@chen@@PAVQueue@@@chen@@@Z 004043d0 f i DB.obj
 0001:000033d0       ?resize@?$vector@PAV?$hashnode@Vword@chen@@PAVTable@@@chen@@V?$allocator@PAV?$hashnode@Vword@chen@@PAVTable@@@chen@@@std@@@std@@QAEXIPAV?$hashnode@Vword@chen@@PAVTable@@@chen@@@Z 004043d0 f i DB.obj
 0001:00003460       ?DeleteTable@DB@@QAE_NV?$basic_string@DU?$char_traits@D@std@@V?$allocator@D@2@@std@@@Z 00404460 f   DB.obj
 0001:000035f0       ?GetAllTableNames@DB@@QAE_NAAV?$list@V?$basic_string@DU?$char_traits@D@std@@V?$allocator@D@2@@std@@V?$allocator@V?$basic_string@DU?$char_traits@D@std@@V?$allocator@D@2@@std@@@2@@std@@@Z 004045f0 f   DB.obj
 0001:000036e0       ?GetAllQueueNames@DB@@QAE_NAAV?$list@V?$basic_string@DU?$char_traits@D@std@@V?$allocator@D@2@@std@@V?$allocator@V?$basic_string@DU?$char_traits@D@std@@V?$allocator@D@2@@std@@@2@@std@@@Z 004046e0 f   DB.obj
 0001:000037d0       ?DeleteQueue@DB@@QAEHV?$basic_string@DU?$char_traits@D@std@@V?$allocator@D@2@@std@@@Z 004047d0 f   DB.obj
 0001:00003960       ??0?$list@PAVStringMap@@V?$allocator@PAVStringMap@@@std@@@std@@QAE@ABV01@@Z 00404960 f i DB.obj
 0001:000039e0       ?insert@?$hashtable@Vword@chen@@PAVTable@@@chen@@QAEAAPAVTable@@ABVword@2@ABQAV3@@Z 004049e0 f i DB.obj
 0001:00003ad0       ??A?$hashtable@Vword@chen@@PAVTable@@@chen@@QAEAAPAVTable@@ABVword@1@@Z 00404ad0 f i DB.obj
 0001:00003b00       ??0?$hashtable@Vword@chen@@PAVQueue@@@chen@@QAE@XZ 00404b00 f i DB.obj
 0001:00003b00       ??0?$hashtable@Vword@chen@@PAVTable@@@chen@@QAE@XZ 00404b00 f i DB.obj
 0001:00003b50       ?insert@?$hashtable@Vword@chen@@PAVQueue@@@chen@@QAEAAPAVQueue@@ABVword@2@ABQAV3@@Z 00404b50 f i DB.obj
 0001:00003c40       ??A?$hashtable@Vword@chen@@PAVQueue@@@chen@@QAEAAPAVQueue@@ABVword@1@@Z 00404c40 f i DB.obj
 0001:00003c70       ??0DB@@QAE@XZ              00404c70 f   DB.obj
 0001:00003d80       ?LoadEx@DB@@QAE_NXZ        00404d80 f   DB.obj
 0001:00004190       ?CreateQueue@DB@@QAE_NV?$basic_string@DU?$char_traits@D@std@@V?$allocator@D@2@@std@@H@Z 00405190 f   DB.obj
 0001:00004440       ?InsertTableEx@DB@@QAE_NV?$basic_string@DU?$char_traits@D@std@@V?$allocator@D@2@@std@@H@Z 00405440 f   DB.obj
 0001:000049d0       ?Init@DB@@QAE_NV?$basic_string@DU?$char_traits@D@std@@V?$allocator@D@2@@std@@PAVSvdbMain@@HH@Z 004059d0 f   DB.obj
 0001:00004be0       ?AppendRecord@DB@@QAEHV?$basic_string@DU?$char_traits@D@std@@V?$allocator@D@2@@std@@PBDI@Z 00405be0 f   DB.obj
 0001:00004e40       ??1_Node@?$_List_nod@Vword@chen@@V?$allocator@Vword@chen@@@std@@@std@@QAE@XZ 00405e40 f i Entity.obj
 0001:00004e60       ?_Buynode@?$list@Vword@chen@@V?$allocator@Vword@chen@@@std@@@std@@IAEPAU_Node@?$_List_nod@Vword@chen@@V?$allocator@Vword@chen@@@std@@@2@XZ 00405e60 f i Entity.obj
 0001:00004e80       ?_Buynode@?$list@Vword@chen@@V?$allocator@Vword@chen@@@std@@@std@@IAEPAU_Node@?$_List_nod@Vword@chen@@V?$allocator@Vword@chen@@@std@@@2@PAU342@0ABVword@chen@@@Z 00405e80 f i Entity.obj
 0001:00004f10       ?_Incsize@?$list@Vword@chen@@V?$allocator@Vword@chen@@@std@@@std@@IAEXI@Z 00405f10 f i Entity.obj
 0001:00004fb0       ?GetRawDataSize@Entity@@UAEIXZ 00405fb0 f   Entity.obj
 0001:00005000       ?GetRawData@Entity@@UAEPADPADI@Z 00406000 f   Entity.obj
 0001:00005100       ?clear@?$list@Vword@chen@@V?$allocator@Vword@chen@@@std@@@std@@QAEXXZ 00406100 f i Entity.obj
 0001:00005140       ?push_back@?$list@Vword@chen@@V?$allocator@Vword@chen@@@std@@@std@@QAEXABVword@chen@@@Z 00406140 f i Entity.obj
 0001:00005180       ?CreateObjectByRawData@Entity@@UAEHPBDI@Z 00406180 f   Entity.obj
 0001:000052f0       ??1?$list@Vword@chen@@V?$allocator@Vword@chen@@@std@@@std@@QAE@XZ 004062f0 f i Entity.obj
 0001:00005310       ??0Entity@@QAE@XZ          00406310 f   Entity.obj
 0001:000053b0       ??1Entity@@QAE@XZ          004063b0 f   Entity.obj
 0001:00005430       ?GetRawDataSize@EntityGroup@@UAEIXZ 00406430 f   EntityGroup.obj
 0001:00005480       ?GetRawData@EntityGroup@@UAEPADPADI@Z 00406480 f   EntityGroup.obj
 0001:00005570       ?CreateObjectByRawData@EntityGroup@@UAEHPBDI@Z 00406570 f   EntityGroup.obj
 0001:000056d0       ??0EntityGroup@@QAE@XZ     004066d0 f   EntityGroup.obj
 0001:00005760       ??1EntityGroup@@QAE@XZ     00406760 f   EntityGroup.obj
 0001:000057e0       ??0PoolBase@@QAE@Vword@chen@@@Z 004067e0 f i EntityGroupPool.obj
 0001:00005880       ?Load@EntityGroupPool@@UAE_NXZ 00406880 f   EntityGroupPool.obj
 0001:00005980       ?Submit@EntityGroupPool@@UAE_NXZ 00406980 f   EntityGroupPool.obj
 0001:00005ab0       ??0?$hashelement@Vword@chen@@PAVEntityGroup@@@chen@@QAE@ABVword@1@@Z 00406ab0 f i EntityGroupPool.obj
 0001:00005b10       ??0?$hashelement@Vword@chen@@PAVEntityGroup@@@chen@@QAE@ABVword@1@ABQAVEntityGroup@@@Z 00406b10 f i EntityGroupPool.obj
 0001:00005b80       ??1?$treenode@V?$hashelement@Vword@chen@@PAVEntityGroup@@@chen@@@chen@@UAE@XZ 00406b80 f i EntityGroupPool.obj
 0001:00005ba0       ??_E?$treenode@V?$hashelement@Vword@chen@@PAVEntityGroup@@@chen@@@chen@@UAEPAXI@Z 00406ba0 f i EntityGroupPool.obj
 0001:00005ba0       ??_G?$treenode@V?$hashelement@Vword@chen@@PAVEntityGroup@@@chen@@@chen@@UAEPAXI@Z 00406ba0 f i EntityGroupPool.obj
 0001:00005bc0       ?_Xlen@?$vector@PAV?$hashnode@Vword@chen@@PAVEntityGroup@@@chen@@V?$allocator@PAV?$hashnode@Vword@chen@@PAVEntityGroup@@@chen@@@std@@@std@@IBEXXZ 00406bc0 f i EntityGroupPool.obj
 0001:00005c40       ?CountNodes@?$sorttree@V?$hashelement@Vword@chen@@PAVEntityGroup@@@chen@@@chen@@AAEXPAV?$treenode@V?$hashelement@Vword@chen@@PAVEntityGroup@@@chen@@@2@AAK@Z 00406c40 f i EntityGroupPool.obj
 0001:00005c70       ??M?$treenode@V?$hashelement@Vword@chen@@PAVEntityGroup@@@chen@@@chen@@QAE_NV01@@Z 00406c70 f i EntityGroupPool.obj
 0001:00005ce0       ??O?$treenode@V?$hashelement@Vword@chen@@PAVEntityGroup@@@chen@@@chen@@QAE_NV01@@Z 00406ce0 f i EntityGroupPool.obj
 0001:00005d50       ??0?$treenode@V?$hashelement@Vword@chen@@PAVEntityGroup@@@chen@@@chen@@QAE@ABV01@@Z 00406d50 f i EntityGroupPool.obj
 0001:00005dd0       ??0?$treenode@V?$hashelement@Vword@chen@@PAVEntityGroup@@@chen@@@chen@@QAE@ABV?$hashelement@Vword@chen@@PAVEntityGroup@@@1@@Z 00406dd0 f i EntityGroupPool.obj
 0001:00005e50       ?DeleteTree@?$sorttree@V?$hashelement@Vword@chen@@PAVEntityGroup@@@chen@@@chen@@QAEXPAV?$treenode@V?$hashelement@Vword@chen@@PAVEntityGroup@@@chen@@@2@@Z 00406e50 f i EntityGroupPool.obj
 0001:00005ea0       ?InsertNode@?$sorttree@V?$hashelement@Vword@chen@@PAVEntityGroup@@@chen@@@chen@@QAEXPAV?$treenode@V?$hashelement@Vword@chen@@PAVEntityGroup@@@chen@@@2@0@Z 00406ea0 f i EntityGroupPool.obj
 0001:00005f30       ?findnextnode@?$sorttree@V?$hashelement@Vword@chen@@PAVEntityGroup@@@chen@@@chen@@ABEPAV?$treenode@V?$hashelement@Vword@chen@@PAVEntityGroup@@@chen@@@2@AAV?$hashelement@Vword@chen@@PAVEntityGroup@@@2@AA_NPAV32@@Z 00406f30 f i EntityGroupPool.obj
 0001:00005fa0       ??$CreateNode@V?$hashelement@Vword@chen@@PAVEntityGroup@@@chen@@@?$sorttree@V?$hashelement@Vword@chen@@PAVEntityGroup@@@chen@@@chen@@SAPAV?$treenode@V?$hashelement@Vword@chen@@PAVEntityGroup@@@chen@@@1@ABV?$hashelement@Vword@chen@@PAVEntityGroup@@@1@@Z 00406fa0 f i EntityGroupPool.obj
 0001:00006000       ??_E?$sorttree@V?$hashelement@Vword@chen@@PAVEntityGroup@@@chen@@@chen@@UAEPAXI@Z 00407000 f i EntityGroupPool.obj
 0001:00006000       ??_G?$sorttree@V?$hashelement@Vword@chen@@PAVEntityGroup@@@chen@@@chen@@UAEPAXI@Z 00407000 f i EntityGroupPool.obj
 0001:00006060       ?find@?$hashnode@Vword@chen@@PAVEntityGroup@@@chen@@QAE_NABVword@2@PAPAV?$hashelement@Vword@chen@@PAVEntityGroup@@@2@@Z 00407060 f i EntityGroupPool.obj
 0001:00006130       ?InsertNodeEx@?$sorttree@V?$hashelement@Vword@chen@@PAVEntityGroup@@@chen@@@chen@@QAEAAV?$hashelement@Vword@chen@@PAVEntityGroup@@@2@ABV32@@Z 00407130 f i EntityGroupPool.obj
 0001:000061c0       ??1?$hashnode@Vword@chen@@PAVEntityGroup@@@chen@@QAE@XZ 004071c0 f i EntityGroupPool.obj
 0001:00006250       ?insert@?$hashnode@Vword@chen@@PAVEntityGroup@@@chen@@QAEAAV?$hashelement@Vword@chen@@PAVEntityGroup@@@2@ABVword@2@ABQAVEntityGroup@@@Z 00407250 f i EntityGroupPool.obj
 0001:00006330       ?find@?$hashnode@Vword@chen@@PAVEntityGroup@@@chen@@QAE_NABVword@2@PAPAPAVEntityGroup@@@Z 00407330 f i EntityGroupPool.obj
 0001:00006390       ?size@?$hashtable@Vword@chen@@PAVEntityGroup@@@chen@@QAEIXZ 00407390 f i EntityGroupPool.obj
 0001:00006430       ?find@?$hashtable@Vword@chen@@PAVEntityGroup@@@chen@@QAEPAPAVEntityGroup@@ABVword@2@@Z 00407430 f i EntityGroupPool.obj
 0001:000064a0       ?findnext@?$hashnode@Vword@chen@@PAVEntityGroup@@@chen@@QAE_NAAV?$hashelement@Vword@chen@@PAVEntityGroup@@@2@PAPAV32@@Z 004074a0 f i EntityGroupPool.obj
 0001:00006550       ?_Insert_n@?$vector@PAV?$hashnode@Vword@chen@@PAVEntityGroup@@@chen@@V?$allocator@PAV?$hashnode@Vword@chen@@PAVEntityGroup@@@chen@@@std@@@std@@IAEXViterator@12@IABQAV?$hashnode@Vword@chen@@PAVEntityGroup@@@chen@@@Z 00407550 f i EntityGroupPool.obj
 0001:00006740       ?findnext@?$hashtable@Vword@chen@@PAVEntityGroup@@@chen@@QAE_NAAViterator@12@@Z 00407740 f i EntityGroupPool.obj
 0001:000067e0       ?resize@?$vector@PAV?$hashnode@Vword@chen@@PAVEntityGroup@@@chen@@V?$allocator@PAV?$hashnode@Vword@chen@@PAVEntityGroup@@@chen@@@std@@@std@@QAEXIPAV?$hashnode@Vword@chen@@PAVEntityGroup@@@chen@@@Z 004077e0 f i EntityGroupPool.obj
 0001:00006870       ?GetRawDataSize@EntityGroupPool@@UAEIXZ 00407870 f   EntityGroupPool.obj
 0001:000068d0       ?GetRawData@EntityGroupPool@@UAEPADPADI@Z 004078d0 f   EntityGroupPool.obj
 0001:000069b0       ??0?$hashtable@Vword@chen@@PAVEntityGroup@@@chen@@QAE@XZ 004079b0 f i EntityGroupPool.obj
 0001:00006a00       ?insert@?$hashtable@Vword@chen@@PAVEntityGroup@@@chen@@QAEAAPAVEntityGroup@@ABVword@2@ABQAV3@@Z 00407a00 f i EntityGroupPool.obj
 0001:00006af0       ??0EntityGroupPool@@QAE@Vword@chen@@@Z 00407af0 f   EntityGroupPool.obj
 0001:00006b80       ?CreateObjectByRawData@EntityGroupPool@@UAEHPBDI@Z 00407b80 f   EntityGroupPool.obj
 0001:00006cd0       ?Push@EntityGroupPool@@QAE_NPAVEntityGroup@@@Z 00407cd0 f   EntityGroupPool.obj
 0001:00006df0       ?Push@EntityGroupPool@@QAE_NPBDI@Z 00407df0 f   EntityGroupPool.obj
 0001:00006f00       ?GetID@Entity@@QAE?AVword@chen@@XZ 00407f00 f i EntityPool.obj
 0001:00006f00       ?GetID@Group@@QAE?AVword@chen@@XZ 00407f00 f i GroupPool.obj
 0001:00006f20       ?Load@EntityPool@@UAE_NXZ  00407f20 f   EntityPool.obj
 0001:00007020       ?Submit@EntityPool@@UAE_NXZ 00408020 f   EntityPool.obj
 0001:00007150       ??0?$hashelement@Vword@chen@@PAVEntity@@@chen@@QAE@ABVword@1@@Z 00408150 f i EntityPool.obj
 0001:000071b0       ??0?$hashelement@Vword@chen@@PAVEntity@@@chen@@QAE@ABVword@1@ABQAVEntity@@@Z 004081b0 f i EntityPool.obj
 0001:00007220       ??1?$treenode@V?$hashelement@Vword@chen@@PAVEntity@@@chen@@@chen@@UAE@XZ 00408220 f i EntityPool.obj
 0001:00007240       ??_G?$treenode@V?$hashelement@Vword@chen@@PAVEntity@@@chen@@@chen@@UAEPAXI@Z 00408240 f i EntityPool.obj
 0001:00007240       ??_E?$treenode@V?$hashelement@Vword@chen@@PAVEntity@@@chen@@@chen@@UAEPAXI@Z 00408240 f i EntityPool.obj
 0001:00007260       ?_Xlen@?$vector@PAV?$hashnode@Vword@chen@@PAVEntity@@@chen@@V?$allocator@PAV?$hashnode@Vword@chen@@PAVEntity@@@chen@@@std@@@std@@IBEXXZ 00408260 f i EntityPool.obj
 0001:000072e0       ?CountNodes@?$sorttree@V?$hashelement@Vword@chen@@PAVEntity@@@chen@@@chen@@AAEXPAV?$treenode@V?$hashelement@Vword@chen@@PAVEntity@@@chen@@@2@AAK@Z 004082e0 f i EntityPool.obj
 0001:00007310       ??M?$treenode@V?$hashelement@Vword@chen@@PAVEntity@@@chen@@@chen@@QAE_NV01@@Z 00408310 f i EntityPool.obj
 0001:00007380       ??O?$treenode@V?$hashelement@Vword@chen@@PAVEntity@@@chen@@@chen@@QAE_NV01@@Z 00408380 f i EntityPool.obj
 0001:000073f0       ??0?$treenode@V?$hashelement@Vword@chen@@PAVEntity@@@chen@@@chen@@QAE@ABV01@@Z 004083f0 f i EntityPool.obj
 0001:00007470       ??0?$treenode@V?$hashelement@Vword@chen@@PAVEntity@@@chen@@@chen@@QAE@ABV?$hashelement@Vword@chen@@PAVEntity@@@1@@Z 00408470 f i EntityPool.obj
 0001:000074f0       ?DeleteTree@?$sorttree@V?$hashelement@Vword@chen@@PAVEntity@@@chen@@@chen@@QAEXPAV?$treenode@V?$hashelement@Vword@chen@@PAVEntity@@@chen@@@2@@Z 004084f0 f i EntityPool.obj
 0001:00007540       ?RomoveNode@?$sorttree@V?$hashelement@Vword@chen@@PAVEntity@@@chen@@@chen@@QAEXABV?$hashelement@Vword@chen@@PAVEntity@@@2@@Z 00408540 f i EntityPool.obj
 0001:000076e0       ?InsertNode@?$sorttree@V?$hashelement@Vword@chen@@PAVEntity@@@chen@@@chen@@QAEXPAV?$treenode@V?$hashelement@Vword@chen@@PAVEntity@@@chen@@@2@0@Z 004086e0 f i EntityPool.obj
 0001:00007770       ?findnextnode@?$sorttree@V?$hashelement@Vword@chen@@PAVEntity@@@chen@@@chen@@ABEPAV?$treenode@V?$hashelement@Vword@chen@@PAVEntity@@@chen@@@2@AAV?$hashelement@Vword@chen@@PAVEntity@@@2@AA_NPAV32@@Z 00408770 f i EntityPool.obj
 0001:000077e0       ??$CreateNode@V?$hashelement@Vword@chen@@PAVEntity@@@chen@@@?$sorttree@V?$hashelement@Vword@chen@@PAVEntity@@@chen@@@chen@@SAPAV?$treenode@V?$hashelement@Vword@chen@@PAVEntity@@@chen@@@1@ABV?$hashelement@Vword@chen@@PAVEntity@@@1@@Z 004087e0 f i EntityPool.obj
 0001:00007840       ??_G?$sorttree@V?$hashelement@Vword@chen@@PAVEntity@@@chen@@@chen@@UAEPAXI@Z 00408840 f i EntityPool.obj
 0001:00007840       ??_E?$sorttree@V?$hashelement@Vword@chen@@PAVEntity@@@chen@@@chen@@UAEPAXI@Z 00408840 f i EntityPool.obj
 0001:000078a0       ?find@?$hashnode@Vword@chen@@PAVEntity@@@chen@@QAE_NABVword@2@PAPAV?$hashelement@Vword@chen@@PAVEntity@@@2@@Z 004088a0 f i EntityPool.obj
 0001:00007970       ?InsertNodeEx@?$sorttree@V?$hashelement@Vword@chen@@PAVEntity@@@chen@@@chen@@QAEAAV?$hashelement@Vword@chen@@PAVEntity@@@2@ABV32@@Z 00408970 f i EntityPool.obj
 0001:00007a00       ??1?$hashnode@Vword@chen@@PAVEntity@@@chen@@QAE@XZ 00408a00 f i EntityPool.obj
 0001:00007a90       ?insert@?$hashnode@Vword@chen@@PAVEntity@@@chen@@QAEAAV?$hashelement@Vword@chen@@PAVEntity@@@2@ABVword@2@ABQAVEntity@@@Z 00408a90 f i EntityPool.obj
 0001:00007b70       ?find@?$hashnode@Vword@chen@@PAVEntity@@@chen@@QAE_NABVword@2@PAPAPAVEntity@@@Z 00408b70 f i EntityPool.obj
 0001:00007bd0       ?size@?$hashtable@Vword@chen@@PAVEntity@@@chen@@QAEIXZ 00408bd0 f i EntityPool.obj
 0001:00007c70       ?find@?$hashtable@Vword@chen@@PAVEntity@@@chen@@QAEPAPAVEntity@@ABVword@2@@Z 00408c70 f i EntityPool.obj
 0001:00007ce0       ?clearnodes@?$hashtable@Vword@chen@@PAVEntity@@@chen@@IAEXXZ 00408ce0 f i EntityPool.obj
 0001:00007d50       ?findnext@?$hashnode@Vword@chen@@PAVEntity@@@chen@@QAE_NAAV?$hashelement@Vword@chen@@PAVEntity@@@2@PAPAV32@@Z 00408d50 f i EntityPool.obj
 0001:00007e00       ?erase@?$hashnode@Vword@chen@@PAVEntity@@@chen@@QAE_NABVword@2@@Z 00408e00 f i EntityPool.obj
 0001:00007f10       ?_Insert_n@?$vector@PAV?$hashnode@Vword@chen@@PAVEntity@@@chen@@V?$allocator@PAV?$hashnode@Vword@chen@@PAVEntity@@@chen@@@std@@@std@@IAEXViterator@12@IABQAV?$hashnode@Vword@chen@@PAVEntity@@@chen@@@Z 00408f10 f i EntityPool.obj
 0001:00008100       ?GetEntityData@EntityPool@@QAE_NVword@chen@@PADAAI@Z 00409100 f   EntityPool.obj
 0001:000081f0       ??1?$hashtable@Vword@chen@@PAVEntity@@@chen@@QAE@XZ 004091f0 f i EntityPool.obj
 0001:00008250       ?erase@?$hashtable@Vword@chen@@PAVEntity@@@chen@@QAE_NABVword@2@@Z 00409250 f i EntityPool.obj
 0001:000082f0       ?findnext@?$hashtable@Vword@chen@@PAVEntity@@@chen@@QAE_NAAViterator@12@@Z 004092f0 f i EntityPool.obj
 0001:00008390       ?resize@?$vector@PAV?$hashnode@Vword@chen@@PAVEntity@@@chen@@V?$allocator@PAV?$hashnode@Vword@chen@@PAVEntity@@@chen@@@std@@@std@@QAEXIPAV?$hashnode@Vword@chen@@PAVEntity@@@chen@@@Z 00409390 f i EntityPool.obj
 0001:00008420       ?GetRawDataSize@EntityPool@@UAEIXZ 00409420 f   EntityPool.obj
 0001:00008480       ?GetRawData@EntityPool@@UAEPADPADI@Z 00409480 f   EntityPool.obj
 0001:00008570       ?DeleteEntity@EntityPool@@QAE_NVword@chen@@@Z 00409570 f   EntityPool.obj
 0001:00008660       ??0?$hashtable@Vword@chen@@PAVEntity@@@chen@@QAE@XZ 00409660 f i EntityPool.obj
 0001:000086b0       ?insert@?$hashtable@Vword@chen@@PAVEntity@@@chen@@QAEAAPAVEntity@@ABVword@2@ABQAV3@@Z 004096b0 f i EntityPool.obj
 0001:000087a0       ??0EntityPool@@QAE@Vword@chen@@@Z 004097a0 f   EntityPool.obj
 0001:00008870       ?CreateObjectByRawData@EntityPool@@UAEHPBDI@Z 00409870 f   EntityPool.obj
 0001:00008a20       ?push@EntityPool@@QAE_NPAVEntity@@@Z 00409a20 f   EntityPool.obj
 0001:00008b30       ?PushData@EntityPool@@QAE_NPBDI@Z 00409b30 f   EntityPool.obj
 0001:00008c00       ?_Buynode@?$list@PAVThreadEx@@V?$allocator@PAVThreadEx@@@std@@@std@@IAEPAU_Node@?$_List_nod@PAVThreadEx@@V?$allocator@PAVThreadEx@@@std@@@2@XZ 00409c00 f i ThreadContrl.obj
 0001:00008c00       ?_Buynode@?$list@HV?$allocator@H@std@@@std@@IAEPAU_Node@?$_List_nod@HV?$allocator@H@std@@@2@XZ 00409c00 f i EntityTemplet.obj
 0001:00008c00       ?_Buynode@?$list@PAVPage@@V?$allocator@PAVPage@@@std@@@std@@IAEPAU_Node@?$_List_nod@PAVPage@@V?$allocator@PAVPage@@@std@@@2@XZ 00409c00 f i PagePool.obj
 0001:00008c00       ?_Buynode@?$list@PAVStringMap@@V?$allocator@PAVStringMap@@@std@@@std@@IAEPAU_Node@?$_List_nod@PAVStringMap@@V?$allocator@PAVStringMap@@@std@@@2@XZ 00409c00 f i DB.obj
 0001:00008c20       ?_Buynode@?$list@HV?$allocator@H@std@@@std@@IAEPAU_Node@?$_List_nod@HV?$allocator@H@std@@@2@PAU342@0ABH@Z 00409c20 f i EntityTemplet.obj
 0001:00008c20       ?_Buynode@?$list@PAVStringMap@@V?$allocator@PAVStringMap@@@std@@@std@@IAEPAU_Node@?$_List_nod@PAVStringMap@@V?$allocator@PAVStringMap@@@std@@@2@PAU342@0ABQAVStringMap@@@Z 00409c20 f i DB.obj
 0001:00008c20       ?_Buynode@?$list@PAVThreadEx@@V?$allocator@PAVThreadEx@@@std@@@std@@IAEPAU_Node@?$_List_nod@PAVThreadEx@@V?$allocator@PAVThreadEx@@@std@@@2@PAU342@0ABQAVThreadEx@@@Z 00409c20 f i ThreadContrl.obj
 0001:00008c20       ?_Buynode@?$list@PAVPage@@V?$allocator@PAVPage@@@std@@@std@@IAEPAU_Node@?$_List_nod@PAVPage@@V?$allocator@PAVPage@@@std@@@2@PAU342@0ABQAVPage@@@Z 00409c20 f i PagePool.obj
 0001:00008c50       ?_Incsize@?$list@HV?$allocator@H@std@@@std@@IAEXI@Z 00409c50 f i EntityTemplet.obj
 0001:00008cf0       ?GetRawDataSize@EntityTemplet@@UAEIXZ 00409cf0 f   EntityTemplet.obj
 0001:00008d40       ?GetRawData@EntityTemplet@@UAEPADPADI@Z 00409d40 f   EntityTemplet.obj
 0001:00008e90       ?push_back@?$list@PAVStringMap@@V?$allocator@PAVStringMap@@@std@@@std@@QAEXABQAVStringMap@@@Z 00409e90 f i EntityTemplet.obj
 0001:00008ed0       ?push_back@?$list@HV?$allocator@H@std@@@std@@QAEXABH@Z 00409ed0 f i EntityTemplet.obj
 0001:00008f10       ??0EntityTemplet@@QAE@XZ   00409f10 f   EntityTemplet.obj
 0001:00008fb0       ??1EntityTemplet@@QAE@XZ   00409fb0 f   EntityTemplet.obj
 0001:000090c0       ?CreateObjectByRawData@EntityTemplet@@UAEHPBDI@Z 0040a0c0 f   EntityTemplet.obj
 0001:00009290       ?Load@EntityTempletPool@@UAE_NXZ 0040a290 f   EntityTempletPool.obj
 0001:00009390       ?Submit@EntityTempletPool@@UAE_NXZ 0040a390 f   EntityTempletPool.obj
 0001:000094c0       ??0?$hashelement@Vword@chen@@PAVEntityTemplet@@@chen@@QAE@ABVword@1@@Z 0040a4c0 f i EntityTempletPool.obj
 0001:00009520       ??0?$hashelement@Vword@chen@@PAVEntityTemplet@@@chen@@QAE@ABVword@1@ABQAVEntityTemplet@@@Z 0040a520 f i EntityTempletPool.obj
 0001:00009590       ??1?$treenode@V?$hashelement@Vword@chen@@PAVEntityTemplet@@@chen@@@chen@@UAE@XZ 0040a590 f i EntityTempletPool.obj
 0001:000095b0       ??_E?$treenode@V?$hashelement@Vword@chen@@PAVEntityTemplet@@@chen@@@chen@@UAEPAXI@Z 0040a5b0 f i EntityTempletPool.obj
 0001:000095b0       ??_G?$treenode@V?$hashelement@Vword@chen@@PAVEntityTemplet@@@chen@@@chen@@UAEPAXI@Z 0040a5b0 f i EntityTempletPool.obj
 0001:000095d0       ?_Xlen@?$vector@PAV?$hashnode@Vword@chen@@PAVEntityTemplet@@@chen@@V?$allocator@PAV?$hashnode@Vword@chen@@PAVEntityTemplet@@@chen@@@std@@@std@@IBEXXZ 0040a5d0 f i EntityTempletPool.obj
 0001:00009650       ?CountNodes@?$sorttree@V?$hashelement@Vword@chen@@PAVEntityTemplet@@@chen@@@chen@@AAEXPAV?$treenode@V?$hashelement@Vword@chen@@PAVEntityTemplet@@@chen@@@2@AAK@Z 0040a650 f i EntityTempletPool.obj
 0001:00009680       ??M?$treenode@V?$hashelement@Vword@chen@@PAVEntityTemplet@@@chen@@@chen@@QAE_NV01@@Z 0040a680 f i EntityTempletPool.obj
 0001:000096f0       ??O?$treenode@V?$hashelement@Vword@chen@@PAVEntityTemplet@@@chen@@@chen@@QAE_NV01@@Z 0040a6f0 f i EntityTempletPool.obj
 0001:00009760       ??0?$treenode@V?$hashelement@Vword@chen@@PAVEntityTemplet@@@chen@@@chen@@QAE@ABV01@@Z 0040a760 f i EntityTempletPool.obj
 0001:000097e0       ??$fill@PAPAV?$hashnode@Vword@chen@@PAVGroup@@@chen@@PAV12@@std@@YAXPAPAV?$hashnode@Vword@chen@@PAVGroup@@@chen@@0ABQAV12@@Z 0040a7e0 f i GroupPool.obj
 0001:000097e0       ??$fill@PAPAV?$hashnode@Vword@chen@@PAVEntityTemplet@@@chen@@PAV12@@std@@YAXPAPAV?$hashnode@Vword@chen@@PAVEntityTemplet@@@chen@@0ABQAV12@@Z 0040a7e0 f i EntityTempletPool.obj
 0001:000097e0       ??$fill@PAPAV?$hashnode@Vword@chen@@PAVCommonData@@@chen@@PAV12@@std@@YAXPAPAV?$hashnode@Vword@chen@@PAVCommonData@@@chen@@0ABQAV12@@Z 0040a7e0 f i GeneralPool.obj
 0001:000097e0       ??$fill@PAPAV?$hashnode@Vword@chen@@PAVSection@@@chen@@PAV12@@std@@YAXPAPAV?$hashnode@Vword@chen@@PAVSection@@@chen@@0ABQAV12@@Z 0040a7e0 f i GeneralPool.obj
 0001:000097e0       ??$fill@PAPAVMonitorTemplet@@PAV1@@std@@YAXPAPAVMonitorTemplet@@0ABQAV1@@Z 0040a7e0 f i MonitorTempletPool.obj
 0001:000097e0       ??$fill@PAPAVPage@@PAV1@@std@@YAXPAPAVPage@@0ABQAV1@@Z 0040a7e0 f i PagePool.obj
 0001:000097e0       ??$fill@PAPAUSubPool@PagePool@@PAU12@@std@@YAXPAPAUSubPool@PagePool@@0ABQAU12@@Z 0040a7e0 f i PagePool.obj
 0001:000097e0       ??$fill@PAPAV?$hashnode@Vword@chen@@PAVQueue@@@chen@@PAV12@@std@@YAXPAPAV?$hashnode@Vword@chen@@PAVQueue@@@chen@@0ABQAV12@@Z 0040a7e0 f i DB.obj
 0001:000097e0       ??$fill@PAPAV?$hashnode@Vword@chen@@V12@@chen@@PAV12@@std@@YAXPAPAV?$hashnode@Vword@chen@@V12@@chen@@0ABQAV12@@Z 0040a7e0 f i MonitorTempletPool.obj
 0001:000097e0       ??$fill@PAPAVSVSE@@PAV1@@std@@YAXPAPAVSVSE@@0ABQAV1@@Z 0040a7e0 f i SvdbMain.obj
 0001:000097e0       ??$fill@PAPAV?$hashnode@Vword@chen@@PAVEntity@@@chen@@PAV12@@std@@YAXPAPAV?$hashnode@Vword@chen@@PAVEntity@@@chen@@0ABQAV12@@Z 0040a7e0 f i EntityPool.obj
 0001:000097e0       ??$fill@PAPAVDataType@@PAV1@@std@@YAXPAPAVDataType@@0ABQAV1@@Z 0040a7e0 f i DB.obj
 0001:000097e0       ??$fill@PAPAV?$hashnode@Vword@chen@@PAVTable@@@chen@@PAV12@@std@@YAXPAPAV?$hashnode@Vword@chen@@PAVTable@@@chen@@0ABQAV12@@Z 0040a7e0 f i DB.obj
 0001:000097e0       ??$fill@PAPAV?$hashnode@Vword@chen@@PAVResource@@@chen@@PAV12@@std@@YAXPAPAV?$hashnode@Vword@chen@@PAVResource@@@chen@@0ABQAV12@@Z 0040a7e0 f i ResourcePool.obj
 0001:000097e0       ??$fill@PAPAV?$hashnode@Vword@chen@@PAVMonitor@@@chen@@PAV12@@std@@YAXPAPAV?$hashnode@Vword@chen@@PAVMonitor@@@chen@@0ABQAV12@@Z 0040a7e0 f i MonitorPool.obj
 0001:000097e0       ??$fill@PAPAV?$hashnode@Vword@chen@@PAVGeneralPool@@@chen@@PAV12@@std@@YAXPAPAV?$hashnode@Vword@chen@@PAVGeneralPool@@@chen@@0ABQAV12@@Z 0040a7e0 f i SvdbMain.obj
 0001:000097e0       ??$fill@PAPAV?$hashnode@Vword@chen@@PAVEntityGroup@@@chen@@PAV12@@std@@YAXPAPAV?$hashnode@Vword@chen@@PAVEntityGroup@@@chen@@0ABQAV12@@Z 0040a7e0 f i EntityGroupPool.obj
 0001:00009800       ??0?$treenode@V?$hashelement@Vword@chen@@PAVEntityTemplet@@@chen@@@chen@@QAE@ABV?$hashelement@Vword@chen@@PAVEntityTemplet@@@1@@Z 0040a800 f i EntityTempletPool.obj
 0001:00009880       ?DeleteTree@?$sorttree@V?$hashelement@Vword@chen@@PAVEntityTemplet@@@chen@@@chen@@QAEXPAV?$treenode@V?$hashelement@Vword@chen@@PAVEntityTemplet@@@chen@@@2@@Z 0040a880 f i EntityTempletPool.obj
 0001:000098d0       ?InsertNode@?$sorttree@V?$hashelement@Vword@chen@@PAVEntityTemplet@@@chen@@@chen@@QAEXPAV?$treenode@V?$hashelement@Vword@chen@@PAVEntityTemplet@@@chen@@@2@0@Z 0040a8d0 f i EntityTempletPool.obj
 0001:00009960       ?findnextnode@?$sorttree@V?$hashelement@Vword@chen@@PAVEntityTemplet@@@chen@@@chen@@ABEPAV?$treenode@V?$hashelement@Vword@chen@@PAVEntityTemplet@@@chen@@@2@AAV?$hashelement@Vword@chen@@PAVEntityTemplet@@@2@AA_NPAV32@@Z 0040a960 f i EntityTempletPool.obj
 0001:000099d0       ??$CreateNode@V?$hashelement@Vword@chen@@PAVEntityTemplet@@@chen@@@?$sorttree@V?$hashelement@Vword@chen@@PAVEntityTemplet@@@chen@@@chen@@SAPAV?$treenode@V?$hashelement@Vword@chen@@PAVEntityTemplet@@@chen@@@1@ABV?$hashelement@Vword@chen@@PAVEntityTemplet@@@1@@Z 0040a9d0 f i EntityTempletPool.obj
 0001:00009a30       ??_E?$sorttree@V?$hashelement@Vword@chen@@PAVEntityTemplet@@@chen@@@chen@@UAEPAXI@Z 0040aa30 f i EntityTempletPool.obj
 0001:00009a30       ??_G?$sorttree@V?$hashelement@Vword@chen@@PAVEntityTemplet@@@chen@@@chen@@UAEPAXI@Z 0040aa30 f i EntityTempletPool.obj
 0001:00009a90       ?find@?$hashnode@Vword@chen@@PAVEntityTemplet@@@chen@@QAE_NABVword@2@PAPAV?$hashelement@Vword@chen@@PAVEntityTemplet@@@2@@Z 0040aa90 f i EntityTempletPool.obj
 0001:00009b60       ?InsertNodeEx@?$sorttree@V?$hashelement@Vword@chen@@PAVEntityTemplet@@@chen@@@chen@@QAEAAV?$hashelement@Vword@chen@@PAVEntityTemplet@@@2@ABV32@@Z 0040ab60 f i EntityTempletPool.obj
 0001:00009bf0       ??1?$hashnode@Vword@chen@@PAVEntityTemplet@@@chen@@QAE@XZ 0040abf0 f i EntityTempletPool.obj
 0001:00009c80       ?insert@?$hashnode@Vword@chen@@PAVEntityTemplet@@@chen@@QAEAAV?$hashelement@Vword@chen@@PAVEntityTemplet@@@2@ABVword@2@ABQAVEntityTemplet@@@Z 0040ac80 f i EntityTempletPool.obj
 0001:00009d60       ?find@?$hashnode@Vword@chen@@PAVEntityTemplet@@@chen@@QAE_NABVword@2@PAPAPAVEntityTemplet@@@Z 0040ad60 f i EntityTempletPool.obj
 0001:00009dc0       ?size@?$hashtable@Vword@chen@@PAVEntityTemplet@@@chen@@QAEIXZ 0040adc0 f i EntityTempletPool.obj
 0001:00009e60       ?find@?$hashtable@Vword@chen@@PAVEntityTemplet@@@chen@@QAEPAPAVEntityTemplet@@ABVword@2@@Z 0040ae60 f i EntityTempletPool.obj
 0001:00009ed0       ?clearnodes@?$hashtable@Vword@chen@@PAVEntityTemplet@@@chen@@IAEXXZ 0040aed0 f i EntityTempletPool.obj
 0001:00009f40       ?findnext@?$hashnode@Vword@chen@@PAVEntityTemplet@@@chen@@QAE_NAAV?$hashelement@Vword@chen@@PAVEntityTemplet@@@2@PAPAV32@@Z 0040af40 f i EntityTempletPool.obj
 0001:00009ff0       ?_Insert_n@?$vector@PAV?$hashnode@Vword@chen@@PAVEntityTemplet@@@chen@@V?$allocator@PAV?$hashnode@Vword@chen@@PAVEntityTemplet@@@chen@@@std@@@std@@IAEXViterator@12@IABQAV?$hashnode@Vword@chen@@PAVEntityTemplet@@@chen@@@Z 0040aff0 f i EntityTempletPool.obj
 0001:0000a1e0       ??1?$hashtable@Vword@chen@@PAVEntityTemplet@@@chen@@QAE@XZ 0040b1e0 f i EntityTempletPool.obj
 0001:0000a240       ?findnext@?$hashtable@Vword@chen@@PAVEntityTemplet@@@chen@@QAE_NAAViterator@12@@Z 0040b240 f i EntityTempletPool.obj
 0001:0000a2e0       ?resize@?$vector@PAV?$hashnode@Vword@chen@@PAVEntityTemplet@@@chen@@V?$allocator@PAV?$hashnode@Vword@chen@@PAVEntityTemplet@@@chen@@@std@@@std@@QAEXIPAV?$hashnode@Vword@chen@@PAVEntityTemplet@@@chen@@@Z 0040b2e0 f i EntityTempletPool.obj
 0001:0000a370       ?GetRawDataSize@EntityTempletPool@@UAEIXZ 0040b370 f   EntityTempletPool.obj
 0001:0000a3d0       ?GetRawData@EntityTempletPool@@UAEPADPADI@Z 0040b3d0 f   EntityTempletPool.obj
 0001:0000a4b0       ??0?$hashtable@Vword@chen@@PAVEntityTemplet@@@chen@@QAE@XZ 0040b4b0 f i EntityTempletPool.obj
 0001:0000a500       ?insert@?$hashtable@Vword@chen@@PAVEntityTemplet@@@chen@@QAEAAPAVEntityTemplet@@ABVword@2@ABQAV3@@Z 0040b500 f i EntityTempletPool.obj
 0001:0000a5f0       ??0EntityTempletPool@@QAE@Vword@chen@@@Z 0040b5f0 f   EntityTempletPool.obj
 0001:0000a6b0       ?CreateObjectByRawData@EntityTempletPool@@UAEHPBDI@Z 0040b6b0 f   EntityTempletPool.obj
 0001:0000a800       ?Push@EntityTempletPool@@QAE_NPAVEntityTemplet@@@Z 0040b800 f   EntityTempletPool.obj
 0001:0000a920       ?Push@EntityTempletPool@@QAE_NPBDI@Z 0040b920 f   EntityTempletPool.obj
 0001:0000aa30       ??0CommonData@@QAE@PBXIH@Z 0040ba30 f i GeneralPool.obj
 0001:0000aab0       ?PutSection@Section@@QAEXVword@chen@@@Z 0040bab0 f i GeneralPool.obj
 0001:0000ab10       ?GetSection@Section@@QAE?AVword@chen@@XZ 0040bb10 f i GeneralPool.obj
 0001:0000ab30       ?Load@GeneralPool@@UAE_NXZ 0040bb30 f   GeneralPool.obj
 0001:0000ac50       ?Submit@GeneralPool@@UAE_NXZ 0040bc50 f   GeneralPool.obj
 0001:0000ad90       ??0?$hashelement@Vword@chen@@PAVCommonData@@@chen@@QAE@ABVword@1@@Z 0040bd90 f i GeneralPool.obj
 0001:0000ad90       ??0?$hashelement@Vword@chen@@PAVSection@@@chen@@QAE@ABVword@1@@Z 0040bd90 f i GeneralPool.obj
 0001:0000adf0       ??1?$treenode@V?$hashelement@Vword@chen@@PAVSection@@@chen@@@chen@@UAE@XZ 0040bdf0 f i GeneralPool.obj
 0001:0000ae10       ??_G?$treenode@V?$hashelement@Vword@chen@@PAVSection@@@chen@@@chen@@UAEPAXI@Z 0040be10 f i GeneralPool.obj
 0001:0000ae10       ??_E?$treenode@V?$hashelement@Vword@chen@@PAVSection@@@chen@@@chen@@UAEPAXI@Z 0040be10 f i GeneralPool.obj
 0001:0000ae30       ?_Xlen@?$vector@PAV?$hashnode@Vword@chen@@PAVSection@@@chen@@V?$allocator@PAV?$hashnode@Vword@chen@@PAVSection@@@chen@@@std@@@std@@IBEXXZ 0040be30 f i GeneralPool.obj
 0001:0000ae30       ?_Xlen@?$vector@PAV?$hashnode@Vword@chen@@PAVCommonData@@@chen@@V?$allocator@PAV?$hashnode@Vword@chen@@PAVCommonData@@@chen@@@std@@@std@@IBEXXZ 0040be30 f i GeneralPool.obj
 0001:0000aeb0       ??0?$hashelement@Vword@chen@@PAVSection@@@chen@@QAE@ABVword@1@ABQAVSection@@@Z 0040beb0 f i GeneralPool.obj
 0001:0000aeb0       ??0?$hashelement@Vword@chen@@PAVCommonData@@@chen@@QAE@ABVword@1@ABQAVCommonData@@@Z 0040beb0 f i GeneralPool.obj
 0001:0000af20       ??1?$treenode@V?$hashelement@Vword@chen@@PAVCommonData@@@chen@@@chen@@UAE@XZ 0040bf20 f i GeneralPool.obj
 0001:0000af40       ??_G?$treenode@V?$hashelement@Vword@chen@@PAVCommonData@@@chen@@@chen@@UAEPAXI@Z 0040bf40 f i GeneralPool.obj
 0001:0000af40       ??_E?$treenode@V?$hashelement@Vword@chen@@PAVCommonData@@@chen@@@chen@@UAEPAXI@Z 0040bf40 f i GeneralPool.obj
 0001:0000af60       ??M?$treenode@V?$hashelement@Vword@chen@@PAVSection@@@chen@@@chen@@QAE_NV01@@Z 0040bf60 f i GeneralPool.obj
 0001:0000afd0       ??O?$treenode@V?$hashelement@Vword@chen@@PAVSection@@@chen@@@chen@@QAE_NV01@@Z 0040bfd0 f i GeneralPool.obj
 0001:0000b040       ??0?$treenode@V?$hashelement@Vword@chen@@PAVSection@@@chen@@@chen@@QAE@ABV01@@Z 0040c040 f i GeneralPool.obj
 0001:0000b0c0       ?CountNodes@?$sorttree@V?$hashelement@Vword@chen@@PAVSection@@@chen@@@chen@@AAEXPAV?$treenode@V?$hashelement@Vword@chen@@PAVSection@@@chen@@@2@AAK@Z 0040c0c0 f i GeneralPool.obj
 0001:0000b0f0       ??M?$treenode@V?$hashelement@Vword@chen@@PAVCommonData@@@chen@@@chen@@QAE_NV01@@Z 0040c0f0 f i GeneralPool.obj
 0001:0000b160       ??O?$treenode@V?$hashelement@Vword@chen@@PAVCommonData@@@chen@@@chen@@QAE_NV01@@Z 0040c160 f i GeneralPool.obj
 0001:0000b1d0       ??0?$treenode@V?$hashelement@Vword@chen@@PAVCommonData@@@chen@@@chen@@QAE@ABV01@@Z 0040c1d0 f i GeneralPool.obj
 0001:0000b250       ??0?$treenode@V?$hashelement@Vword@chen@@PAVSection@@@chen@@@chen@@QAE@ABV?$hashelement@Vword@chen@@PAVSection@@@1@@Z 0040c250 f i GeneralPool.obj
 0001:0000b2d0       ??0?$treenode@V?$hashelement@Vword@chen@@PAVCommonData@@@chen@@@chen@@QAE@ABV?$hashelement@Vword@chen@@PAVCommonData@@@1@@Z 0040c2d0 f i GeneralPool.obj
 0001:0000b350       ?DeleteTree@?$sorttree@V?$hashelement@Vword@chen@@PAVCommonData@@@chen@@@chen@@QAEXPAV?$treenode@V?$hashelement@Vword@chen@@PAVCommonData@@@chen@@@2@@Z 0040c350 f i GeneralPool.obj
 0001:0000b3a0       ?DeleteTree@?$sorttree@V?$hashelement@Vword@chen@@PAVSection@@@chen@@@chen@@QAEXPAV?$treenode@V?$hashelement@Vword@chen@@PAVSection@@@chen@@@2@@Z 0040c3a0 f i GeneralPool.obj
 0001:0000b3f0       ?InsertNode@?$sorttree@V?$hashelement@Vword@chen@@PAVSection@@@chen@@@chen@@QAEXPAV?$treenode@V?$hashelement@Vword@chen@@PAVSection@@@chen@@@2@0@Z 0040c3f0 f i GeneralPool.obj
 0001:0000b480       ?findnextnode@?$sorttree@V?$hashelement@Vword@chen@@PAVSection@@@chen@@@chen@@ABEPAV?$treenode@V?$hashelement@Vword@chen@@PAVSection@@@chen@@@2@AAV?$hashelement@Vword@chen@@PAVSection@@@2@AA_NPAV32@@Z 0040c480 f i GeneralPool.obj
 0001:0000b4f0       ?InsertNode@?$sorttree@V?$hashelement@Vword@chen@@PAVCommonData@@@chen@@@chen@@QAEXPAV?$treenode@V?$hashelement@Vword@chen@@PAVCommonData@@@chen@@@2@0@Z 0040c4f0 f i GeneralPool.obj
 0001:0000b580       ??$CreateNode@V?$hashelement@Vword@chen@@PAVSection@@@chen@@@?$sorttree@V?$hashelement@Vword@chen@@PAVSection@@@chen@@@chen@@SAPAV?$treenode@V?$hashelement@Vword@chen@@PAVSection@@@chen@@@1@ABV?$hashelement@Vword@chen@@PAVSection@@@1@@Z 0040c580 f i GeneralPool.obj
 0001:0000b5e0       ??$CreateNode@V?$hashelement@Vword@chen@@PAVCommonData@@@chen@@@?$sorttree@V?$hashelement@Vword@chen@@PAVCommonData@@@chen@@@chen@@SAPAV?$treenode@V?$hashelement@Vword@chen@@PAVCommonData@@@chen@@@1@ABV?$hashelement@Vword@chen@@PAVCommonData@@@1@@Z 0040c5e0 f i GeneralPool.obj
 0001:0000b640       ??_E?$sorttree@V?$hashelement@Vword@chen@@PAVCommonData@@@chen@@@chen@@UAEPAXI@Z 0040c640 f i GeneralPool.obj
 0001:0000b640       ??_G?$sorttree@V?$hashelement@Vword@chen@@PAVCommonData@@@chen@@@chen@@UAEPAXI@Z 0040c640 f i GeneralPool.obj
 0001:0000b6a0       ??_G?$sorttree@V?$hashelement@Vword@chen@@PAVSection@@@chen@@@chen@@UAEPAXI@Z 0040c6a0 f i GeneralPool.obj
 0001:0000b6a0       ??_E?$sorttree@V?$hashelement@Vword@chen@@PAVSection@@@chen@@@chen@@UAEPAXI@Z 0040c6a0 f i GeneralPool.obj
 0001:0000b700       ?find@?$hashnode@Vword@chen@@PAVSection@@@chen@@QAE_NABVword@2@PAPAV?$hashelement@Vword@chen@@PAVSection@@@2@@Z 0040c700 f i GeneralPool.obj
 0001:0000b700       ?find@?$hashnode@Vword@chen@@PAVCommonData@@@chen@@QAE_NABVword@2@PAPAV?$hashelement@Vword@chen@@PAVCommonData@@@2@@Z 0040c700 f i GeneralPool.obj
 0001:0000b7d0       ?InsertNodeEx@?$sorttree@V?$hashelement@Vword@chen@@PAVSection@@@chen@@@chen@@QAEAAV?$hashelement@Vword@chen@@PAVSection@@@2@ABV32@@Z 0040c7d0 f i GeneralPool.obj
 0001:0000b860       ?InsertNodeEx@?$sorttree@V?$hashelement@Vword@chen@@PAVCommonData@@@chen@@@chen@@QAEAAV?$hashelement@Vword@chen@@PAVCommonData@@@2@ABV32@@Z 0040c860 f i GeneralPool.obj
 0001:0000b8f0       ?find@?$hashnode@Vword@chen@@PAVCommonData@@@chen@@QAE_NABVword@2@PAPAPAVCommonData@@@Z 0040c8f0 f i GeneralPool.obj
 0001:0000b8f0       ?find@?$hashnode@Vword@chen@@PAVSection@@@chen@@QAE_NABVword@2@PAPAPAVSection@@@Z 0040c8f0 f i GeneralPool.obj
 0001:0000b950       ??1?$hashnode@Vword@chen@@PAVSection@@@chen@@QAE@XZ 0040c950 f i GeneralPool.obj
 0001:0000b9e0       ?insert@?$hashnode@Vword@chen@@PAVSection@@@chen@@QAEAAV?$hashelement@Vword@chen@@PAVSection@@@2@ABVword@2@ABQAVSection@@@Z 0040c9e0 f i GeneralPool.obj
 0001:0000bac0       ?insert@?$hashnode@Vword@chen@@PAVCommonData@@@chen@@QAEAAV?$hashelement@Vword@chen@@PAVCommonData@@@2@ABVword@2@ABQAVCommonData@@@Z 0040cac0 f i GeneralPool.obj
 0001:0000bba0       ?find@?$hashtable@Vword@chen@@PAVCommonData@@@chen@@QAEPAPAVCommonData@@ABVword@2@@Z 0040cba0 f i GeneralPool.obj
 0001:0000bba0       ?find@?$hashtable@Vword@chen@@PAVSection@@@chen@@QAEPAPAVSection@@ABVword@2@@Z 0040cba0 f i GeneralPool.obj
 0001:0000bc10       ?clearnodes@?$hashtable@Vword@chen@@PAVSection@@@chen@@IAEXXZ 0040cc10 f i GeneralPool.obj
 0001:0000bc80       ?findnext@?$hashnode@Vword@chen@@PAVSection@@@chen@@QAE_NAAV?$hashelement@Vword@chen@@PAVSection@@@2@PAPAV32@@Z 0040cc80 f i GeneralPool.obj
 0001:0000bd30       ?_Insert_n@?$vector@PAV?$hashnode@Vword@chen@@PAVCommonData@@@chen@@V?$allocator@PAV?$hashnode@Vword@chen@@PAVCommonData@@@chen@@@std@@@std@@IAEXViterator@12@IABQAV?$hashnode@Vword@chen@@PAVCommonData@@@chen@@@Z 0040cd30 f i GeneralPool.obj
 0001:0000bd30       ?_Insert_n@?$vector@PAV?$hashnode@Vword@chen@@PAVSection@@@chen@@V?$allocator@PAV?$hashnode@Vword@chen@@PAVSection@@@chen@@@std@@@std@@IAEXViterator@12@IABQAV?$hashnode@Vword@chen@@PAVSection@@@chen@@@Z 0040cd30 f i GeneralPool.obj
 0001:0000bf20       ?Find@Section@@QAE_NVword@chen@@@Z 0040cf20 f i GeneralPool.obj
 0001:0000bf80       ?GetKeys@Section@@QAE_NAAV?$list@V?$basic_string@DU?$char_traits@D@std@@V?$allocator@D@2@@std@@V?$allocator@V?$basic_string@DU?$char_traits@D@std@@V?$allocator@D@2@@std@@@2@@std@@@Z 0040cf80 f i GeneralPool.obj
 0001:0000c030       ?DeleteKeyInKeyOrder@Section@@IAE_NVword@chen@@@Z 0040d030 f i GeneralPool.obj
 0001:0000c120       ?Find@GeneralPool@@QAE_NVword@chen@@@Z 0040d120 f i GeneralPool.obj
 0001:0000c180       ?GetRawDataSize@GeneralPool@@UAEIXZ 0040d180 f   GeneralPool.obj
 0001:0000c1c0       ?GetRawData@GeneralPool@@UAEPADPADI@Z 0040d1c0 f   GeneralPool.obj
 0001:0000c290       ?GetSectionsName@GeneralPool@@QAE_NAAV?$list@V?$basic_string@DU?$char_traits@D@std@@V?$allocator@D@2@@std@@V?$allocator@V?$basic_string@DU?$char_traits@D@std@@V?$allocator@D@2@@std@@@2@@std@@@Z 0040d290 f   GeneralPool.obj
 0001:0000c340       ??1?$hashtable@Vword@chen@@PAVSection@@@chen@@QAE@XZ 0040d340 f i GeneralPool.obj
 0001:0000c3a0       ?findnext@?$hashtable@Vword@chen@@PAVSection@@@chen@@QAE_NAAViterator@12@@Z 0040d3a0 f i GeneralPool.obj
 0001:0000c440       ?resize@?$vector@PAV?$hashnode@Vword@chen@@PAVSection@@@chen@@V?$allocator@PAV?$hashnode@Vword@chen@@PAVSection@@@chen@@@std@@@std@@QAEXIPAV?$hashnode@Vword@chen@@PAVSection@@@chen@@@Z 0040d440 f i GeneralPool.obj
 0001:0000c440       ?resize@?$vector@PAV?$hashnode@Vword@chen@@PAVCommonData@@@chen@@V?$allocator@PAV?$hashnode@Vword@chen@@PAVCommonData@@@chen@@@std@@@std@@QAEXIPAV?$hashnode@Vword@chen@@PAVCommonData@@@chen@@@Z 0040d440 f i GeneralPool.obj
 0001:0000c4d0       ??1GeneralPool@@QAE@XZ     0040d4d0 f   GeneralPool.obj
 0001:0000c5c0       ??0?$hashtable@Vword@chen@@PAVSection@@@chen@@QAE@XZ 0040d5c0 f i GeneralPool.obj
 0001:0000c610       ?insert@?$hashtable@Vword@chen@@PAVSection@@@chen@@QAEAAPAVSection@@ABVword@2@ABQAV3@@Z 0040d610 f i GeneralPool.obj
 0001:0000c700       ?insert@?$hashtable@Vword@chen@@PAVCommonData@@@chen@@QAEAAPAVCommonData@@ABVword@2@ABQAV3@@Z 0040d700 f i GeneralPool.obj
 0001:0000c7f0       ??0GeneralPool@@QAE@Vword@chen@@@Z 0040d7f0 f   GeneralPool.obj
 0001:0000c8e0       ?CreateObjectByRawData@GeneralPool@@UAEHPBDI@Z 0040d8e0 f   GeneralPool.obj
 0001:0000cac0       ?GetKeysName@GeneralPool@@QAE_NVword@chen@@AAV?$list@V?$basic_string@DU?$char_traits@D@std@@V?$allocator@D@2@@std@@V?$allocator@V?$basic_string@DU?$char_traits@D@std@@V?$allocator@D@2@@std@@@2@@std@@@Z 0040dac0 f   GeneralPool.obj
 0001:0000cb90       ?Push@Section@@QAE_NVword@chen@@PAVCommonData@@@Z 0040db90 f i GeneralPool.obj
 0001:0000cc90       ?Push@Section@@QAE_NVword@chen@@PBDI@Z 0040dc90 f i GeneralPool.obj
 0001:0000cd70       ?Push@Section@@QAE_NVword@chen@@0@Z 0040dd70 f i GeneralPool.obj
 0001:0000cea0       ?Push@Section@@QAE_NVword@chen@@H@Z 0040dea0 f i GeneralPool.obj
 0001:0000cfb0       ?Pop@Section@@QAE_NVword@chen@@AAH@Z 0040dfb0 f i GeneralPool.obj
 0001:0000d0e0       ?Pop@Section@@QAE_NVword@chen@@PAPAXAAI@Z 0040e0e0 f i GeneralPool.obj
 0001:0000d1e0       ?Pop@Section@@QAE_NVword@chen@@AAV23@@Z 0040e1e0 f i GeneralPool.obj
 0001:0000d300       ?GetValueTypeByKey@Section@@QAEHVword@chen@@@Z 0040e300 f i GeneralPool.obj
 0001:0000d3d0       ?WriteData@GeneralPool@@QAE_NVword@chen@@0PAXI@Z 0040e3d0 f   GeneralPool.obj
 0001:0000d630       ?GetData@GeneralPool@@QAE_NVword@chen@@0PAXAAI@Z 0040e630 f   GeneralPool.obj
 0001:0000d7a0       ?WriteString@GeneralPool@@QAE_NVword@chen@@00@Z 0040e7a0 f   GeneralPool.obj
 0001:0000da50       ?GetString@GeneralPool@@QAE?AVword@chen@@V23@00@Z 0040ea50 f   GeneralPool.obj
 0001:0000dbb0       ?WriteInt@GeneralPool@@QAE_NVword@chen@@0H@Z 0040ebb0 f   GeneralPool.obj
 0001:0000de00       ?GetInt@GeneralPool@@QAEHVword@chen@@0H@Z 0040ee00 f   GeneralPool.obj
 0001:0000df30       ?GetValueTypeBySectionAndKey@GeneralPool@@QAEHVword@chen@@0@Z 0040ef30 f   GeneralPool.obj
 0001:0000e050       ?GetRawDataSize@Group@@UAEIXZ 0040f050 f   Group.obj
 0001:0000e0d0       ?GetRawData@Group@@UAEPADPADI@Z 0040f0d0 f   Group.obj
 0001:0000e230       ?CreateObjectByRawData@Group@@UAEHPBDI@Z 0040f230 f   Group.obj
 0001:0000e430       ??0Group@@QAE@XZ           0040f430 f   Group.obj
 0001:0000e4c0       ??1Group@@QAE@XZ           0040f4c0 f   Group.obj
 0001:0000e560       ?Load@GroupPool@@UAE_NXZ   0040f560 f   GroupPool.obj
 0001:0000e660       ?Submit@GroupPool@@UAE_NXZ 0040f660 f   GroupPool.obj
 0001:0000e790       ??0?$hashelement@Vword@chen@@PAVGroup@@@chen@@QAE@ABVword@1@@Z 0040f790 f i GroupPool.obj
 0001:0000e7f0       ??0?$hashelement@Vword@chen@@PAVGroup@@@chen@@QAE@ABVword@1@ABQAVGroup@@@Z 0040f7f0 f i GroupPool.obj
 0001:0000e860       ??1?$treenode@V?$hashelement@Vword@chen@@PAVGroup@@@chen@@@chen@@UAE@XZ 0040f860 f i GroupPool.obj
 0001:0000e880       ??_E?$treenode@V?$hashelement@Vword@chen@@PAVGroup@@@chen@@@chen@@UAEPAXI@Z 0040f880 f i GroupPool.obj
 0001:0000e880       ??_G?$treenode@V?$hashelement@Vword@chen@@PAVGroup@@@chen@@@chen@@UAEPAXI@Z 0040f880 f i GroupPool.obj
 0001:0000e8a0       ?_Xlen@?$vector@PAV?$hashnode@Vword@chen@@PAVGroup@@@chen@@V?$allocator@PAV?$hashnode@Vword@chen@@PAVGroup@@@chen@@@std@@@std@@IBEXXZ 0040f8a0 f i GroupPool.obj
 0001:0000e920       ?CountNodes@?$sorttree@V?$hashelement@Vword@chen@@PAVGroup@@@chen@@@chen@@AAEXPAV?$treenode@V?$hashelement@Vword@chen@@PAVGroup@@@chen@@@2@AAK@Z 0040f920 f i GroupPool.obj
 0001:0000e950       ??M?$treenode@V?$hashelement@Vword@chen@@PAVGroup@@@chen@@@chen@@QAE_NV01@@Z 0040f950 f i GroupPool.obj
 0001:0000e9c0       ??O?$treenode@V?$hashelement@Vword@chen@@PAVGroup@@@chen@@@chen@@QAE_NV01@@Z 0040f9c0 f i GroupPool.obj
 0001:0000ea30       ??0?$treenode@V?$hashelement@Vword@chen@@PAVGroup@@@chen@@@chen@@QAE@ABV01@@Z 0040fa30 f i GroupPool.obj
 0001:0000eab0       ??0?$treenode@V?$hashelement@Vword@chen@@PAVGroup@@@chen@@@chen@@QAE@ABV?$hashelement@Vword@chen@@PAVGroup@@@1@@Z 0040fab0 f i GroupPool.obj
 0001:0000eb30       ?DeleteTree@?$sorttree@V?$hashelement@Vword@chen@@PAVGroup@@@chen@@@chen@@QAEXPAV?$treenode@V?$hashelement@Vword@chen@@PAVGroup@@@chen@@@2@@Z 0040fb30 f i GroupPool.obj
 0001:0000eb80       ?RomoveNode@?$sorttree@V?$hashelement@Vword@chen@@PAVGroup@@@chen@@@chen@@QAEXABV?$hashelement@Vword@chen@@PAVGroup@@@2@@Z 0040fb80 f i GroupPool.obj
 0001:0000ed20       ?InsertNode@?$sorttree@V?$hashelement@Vword@chen@@PAVGroup@@@chen@@@chen@@QAEXPAV?$treenode@V?$hashelement@Vword@chen@@PAVGroup@@@chen@@@2@0@Z 0040fd20 f i GroupPool.obj
 0001:0000edb0       ?findnextnode@?$sorttree@V?$hashelement@Vword@chen@@PAVGroup@@@chen@@@chen@@ABEPAV?$treenode@V?$hashelement@Vword@chen@@PAVGroup@@@chen@@@2@AAV?$hashelement@Vword@chen@@PAVGroup@@@2@AA_NPAV32@@Z 0040fdb0 f i GroupPool.obj
 0001:0000ee20       ??$CreateNode@V?$hashelement@Vword@chen@@PAVGroup@@@chen@@@?$sorttree@V?$hashelement@Vword@chen@@PAVGroup@@@chen@@@chen@@SAPAV?$treenode@V?$hashelement@Vword@chen@@PAVGroup@@@chen@@@1@ABV?$hashelement@Vword@chen@@PAVGroup@@@1@@Z 0040fe20 f i GroupPool.obj
 0001:0000ee80       ??_E?$sorttree@V?$hashelement@Vword@chen@@PAVGroup@@@chen@@@chen@@UAEPAXI@Z 0040fe80 f i GroupPool.obj
 0001:0000ee80       ??_G?$sorttree@V?$hashelement@Vword@chen@@PAVGroup@@@chen@@@chen@@UAEPAXI@Z 0040fe80 f i GroupPool.obj
 0001:0000eee0       ?find@?$hashnode@Vword@chen@@PAVGroup@@@chen@@QAE_NABVword@2@PAPAV?$hashelement@Vword@chen@@PAVGroup@@@2@@Z 0040fee0 f i GroupPool.obj
 0001:0000efb0       ?InsertNodeEx@?$sorttree@V?$hashelement@Vword@chen@@PAVGroup@@@chen@@@chen@@QAEAAV?$hashelement@Vword@chen@@PAVGroup@@@2@ABV32@@Z 0040ffb0 f i GroupPool.obj
 0001:0000f040       ??1?$hashnode@Vword@chen@@PAVGroup@@@chen@@QAE@XZ 00410040 f i GroupPool.obj
 0001:0000f0d0       ?insert@?$hashnode@Vword@chen@@PAVGroup@@@chen@@QAEAAV?$hashelement@Vword@chen@@PAVGroup@@@2@ABVword@2@ABQAVGroup@@@Z 004100d0 f i GroupPool.obj
 0001:0000f1b0       ?find@?$hashnode@Vword@chen@@PAVGroup@@@chen@@QAE_NABVword@2@PAPAPAVGroup@@@Z 004101b0 f i GroupPool.obj
 0001:0000f210       ?size@?$hashtable@Vword@chen@@PAVGroup@@@chen@@QAEIXZ 00410210 f i GroupPool.obj
 0001:0000f2b0       ?find@?$hashtable@Vword@chen@@PAVGroup@@@chen@@QAEPAPAVGroup@@ABVword@2@@Z 004102b0 f i GroupPool.obj
 0001:0000f320       ?clearnodes@?$hashtable@Vword@chen@@PAVGroup@@@chen@@IAEXXZ 00410320 f i GroupPool.obj
 0001:0000f390       ?findnext@?$hashnode@Vword@chen@@PAVGroup@@@chen@@QAE_NAAV?$hashelement@Vword@chen@@PAVGroup@@@2@PAPAV32@@Z 00410390 f i GroupPool.obj
 0001:0000f440       ?erase@?$hashnode@Vword@chen@@PAVGroup@@@chen@@QAE_NABVword@2@@Z 00410440 f i GroupPool.obj
 0001:0000f550       ?_Insert_n@?$vector@PAV?$hashnode@Vword@chen@@PAVGroup@@@chen@@V?$allocator@PAV?$hashnode@Vword@chen@@PAVGroup@@@chen@@@std@@@std@@IAEXViterator@12@IABQAV?$hashnode@Vword@chen@@PAVGroup@@@chen@@@Z 00410550 f i GroupPool.obj
 0001:0000f740       ?GetGroupData@GroupPool@@QAE_NVword@chen@@PADAAI@Z 00410740 f   GroupPool.obj
 0001:0000f830       ??1?$hashtable@Vword@chen@@PAVGroup@@@chen@@QAE@XZ 00410830 f i GroupPool.obj
 0001:0000f890       ?erase@?$hashtable@Vword@chen@@PAVGroup@@@chen@@QAE_NABVword@2@@Z 00410890 f i GroupPool.obj
 0001:0000f930       ?findnext@?$hashtable@Vword@chen@@PAVGroup@@@chen@@QAE_NAAViterator@12@@Z 00410930 f i GroupPool.obj
 0001:0000f9d0       ?resize@?$vector@PAV?$hashnode@Vword@chen@@PAVGroup@@@chen@@V?$allocator@PAV?$hashnode@Vword@chen@@PAVGroup@@@chen@@@std@@@std@@QAEXIPAV?$hashnode@Vword@chen@@PAVGroup@@@chen@@@Z 004109d0 f i GroupPool.obj
 0001:0000fa60       ?GetRawDataSize@GroupPool@@UAEIXZ 00410a60 f   GroupPool.obj
 0001:0000fac0       ?GetRawData@GroupPool@@UAEPADPADI@Z 00410ac0 f   GroupPool.obj
 0001:0000fbb0       ?DeleteGroup@GroupPool@@QAE_NVword@chen@@@Z 00410bb0 f   GroupPool.obj
 0001:0000fca0       ??0?$hashtable@Vword@chen@@PAVGroup@@@chen@@QAE@XZ 00410ca0 f i GroupPool.obj
 0001:0000fcf0       ?insert@?$hashtable@Vword@chen@@PAVGroup@@@chen@@QAEAAPAVGroup@@ABVword@2@ABQAV3@@Z 00410cf0 f i GroupPool.obj
 0001:0000fde0       ??0GroupPool@@QAE@Vword@chen@@@Z 00410de0 f   GroupPool.obj
 0001:0000feb0       ?CreateObjectByRawData@GroupPool@@UAEHPBDI@Z 00410eb0 f   GroupPool.obj
 0001:00010060       ?push@GroupPool@@QAE_NPAVGroup@@@Z 00411060 f   GroupPool.obj
 0001:00010170       ?PushData@GroupPool@@QAE_NPBDI@Z 00411170 f   GroupPool.obj
 0001:00010240       ??0Monitor@@QAE@XZ         00411240 f   Monitor.obj
 0001:000102f0       ??1Monitor@@QAE@XZ         004112f0 f   Monitor.obj
 0001:00010380       ?GetRawDataSize@Monitor@@UAEIXZ 00411380 f   Monitor.obj
 0001:000103e0       ?GetRawData@Monitor@@UAEPADPADI@Z 004113e0 f   Monitor.obj
 0001:00010540       ?CreateObjectByRawData@Monitor@@UAEHPBDI@Z 00411540 f   Monitor.obj
 0001:000106d0       ?Load@MonitorPool@@UAE_NXZ 004116d0 f   MonitorPool.obj
 0001:000107d0       ?Submit@MonitorPool@@UAE_NXZ 004117d0 f   MonitorPool.obj
 0001:00010900       ??0?$hashelement@Vword@chen@@PAVMonitor@@@chen@@QAE@ABVword@1@@Z 00411900 f i MonitorPool.obj
 0001:00010960       ??0?$hashelement@Vword@chen@@PAVMonitor@@@chen@@QAE@ABVword@1@ABQAVMonitor@@@Z 00411960 f i MonitorPool.obj
 0001:000109d0       ??1?$treenode@V?$hashelement@Vword@chen@@PAVMonitor@@@chen@@@chen@@UAE@XZ 004119d0 f i MonitorPool.obj
 0001:000109f0       ??_G?$treenode@V?$hashelement@Vword@chen@@PAVMonitor@@@chen@@@chen@@UAEPAXI@Z 004119f0 f i MonitorPool.obj
 0001:000109f0       ??_E?$treenode@V?$hashelement@Vword@chen@@PAVMonitor@@@chen@@@chen@@UAEPAXI@Z 004119f0 f i MonitorPool.obj
 0001:00010a10       ?_Xlen@?$vector@PAV?$hashnode@Vword@chen@@PAVMonitor@@@chen@@V?$allocator@PAV?$hashnode@Vword@chen@@PAVMonitor@@@chen@@@std@@@std@@IBEXXZ 00411a10 f i MonitorPool.obj
 0001:00010a90       ?CountNodes@?$sorttree@V?$hashelement@Vword@chen@@PAVMonitor@@@chen@@@chen@@AAEXPAV?$treenode@V?$hashelement@Vword@chen@@PAVMonitor@@@chen@@@2@AAK@Z 00411a90 f i MonitorPool.obj
 0001:00010ac0       ??M?$treenode@V?$hashelement@Vword@chen@@PAVMonitor@@@chen@@@chen@@QAE_NV01@@Z 00411ac0 f i MonitorPool.obj
 0001:00010b30       ??O?$treenode@V?$hashelement@Vword@chen@@PAVMonitor@@@chen@@@chen@@QAE_NV01@@Z 00411b30 f i MonitorPool.obj
 0001:00010ba0       ??0?$treenode@V?$hashelement@Vword@chen@@PAVMonitor@@@chen@@@chen@@QAE@ABV01@@Z 00411ba0 f i MonitorPool.obj
 0001:00010c20       ??0?$treenode@V?$hashelement@Vword@chen@@PAVMonitor@@@chen@@@chen@@QAE@ABV?$hashelement@Vword@chen@@PAVMonitor@@@1@@Z 00411c20 f i MonitorPool.obj
 0001:00010ca0       ?DeleteTree@?$sorttree@V?$hashelement@Vword@chen@@PAVMonitor@@@chen@@@chen@@QAEXPAV?$treenode@V?$hashelement@Vword@chen@@PAVMonitor@@@chen@@@2@@Z 00411ca0 f i MonitorPool.obj
 0001:00010cf0       ?RomoveNode@?$sorttree@V?$hashelement@Vword@chen@@PAVMonitor@@@chen@@@chen@@QAEXABV?$hashelement@Vword@chen@@PAVMonitor@@@2@@Z 00411cf0 f i MonitorPool.obj
 0001:00010e90       ?InsertNode@?$sorttree@V?$hashelement@Vword@chen@@PAVMonitor@@@chen@@@chen@@QAEXPAV?$treenode@V?$hashelement@Vword@chen@@PAVMonitor@@@chen@@@2@0@Z 00411e90 f i MonitorPool.obj
 0001:00010f20       ?findnode@?$sorttree@V?$hashelement@Vword@chen@@PAVEntity@@@chen@@@chen@@QAEPAV?$treenode@V?$hashelement@Vword@chen@@PAVEntity@@@chen@@@2@ABV?$hashelement@Vword@chen@@PAVEntity@@@2@PAV32@@Z 00411f20 f i EntityPool.obj
 0001:00010f20       ?findnode@?$sorttree@V?$hashelement@Vword@chen@@PAVMonitor@@@chen@@@chen@@QAEPAV?$treenode@V?$hashelement@Vword@chen@@PAVMonitor@@@chen@@@2@ABV?$hashelement@Vword@chen@@PAVMonitor@@@2@PAV32@@Z 00411f20 f i MonitorPool.obj
 0001:00010f20       ?findnode@?$sorttree@V?$hashelement@Vword@chen@@PAVSection@@@chen@@@chen@@QAEPAV?$treenode@V?$hashelement@Vword@chen@@PAVSection@@@chen@@@2@ABV?$hashelement@Vword@chen@@PAVSection@@@2@PAV32@@Z 00411f20 f i GeneralPool.obj
 0001:00010f20       ?findnode@?$sorttree@V?$hashelement@Vword@chen@@PAVEntityGroup@@@chen@@@chen@@QAEPAV?$treenode@V?$hashelement@Vword@chen@@PAVEntityGroup@@@chen@@@2@ABV?$hashelement@Vword@chen@@PAVEntityGroup@@@2@PAV32@@Z 00411f20 f i EntityGroupPool.obj
 0001:00010f20       ?findnode@?$sorttree@V?$hashelement@Vword@chen@@PAVQueue@@@chen@@@chen@@QAEPAV?$treenode@V?$hashelement@Vword@chen@@PAVQueue@@@chen@@@2@ABV?$hashelement@Vword@chen@@PAVQueue@@@2@PAV32@@Z 00411f20 f i DB.obj
 0001:00010f20       ?findnode@?$sorttree@V?$hashelement@Vword@chen@@PAVGeneralPool@@@chen@@@chen@@QAEPAV?$treenode@V?$hashelement@Vword@chen@@PAVGeneralPool@@@chen@@@2@ABV?$hashelement@Vword@chen@@PAVGeneralPool@@@2@PAV32@@Z 00411f20 f i WorkThread.obj
 0001:00010f20       ?findnode@?$sorttree@V?$hashelement@Vword@chen@@PAVEntityTemplet@@@chen@@@chen@@QAEPAV?$treenode@V?$hashelement@Vword@chen@@PAVEntityTemplet@@@chen@@@2@ABV?$hashelement@Vword@chen@@PAVEntityTemplet@@@2@PAV32@@Z 00411f20 f i EntityTempletPool.obj
 0001:00010f20       ?findnode@?$sorttree@V?$hashelement@Vword@chen@@PAVCommonData@@@chen@@@chen@@QAEPAV?$treenode@V?$hashelement@Vword@chen@@PAVCommonData@@@chen@@@2@ABV?$hashelement@Vword@chen@@PAVCommonData@@@2@PAV32@@Z 00411f20 f i GeneralPool.obj
 0001:00010f20       ?findnode@?$sorttree@V?$hashelement@Vword@chen@@PAVGroup@@@chen@@@chen@@QAEPAV?$treenode@V?$hashelement@Vword@chen@@PAVGroup@@@chen@@@2@ABV?$hashelement@Vword@chen@@PAVGroup@@@2@PAV32@@Z 00411f20 f i GroupPool.obj
 0001:00010f20       ?findnode@?$sorttree@V?$hashelement@Vword@chen@@PAVResource@@@chen@@@chen@@QAEPAV?$treenode@V?$hashelement@Vword@chen@@PAVResource@@@chen@@@2@ABV?$hashelement@Vword@chen@@PAVResource@@@2@PAV32@@Z 00411f20 f i ResourcePool.obj
 0001:00010f20       ?findnode@?$sorttree@V?$hashelement@Vword@chen@@PAVTable@@@chen@@@chen@@QAEPAV?$treenode@V?$hashelement@Vword@chen@@PAVTable@@@chen@@@2@ABV?$hashelement@Vword@chen@@PAVTable@@@2@PAV32@@Z 00411f20 f i DB.obj
 0001:00010f90       ?findnextnode@?$sorttree@V?$hashelement@Vword@chen@@PAVMonitor@@@chen@@@chen@@ABEPAV?$treenode@V?$hashelement@Vword@chen@@PAVMonitor@@@chen@@@2@AAV?$hashelement@Vword@chen@@PAVMonitor@@@2@AA_NPAV32@@Z 00411f90 f i MonitorPool.obj
 0001:00011000       ??$copy_backward@PAPAV?$hashnode@Vword@chen@@PAVEntity@@@chen@@PAPAV12@@std@@YAPAPAV?$hashnode@Vword@chen@@PAVEntity@@@chen@@PAPAV12@00@Z 00412000 f i EntityPool.obj
 0001:00011000       ??$copy_backward@PAPAV?$hashnode@Vword@chen@@PAVEntityGroup@@@chen@@PAPAV12@@std@@YAPAPAV?$hashnode@Vword@chen@@PAVEntityGroup@@@chen@@PAPAV12@00@Z 00412000 f i EntityGroupPool.obj
 0001:00011000       ??$copy_backward@PAPAV?$hashnode@Vword@chen@@PAVSection@@@chen@@PAPAV12@@std@@YAPAPAV?$hashnode@Vword@chen@@PAVSection@@@chen@@PAPAV12@00@Z 00412000 f i GeneralPool.obj
 0001:00011000       ??$copy_backward@PAPAVSVSE@@PAPAV1@@std@@YAPAPAVSVSE@@PAPAV1@00@Z 00412000 f i SvdbMain.obj
 0001:00011000       ??$copy_backward@PAPAV?$hashnode@Vword@chen@@PAVGroup@@@chen@@PAPAV12@@std@@YAPAPAV?$hashnode@Vword@chen@@PAVGroup@@@chen@@PAPAV12@00@Z 00412000 f i GroupPool.obj
 0001:00011000       ??$copy_backward@PAPAV?$hashnode@Vword@chen@@PAVMonitor@@@chen@@PAPAV12@@std@@YAPAPAV?$hashnode@Vword@chen@@PAVMonitor@@@chen@@PAPAV12@00@Z 00412000 f i MonitorPool.obj
 0001:00011000       ??$copy_backward@PAPAVDataType@@PAPAV1@@std@@YAPAPAVDataType@@PAPAV1@00@Z 00412000 f i DB.obj
 0001:00011000       ??$copy_backward@PAPAUSubPool@PagePool@@PAPAU12@@std@@YAPAPAUSubPool@PagePool@@PAPAU12@00@Z 00412000 f i PagePool.obj
 0001:00011000       ??$copy_backward@PAPAV?$hashnode@Vword@chen@@PAVCommonData@@@chen@@PAPAV12@@std@@YAPAPAV?$hashnode@Vword@chen@@PAVCommonData@@@chen@@PAPAV12@00@Z 00412000 f i GeneralPool.obj
 0001:00011000       ??$copy_backward@PAPAV?$hashnode@Vword@chen@@PAVGeneralPool@@@chen@@PAPAV12@@std@@YAPAPAV?$hashnode@Vword@chen@@PAVGeneralPool@@@chen@@PAPAV12@00@Z 00412000 f i SvdbMain.obj
 0001:00011000       ??$copy_backward@PAPAVPage@@PAPAV1@@std@@YAPAPAVPage@@PAPAV1@00@Z 00412000 f i PagePool.obj
 0001:00011000       ??$copy_backward@PAPAV?$hashnode@Vword@chen@@PAVQueue@@@chen@@PAPAV12@@std@@YAPAPAV?$hashnode@Vword@chen@@PAVQueue@@@chen@@PAPAV12@00@Z 00412000 f i DB.obj
 0001:00011000       ??$copy_backward@PAPAV?$hashnode@Vword@chen@@PAVEntityTemplet@@@chen@@PAPAV12@@std@@YAPAPAV?$hashnode@Vword@chen@@PAVEntityTemplet@@@chen@@PAPAV12@00@Z 00412000 f i EntityTempletPool.obj
 0001:00011000       ??$copy_backward@PAPAV?$hashnode@Vword@chen@@PAVTable@@@chen@@PAPAV12@@std@@YAPAPAV?$hashnode@Vword@chen@@PAVTable@@@chen@@PAPAV12@00@Z 00412000 f i DB.obj
 0001:00011000       ??$copy_backward@PAPAVMonitorTemplet@@PAPAV1@@std@@YAPAPAVMonitorTemplet@@PAPAV1@00@Z 00412000 f i MonitorTempletPool.obj
 0001:00011000       ??$copy_backward@PAPAV?$hashnode@Vword@chen@@PAVResource@@@chen@@PAPAV12@@std@@YAPAPAV?$hashnode@Vword@chen@@PAVResource@@@chen@@PAPAV12@00@Z 00412000 f i ResourcePool.obj
 0001:00011000       ??$copy_backward@PAPAV?$hashnode@Vword@chen@@V12@@chen@@PAPAV12@@std@@YAPAPAV?$hashnode@Vword@chen@@V12@@chen@@PAPAV12@00@Z 00412000 f i MonitorTempletPool.obj
 0001:00011030       ??$CreateNode@V?$hashelement@Vword@chen@@PAVMonitor@@@chen@@@?$sorttree@V?$hashelement@Vword@chen@@PAVMonitor@@@chen@@@chen@@SAPAV?$treenode@V?$hashelement@Vword@chen@@PAVMonitor@@@chen@@@1@ABV?$hashelement@Vword@chen@@PAVMonitor@@@1@@Z 00412030 f i MonitorPool.obj
 0001:00011090       ??_G?$sorttree@V?$hashelement@Vword@chen@@PAVMonitor@@@chen@@@chen@@UAEPAXI@Z 00412090 f i MonitorPool.obj
 0001:00011090       ??_E?$sorttree@V?$hashelement@Vword@chen@@PAVMonitor@@@chen@@@chen@@UAEPAXI@Z 00412090 f i MonitorPool.obj
 0001:000110f0       ?find@?$hashnode@Vword@chen@@PAVMonitor@@@chen@@QAE_NABVword@2@PAPAV?$hashelement@Vword@chen@@PAVMonitor@@@2@@Z 004120f0 f i MonitorPool.obj
 0001:000111c0       ?InsertNodeEx@?$sorttree@V?$hashelement@Vword@chen@@PAVMonitor@@@chen@@@chen@@QAEAAV?$hashelement@Vword@chen@@PAVMonitor@@@2@ABV32@@Z 004121c0 f i MonitorPool.obj
 0001:00011250       ??1?$hashnode@Vword@chen@@PAVMonitor@@@chen@@QAE@XZ 00412250 f i MonitorPool.obj
 0001:000112e0       ?insert@?$hashnode@Vword@chen@@PAVMonitor@@@chen@@QAEAAV?$hashelement@Vword@chen@@PAVMonitor@@@2@ABVword@2@ABQAVMonitor@@@Z 004122e0 f i MonitorPool.obj
 0001:000113c0       ?find@?$hashnode@Vword@chen@@PAVMonitor@@@chen@@QAE_NABVword@2@PAPAPAVMonitor@@@Z 004123c0 f i MonitorPool.obj
 0001:00011420       ?size@?$hashtable@Vword@chen@@PAVMonitor@@@chen@@QAEIXZ 00412420 f i MonitorPool.obj
 0001:000114c0       ?find@?$hashtable@Vword@chen@@PAVMonitor@@@chen@@QAEPAPAVMonitor@@ABVword@2@@Z 004124c0 f i MonitorPool.obj
 0001:00011530       ?clearnodes@?$hashtable@Vword@chen@@PAVMonitor@@@chen@@IAEXXZ 00412530 f i MonitorPool.obj
 0001:000115a0       ?findnext@?$hashnode@Vword@chen@@PAVMonitor@@@chen@@QAE_NAAV?$hashelement@Vword@chen@@PAVMonitor@@@2@PAPAV32@@Z 004125a0 f i MonitorPool.obj
 0001:00011650       ?erase@?$hashnode@Vword@chen@@PAVMonitor@@@chen@@QAE_NABVword@2@@Z 00412650 f i MonitorPool.obj
 0001:00011760       ?_Insert_n@?$vector@PAV?$hashnode@Vword@chen@@PAVMonitor@@@chen@@V?$allocator@PAV?$hashnode@Vword@chen@@PAVMonitor@@@chen@@@std@@@std@@IAEXViterator@12@IABQAV?$hashnode@Vword@chen@@PAVMonitor@@@chen@@@Z 00412760 f i MonitorPool.obj
 0001:00011950       ?GetMonitorData@MonitorPool@@QAE_NVword@chen@@PADAAI@Z 00412950 f   MonitorPool.obj
 0001:00011a40       ??1?$hashtable@Vword@chen@@PAVMonitor@@@chen@@QAE@XZ 00412a40 f i MonitorPool.obj
 0001:00011aa0       ?erase@?$hashtable@Vword@chen@@PAVMonitor@@@chen@@QAE_NABVword@2@@Z 00412aa0 f i MonitorPool.obj
 0001:00011b40       ?findnext@?$hashtable@Vword@chen@@PAVMonitor@@@chen@@QAE_NAAViterator@12@@Z 00412b40 f i MonitorPool.obj
 0001:00011be0       ?resize@?$vector@PAV?$hashnode@Vword@chen@@PAVMonitor@@@chen@@V?$allocator@PAV?$hashnode@Vword@chen@@PAVMonitor@@@chen@@@std@@@std@@QAEXIPAV?$hashnode@Vword@chen@@PAVMonitor@@@chen@@@Z 00412be0 f i MonitorPool.obj
 0001:00011c70       ?GetRawDataSize@MonitorPool@@UAEIXZ 00412c70 f   MonitorPool.obj
 0001:00011cd0       ?GetRawData@MonitorPool@@UAEPADPADI@Z 00412cd0 f   MonitorPool.obj
 0001:00011dc0       ?DeleteMonitor@MonitorPool@@QAE_NVword@chen@@@Z 00412dc0 f   MonitorPool.obj
 0001:00011eb0       ??0?$hashtable@Vword@chen@@PAVMonitor@@@chen@@QAE@XZ 00412eb0 f i MonitorPool.obj
 0001:00011f00       ?insert@?$hashtable@Vword@chen@@PAVMonitor@@@chen@@QAEAAPAVMonitor@@ABVword@2@ABQAV3@@Z 00412f00 f i MonitorPool.obj
 0001:00011ff0       ??0MonitorPool@@QAE@Vword@chen@@@Z 00412ff0 f   MonitorPool.obj
 0001:000120c0       ?CreateObjectByRawData@MonitorPool@@UAEHPBDI@Z 004130c0 f   MonitorPool.obj
 0001:00012270       ?push@MonitorPool@@QAE_NPAVMonitor@@@Z 00413270 f   MonitorPool.obj
 0001:00012380       ?PushData@MonitorPool@@QAE_NPBDI@Z 00413380 f   MonitorPool.obj
 0001:00012450       ?GetRawDataSize@MonitorTemplet@@UAEIXZ 00413450 f   MonitorTemplet.obj
 0001:000124f0       ?GetRawData@MonitorTemplet@@UAEPADPADI@Z 004134f0 f   MonitorTemplet.obj
 0001:000126f0       ??0MonitorTemplet@@QAE@XZ  004136f0 f   MonitorTemplet.obj
 0001:000127c0       ??1MonitorTemplet@@QAE@XZ  004137c0 f   MonitorTemplet.obj
 0001:00012970       ?CreateObjectByRawData@MonitorTemplet@@UAEHPBDI@Z 00413970 f   MonitorTemplet.obj
 0001:00012cb0       ?Load@MonitorTempletPool@@UAE_NXZ 00413cb0 f   MonitorTempletPool.obj
 0001:00012db0       ?Submit@MonitorTempletPool@@UAE_NXZ 00413db0 f   MonitorTempletPool.obj
 0001:00012ee0       ?_Xlen@?$vector@PAV?$hashnode@Vword@chen@@V12@@chen@@V?$allocator@PAV?$hashnode@Vword@chen@@V12@@chen@@@std@@@std@@IBEXXZ 00413ee0 f i MonitorTempletPool.obj
 0001:00012ee0       ?_Xlen@?$vector@PAVMonitorTemplet@@V?$allocator@PAVMonitorTemplet@@@std@@@std@@IBEXXZ 00413ee0 f i MonitorTempletPool.obj
 0001:00012f60       ??0?$hashelement@Vword@chen@@V12@@chen@@QAE@ABVword@1@0@Z 00413f60 f i MonitorTempletPool.obj
 0001:00012ff0       ??0?$treenode@V?$hashelement@Vword@chen@@V12@@chen@@@chen@@QAE@ABV?$hashelement@Vword@chen@@V12@@1@@Z 00413ff0 f i MonitorTempletPool.obj
 0001:00013090       ?DeleteTree@?$sorttree@V?$hashelement@Vword@chen@@V12@@chen@@@chen@@QAEXPAV?$treenode@V?$hashelement@Vword@chen@@V12@@chen@@@2@@Z 00414090 f i MonitorTempletPool.obj
 0001:000130e0       ??1?$treenode@V?$hashelement@Vword@chen@@V12@@chen@@@chen@@UAE@XZ 004140e0 f i MonitorTempletPool.obj
 0001:00013120       ??_G?$treenode@V?$hashelement@Vword@chen@@V12@@chen@@@chen@@UAEPAXI@Z 00414120 f i MonitorTempletPool.obj
 0001:00013120       ??_E?$treenode@V?$hashelement@Vword@chen@@V12@@chen@@@chen@@UAEPAXI@Z 00414120 f i MonitorTempletPool.obj
 0001:00013140       ??M?$treenode@V?$hashelement@Vword@chen@@V12@@chen@@@chen@@QAE_NV01@@Z 00414140 f i MonitorTempletPool.obj
 0001:000131c0       ??O?$treenode@V?$hashelement@Vword@chen@@V12@@chen@@@chen@@QAE_NV01@@Z 004141c0 f i MonitorTempletPool.obj
 0001:00013240       ??0?$treenode@V?$hashelement@Vword@chen@@V12@@chen@@@chen@@QAE@ABV01@@Z 00414240 f i MonitorTempletPool.obj
 0001:000132e0       ??$CreateNode@V?$hashelement@Vword@chen@@V12@@chen@@@?$sorttree@V?$hashelement@Vword@chen@@V12@@chen@@@chen@@SAPAV?$treenode@V?$hashelement@Vword@chen@@V12@@chen@@@1@ABV?$hashelement@Vword@chen@@V12@@1@@Z 004142e0 f i MonitorTempletPool.obj
[...]
 0001:00030ee8       $L80346                    00431ee8 f   WorkThread.obj
 0001:00030ee8       $L80555                    00431ee8 f   WorkThread.obj
 0001:00030ef1       $L80558                    00431ef1 f   WorkThread.obj
 0001:00030ef1       $L80349                    00431ef1 f   WorkThread.obj
 0001:00030ef9       $L80560                    00431ef9 f   WorkThread.obj
 0001:00030ef9       $L80351                    00431ef9 f   WorkThread.obj
 0001:00030f01       __ehhandler$?DeleteSubGroupID@SVSEPool@@QAE_NVword@chen@@@Z 00431f01 f   WorkThread.obj
 0001:00030f01       __ehhandler$?DeleteSubEntityID@SVSEPool@@QAE_NVword@chen@@@Z 00431f01 f   WorkThread.obj
 0001:00030f10       $L81327                    00431f10 f   WorkThread.obj
 0001:00030f10       $L82017                    00431f10 f   WorkThread.obj
 0001:00030f18       $L82018                    00431f18 f   WorkThread.obj
 0001:00030f18       $L81328                    00431f18 f   WorkThread.obj
 0001:00030f21       $L81330                    00431f21 f   WorkThread.obj
 0001:00030f21       $L82020                    00431f21 f   WorkThread.obj
 0001:00030f3a       __ehhandler$?GetNextSubID@EntityPool@@QAE?AVword@chen@@V23@@Z 00431f3a f   WorkThread.obj
 0001:00030f3a       __ehhandler$?GetNextSubID@GroupPool@@QAE?AVword@chen@@V23@@Z 00431f3a f   WorkThread.obj
 0001:00030f50       $L81368                    00431f50 f   WorkThread.obj
 0001:00030f50       $L82055                    00431f50 f   WorkThread.obj
 0001:00030f50       $L81486                    00431f50 f   WorkThread.obj
 0001:00030f50       $L86524                    00431f50 f   WorkThread.obj
 0001:00030f58       $L82056                    00431f58 f   WorkThread.obj
 0001:00030f58       $L81487                    00431f58 f   WorkThread.obj
 0001:00030f58       $L86525                    00431f58 f   WorkThread.obj
 0001:00030f58       $L81369                    00431f58 f   WorkThread.obj
 0001:00030f60       $L81488                    00431f60 f   WorkThread.obj
 0001:00030f60       $L82057                    00431f60 f   WorkThread.obj
 0001:00030f60       $L81370                    00431f60 f   WorkThread.obj
 0001:00030f60       $L86526                    00431f60 f   WorkThread.obj
 0001:00030f69       __ehhandler$?PutSubGroup@GroupPool@@QAE_NVword@chen@@0@Z 00431f69 f   WorkThread.obj
 0001:00030f69       __ehhandler$?DeleteKey@GeneralPool@@QAE_NVword@chen@@0@Z 00431f69 f   WorkThread.obj
 0001:00030f69       __ehhandler$?PutSubMonitor@EntityPool@@QAE_NVword@chen@@0@Z 00431f69 f   WorkThread.obj
 0001:00030f69       __ehhandler$?PutSubEntity@GroupPool@@QAE_NVword@chen@@0@Z 00431f69 f   WorkThread.obj
 0001:00030f80       $L82191                    00431f80 f   WorkThread.obj
 0001:00030f80       $L81681                    00431f80 f   WorkThread.obj
 0001:00030f80       $L81622                    00431f80 f   WorkThread.obj
 0001:00030f88       $L82192                    00431f88 f   WorkThread.obj
 0001:00030f88       $L81682                    00431f88 f   WorkThread.obj
 0001:00030f88       $L81623                    00431f88 f   WorkThread.obj
 0001:00030f91       $L81625                    00431f91 f   WorkThread.obj
 0001:00030f91       $L81684                    00431f91 f   WorkThread.obj
 0001:00030f91       $L82194                    00431f91 f   WorkThread.obj
 0001:00030f99       __ehhandler$?DeleteSubEntityID@GroupPool@@QAE_NVword@chen@@@Z 00431f99 f   WorkThread.obj
 0001:00030f99       __ehhandler$?DeleteSubGroupID@GroupPool@@QAE_NVword@chen@@@Z 00431f99 f   WorkThread.obj
 0001:00030f99       __ehhandler$?DeleteSubMonitorID@EntityPool@@QAE_NVword@chen@@@Z 00431f99 f   WorkThread.obj
 0001:00030fb0       $L81308                    00431fb0 f   WorkThread.obj
 0001:00030fb0       $L82803                    00431fb0 f   WorkThread.obj
 0001:00030fb0       $L82834                    00431fb0 f   WorkThread.obj
 0001:00030fb0       $L81741                    00431fb0 f   WorkThread.obj
 0001:00030fb0       $L81602                    00431fb0 f   WorkThread.obj
 0001:00030fb0       $L81051                    00431fb0 f   WorkThread.obj
 0001:00030fb0       $L79331                    00431fb0 f   WorkThread.obj
 0001:00030fb0       $L80790                    00431fb0 f   WorkThread.obj
 0001:00030fb0       $L86284                    00431fb0 f   WorkThread.obj
 0001:00030fb0       $L80757                    00431fb0 f   WorkThread.obj
 0001:00030fb0       $L89005                    00431fb0 f   WorkThread.obj
 0001:00030fb0       $L79592                    00431fb0 f   WorkThread.obj
 0001:00030fb8       __ehhandler$?Find@GroupPool@@QAE_NVword@chen@@@Z 00431fb8 f   WorkThread.obj
 0001:00030fb8       __ehhandler$?DeleteSubEntityID@SVSE@@QAE_NVword@chen@@@Z 00431fb8 f   WorkThread.obj
 0001:00030fb8       __ehhandler$?DeleteSubGroupID@SVSE@@QAE_NVword@chen@@@Z 00431fb8 f   WorkThread.obj
 0001:00030fb8       __ehhandler$?DeleteSubEntityID@Group@@QAE_NVword@chen@@@Z 00431fb8 f   WorkThread.obj
 0001:00030fb8       __ehhandler$?DeleteSubMonitorID@Entity@@QAE_NVword@chen@@@Z 00431fb8 f   WorkThread.obj
 0001:00030fb8       __ehhandler$?DeleteSubGroupID@Group@@QAE_NVword@chen@@@Z 00431fb8 f   WorkThread.obj
 0001:00030fb8       __ehhandler$?GetEntityGroup@EntityGroupPool@@QAE_NVword@chen@@PADAAI@Z 00431fb8 f   WorkThread.obj
 0001:00030fb8       __ehhandler$?GetGroup@GroupPool@@QAEPAVGroup@@Vword@chen@@@Z 00431fb8 f   WorkThread.obj
 0001:00030fb8       __ehhandler$?GetEntityTemplet@EntityTempletPool@@QAE_NVword@chen@@PADAAI@Z 00431fb8 f   WorkThread.obj
 0001:00030fb8       __ehhandler$?GetResourceData@ResourcePool@@QAE_NVword@chen@@PADAAI@Z 00431fb8 f   WorkThread.obj
 0001:00030fb8       __ehhandler$?GetSection@GeneralPool@@QAE_NVword@chen@@PADAAI@Z 00431fb8 f   WorkThread.obj
 0001:00030fb8       __ehhandler$?Delete@Section@@QAE_NVword@chen@@@Z 00431fb8 f   WorkThread.obj
 0001:00030fd0       $L86049                    00431fd0 f   WorkThread.obj
 0001:00030fd9       __ehhandler$?push@SVSEPool@@QAE_NPAVSVSE@@@Z 00431fd9 f   WorkThread.obj
 0001:00030ff0       $L86253                    00431ff0 f   WorkThread.obj
 0001:00030ff9       $L86254                    00431ff9 f   WorkThread.obj
 0001:00031004       __ehhandler$?PushData@SVSEPool@@QAE_NPBDI@Z 00432004 f   WorkThread.obj
 0001:00031010       $L86569                    00432010 f   WorkThread.obj
 0001:00031018       $L86570                    00432018 f   WorkThread.obj
 0001:00031021       __ehhandler$?DeleteSection@GeneralPool@@QAE_NVword@chen@@@Z 00432021 f   WorkThread.obj
 0001:00031030       $L86861                    00432030 f   WorkThread.obj
 0001:00031030       $L86813                    00432030 f   WorkThread.obj
 0001:00031038       $L86862                    00432038 f   WorkThread.obj
 0001:00031038       $L86814                    00432038 f   WorkThread.obj
 0001:00031041       __ehhandler$?DeleteEntityTemplet@EntityTempletPool@@QAE_NVword@chen@@@Z 00432041 f   WorkThread.obj
 0001:00031041       __ehhandler$?DeleteEntityGroup@EntityGroupPool@@QAE_NVword@chen@@@Z 00432041 f   WorkThread.obj
 0001:00031050       $L87892                    00432050 f   WorkThread.obj
 0001:00031050       $L90866                    00432050 f   WorkThread.obj
 0001:00031050       $L90827                    00432050 f   WorkThread.obj
 0001:00031058       __ehhandler$?ProcessMonitorTemplet@WorkThread@@IAEXXZ 00432058 f   WorkThread.obj
 0001:00031058       __ehhandler$?ProcessEntityTemplet@WorkThread@@IAEXXZ 00432058 f   WorkThread.obj
 0001:00031058       __ehhandler$?ProcessEntityGroup@WorkThread@@IAEXXZ 00432058 f   WorkThread.obj
 0001:00031070       $L87970                    00432070 f   WorkThread.obj
 0001:00031078       $L87971                    00432078 f   WorkThread.obj
 0001:00031080       $L87967                    00432080 f   WorkThread.obj
 0001:00031088       $L87968                    00432088 f   WorkThread.obj
 0001:00031090       $L87975                    00432090 f   WorkThread.obj
 0001:00031098       $L87962                    00432098 f   WorkThread.obj
 0001:000310a0       $L87964                    004320a0 f   WorkThread.obj
 0001:000310a8       __ehhandler$?ProcessDBQuery@WorkThread@@IAEXXZ 004320a8 f   WorkThread.obj
 0001:000310c0       $L88187                    004320c0 f   WorkThread.obj
 0001:000310c8       __ehhandler$?ProcessQueueQuery@WorkThread@@IAEXXZ 004320c8 f   WorkThread.obj
 0001:000310e0       $L88355                    004320e0 f   WorkThread.obj
 0001:000310e8       $L88358                    004320e8 f   WorkThread.obj
 0001:000310f0       $L88359                    004320f0 f   WorkThread.obj
 0001:000310f8       __ehhandler$?GetInfoBySE@MonitorPool@@QAE_NHVword@chen@@AAVStringMap@@@Z 004320f8 f   WorkThread.obj
 0001:00031110       $L88450                    00432110 f   WorkThread.obj
 0001:00031118       $L88451                    00432118 f   WorkThread.obj
 0001:00031123       $L88452                    00432123 f   WorkThread.obj
 0001:0003112b       __ehhandler$?GetInfo@SVSEPool@@QAE_NVword@chen@@AAVStringMap@@@Z 0043212b f   WorkThread.obj
 0001:00031140       $L88651                    00432140 f   WorkThread.obj
 0001:00031148       $L88652                    00432148 f   WorkThread.obj
 0001:00031150       __ehhandler$?GetInfo@ResourcePool@@QAE_NVword@chen@@AAVStringMap@@@Z 00432150 f   WorkThread.obj
 0001:00031160       $L89460                    00432160 f   WorkThread.obj
 0001:00031160       $L88705                    00432160 f   WorkThread.obj
 0001:00031160       $L89389                    00432160 f   WorkThread.obj
 0001:00031160       $L88776                    00432160 f   WorkThread.obj
 0001:00031160       $L88280                    00432160 f   WorkThread.obj
 0001:00031168       $L88281                    00432168 f   WorkThread.obj
 0001:00031168       $L88706                    00432168 f   WorkThread.obj
 0001:00031168       $L89390                    00432168 f   WorkThread.obj
 0001:00031168       $L88777                    00432168 f   WorkThread.obj
 0001:00031168       $L89461                    00432168 f   WorkThread.obj
 0001:00031170       $L88778                    00432170 f   WorkThread.obj
 0001:00031170       $L88282                    00432170 f   WorkThread.obj
 0001:00031170       $L89391                    00432170 f   WorkThread.obj
 0001:00031170       $L88707                    00432170 f   WorkThread.obj
 0001:00031170       $L89462                    00432170 f   WorkThread.obj
 0001:00031178       __ehhandler$?GetInfo@EntityTempletPool@@QAE_NVword@chen@@AAVStringMap@@@Z 00432178 f   WorkThread.obj
 0001:00031178       __ehhandler$?GetInfo@MonitorPool@@QAE_NVword@chen@@AAVStringMap@@@Z 00432178 f   WorkThread.obj
 0001:00031178       __ehhandler$?GetInfo@GroupPool@@QAE_NVword@chen@@AAVStringMap@@@Z 00432178 f   WorkThread.obj
 0001:00031178       __ehhandler$?GetInfo@EntityPool@@QAE_NVword@chen@@AAVStringMap@@@Z 00432178 f   WorkThread.obj
 0001:00031178       __ehhandler$?GetInfo@EntityGroupPool@@QAE_NVword@chen@@AAVStringMap@@@Z 00432178 f   WorkThread.obj
 0001:00031190       $L89063                    00432190 f   WorkThread.obj
 0001:00031199       $L89064                    00432199 f   WorkThread.obj
 0001:000311a1       $L89065                    004321a1 f   WorkThread.obj
 0001:000311a9       $L89066                    004321a9 f   WorkThread.obj
 0001:000311b1       $L89067                    004321b1 f   WorkThread.obj
 0001:000311b9       __ehhandler$?Push@GeneralPool@@QAE_NPAVSection@@@Z 004321b9 f   WorkThread.obj
 0001:000311d0       $L89350                    004321d0 f   WorkThread.obj
 0001:000311d9       $L89351                    004321d9 f   WorkThread.obj
 0001:000311e4       $L89352                    004321e4 f   WorkThread.obj
 0001:000311ec       __ehhandler$?Push@GeneralPool@@QAE_NPBDIAAV?$basic_string@DU?$char_traits@D@std@@V?$allocator@D@2@@std@@@Z 004321ec f   WorkThread.obj
 0001:00031200       $L89574                    00432200 f   WorkThread.obj
 0001:00031209       $L89575                    00432209 f   WorkThread.obj
 0001:00031212       $L89569                    00432212 f   WorkThread.obj
 0001:0003121b       $L89570                    0043221b f   WorkThread.obj
 0001:00031224       $L89577                    00432224 f   WorkThread.obj
 0001:0003122f       $L89578                    0043222f f   WorkThread.obj
 0001:00031237       $L89581                    00432237 f   WorkThread.obj
 0001:0003123f       $L89583                    0043223f f   WorkThread.obj
 0001:00031247       $L89585                    00432247 f   WorkThread.obj
 0001:00031250       $L89586                    00432250 f   WorkThread.obj
 0001:00031259       $L89590                    00432259 f   WorkThread.obj
 0001:00031261       $L89588                    00432261 f   WorkThread.obj
 0001:00031269       __ehhandler$?ProcessMonitor@WorkThread@@IAEXXZ 00432269 f   WorkThread.obj
 0001:00031280       $L89879                    00432280 f   WorkThread.obj
 0001:00031280       $L89731                    00432280 f   WorkThread.obj
 0001:00031289       $L89880                    00432289 f   WorkThread.obj
 0001:00031289       $L89732                    00432289 f   WorkThread.obj
 0001:00031292       $L89897                    00432292 f   WorkThread.obj
 0001:00031292       $L89749                    00432292 f   WorkThread.obj
 0001:0003129a       $L89734                    0043229a f   WorkThread.obj
 0001:0003129a       $L89882                    0043229a f   WorkThread.obj
 0001:000312a5       $L89735                    004322a5 f   WorkThread.obj
 0001:000312a5       $L89883                    004322a5 f   WorkThread.obj
 0001:000312ad       $L89886                    004322ad f   WorkThread.obj
 0001:000312ad       $L89738                    004322ad f   WorkThread.obj
 0001:000312b5       $L89888                    004322b5 f   WorkThread.obj
 0001:000312b5       $L89740                    004322b5 f   WorkThread.obj
 0001:000312bd       $L89891                    004322bd f   WorkThread.obj
 0001:000312bd       $L89743                    004322bd f   WorkThread.obj
 0001:000312c5       $L89894                    004322c5 f   WorkThread.obj
 0001:000312c5       $L89746                    004322c5 f   WorkThread.obj
 0001:000312ce       $L89895                    004322ce f   WorkThread.obj
 0001:000312ce       $L89747                    004322ce f   WorkThread.obj
 0001:000312d7       __ehhandler$?ProcessGroup@WorkThread@@IAEXXZ 004322d7 f   WorkThread.obj
 0001:000312d7       __ehhandler$?ProcessEntity@WorkThread@@IAEXXZ 004322d7 f   WorkThread.obj
 0001:000312f0       $L89979                    004322f0 f   WorkThread.obj
 0001:000312f8       $L89980                    004322f8 f   WorkThread.obj
 0001:00031300       $L89984                    00432300 f   WorkThread.obj
 0001:00031308       __ehhandler$?ProcessResource@WorkThread@@IAEXXZ 00432308 f   WorkThread.obj
 0001:00031320       $L90042                    00432320 f   WorkThread.obj
 0001:00031328       $L90041                    00432328 f   WorkThread.obj
 0001:00031333       __ehhandler$?ProcessSVSE@WorkThread@@IAEXXZ 00432333 f   WorkThread.obj
 0001:00031340       $L90127                    00432340 f   WorkThread.obj
 0001:00031349       $L90128                    00432349 f   WorkThread.obj
 0001:00031352       $L90129                    00432352 f   WorkThread.obj
 0001:0003135b       $L90132                    0043235b f   WorkThread.obj
 0001:00031364       $L90133                    00432364 f   WorkThread.obj
 0001:0003136d       $L90135                    0043236d f   WorkThread.obj
 0001:00031375       $L90136                    00432375 f   WorkThread.obj
 0001:0003137e       $L90137                    0043237e f   WorkThread.obj
 0001:00031389       $L90138                    00432389 f   WorkThread.obj
 0001:00031391       $L90142                    00432391 f   WorkThread.obj
 0001:00031399       $L90144                    00432399 f   WorkThread.obj
 0001:000313a2       $L90145                    004323a2 f   WorkThread.obj
 0001:000313ab       __ehhandler$?ProcessTask@WorkThread@@IAEXXZ 004323ab f   WorkThread.obj
 0001:000313c0       $L90358                    004323c0 f   WorkThread.obj
 0001:000313cb       $L90359                    004323cb f   WorkThread.obj
 0001:000313d6       $L90363                    004323d6 f   WorkThread.obj
 0001:000313e1       $L90365                    004323e1 f   WorkThread.obj
 0001:000313ef       $L90368                    004323ef f   WorkThread.obj
 0001:000313fb       $L90369                    004323fb f   WorkThread.obj
 0001:00031409       $L90371                    00432409 f   WorkThread.obj
 0001:00031414       $L90372                    00432414 f   WorkThread.obj
 0001:00031422       $L90360                    00432422 f   WorkThread.obj
 0001:00031430       $L90362                    00432430 f   WorkThread.obj
 0001:0003143b       $L90392                    0043243b f   WorkThread.obj
 0001:00031447       $L90398                    00432447 f   WorkThread.obj
 0001:00031452       $L90396                    00432452 f   WorkThread.obj
 0001:0003145d       $L90393                    0043245d f   WorkThread.obj
 0001:00031468       $L90394                    00432468 f   WorkThread.obj
 0001:00031473       $L90400                    00432473 f   WorkThread.obj
 0001:0003147f       $L90401                    0043247f f   WorkThread.obj
 0001:0003148b       $L90402                    0043248b f   WorkThread.obj
 0001:00031497       $L90374                    00432497 f   WorkThread.obj
 0001:000314a3       $L90375                    004324a3 f   WorkThread.obj
 0001:000314ae       $L90376                    004324ae f   WorkThread.obj
 0001:000314b9       $L90378                    004324b9 f   WorkThread.obj
 0001:000314c4       $L90379                    004324c4 f   WorkThread.obj
 0001:000314cf       $L90381                    004324cf f   WorkThread.obj
 0001:000314da       $L90383                    004324da f   WorkThread.obj
 0001:000314e5       $L90385                    004324e5 f   WorkThread.obj
 0001:000314f0       $L90387                    004324f0 f   WorkThread.obj
 0001:000314fb       $L90388                    004324fb f   WorkThread.obj
 0001:00031506       $L90390                    00432506 f   WorkThread.obj
 0001:00031511       $L90404                    00432511 f   WorkThread.obj
 0001:0003151d       $L90406                    0043251d f   WorkThread.obj
 0001:00031528       $L90408                    00432528 f   WorkThread.obj
 0001:00031534       $L90409                    00432534 f   WorkThread.obj
 0001:00031540       $L90410                    00432540 f   WorkThread.obj
 0001:0003154c       $L90412                    0043254c f   WorkThread.obj
 0001:00031558       $L90415                    00432558 f   WorkThread.obj
 0001:00031563       $L90416                    00432563 f   WorkThread.obj
 0001:0003156e       $L90413                    0043256e f   WorkThread.obj
 0001:00031579       $L90418                    00432579 f   WorkThread.obj
 0001:00031585       $L90419                    00432585 f   WorkThread.obj
 0001:00031591       $L90420                    00432591 f   WorkThread.obj
 0001:0003159d       __ehhandler$?ProcessIniFile@WorkThread@@IAEXXZ 0043259d f   WorkThread.obj
 0001:000315b0       _$E1                       004325b0 f   svdb.obj
 0001:000315d0       _$E2                       004325d0 f   svdb.obj
